###############################################################################
#
# IAR ELF Linker V9.60.3.422/W64 for ARM                  01/Apr/2025  22:47:30
# Copyright 2007-2024 IAR Systems AB.
#
#    Output file  =
#        C:\Users\thang\Desktop\C_Programming\Cmake_Stmf103\C6T6\EWARM\456\Exe\456.out
#    Map file     =
#        C:\Users\thang\Desktop\C_Programming\Cmake_Stmf103\C6T6\EWARM\456\List\456.map
#    Command line =
#        -f
#        C:\Users\thang\Desktop\C_Programming\Cmake_Stmf103\C6T6\EWARM\456\Exe\456.out.rsp
#        (C:\Users\thang\Desktop\C_Programming\Cmake_Stmf103\C6T6\EWARM\456\Obj\Core_13247989168731456611.dir\main.o
#        C:\Users\thang\Desktop\C_Programming\Cmake_Stmf103\C6T6\EWARM\456\Obj\EWARM_18443280873093131863.dir\startup_stm32f103xb.o
#        C:\Users\thang\Desktop\C_Programming\Cmake_Stmf103\C6T6\EWARM\456\Obj\STM32F1xx_HAL_Driver_9701002599162248031.dir\stm32f1xx_hal.o
#        C:\Users\thang\Desktop\C_Programming\Cmake_Stmf103\C6T6\EWARM\456\Obj\STM32F1xx_HAL_Driver_9701002599162248031.dir\stm32f1xx_hal_cortex.o
#        C:\Users\thang\Desktop\C_Programming\Cmake_Stmf103\C6T6\EWARM\456\Obj\STM32F1xx_HAL_Driver_9701002599162248031.dir\stm32f1xx_hal_dma.o
#        C:\Users\thang\Desktop\C_Programming\Cmake_Stmf103\C6T6\EWARM\456\Obj\STM32F1xx_HAL_Driver_9701002599162248031.dir\stm32f1xx_hal_exti.o
#        C:\Users\thang\Desktop\C_Programming\Cmake_Stmf103\C6T6\EWARM\456\Obj\STM32F1xx_HAL_Driver_9701002599162248031.dir\stm32f1xx_hal_flash.o
#        C:\Users\thang\Desktop\C_Programming\Cmake_Stmf103\C6T6\EWARM\456\Obj\STM32F1xx_HAL_Driver_9701002599162248031.dir\stm32f1xx_hal_flash_ex.o
#        C:\Users\thang\Desktop\C_Programming\Cmake_Stmf103\C6T6\EWARM\456\Obj\STM32F1xx_HAL_Driver_9701002599162248031.dir\stm32f1xx_hal_gpio.o
#        C:\Users\thang\Desktop\C_Programming\Cmake_Stmf103\C6T6\EWARM\456\Obj\STM32F1xx_HAL_Driver_9701002599162248031.dir\stm32f1xx_hal_gpio_ex.o
#        C:\Users\thang\Desktop\C_Programming\Cmake_Stmf103\C6T6\EWARM\456\Obj\Core_13247989168731456611.dir\stm32f1xx_hal_msp.o
#        C:\Users\thang\Desktop\C_Programming\Cmake_Stmf103\C6T6\EWARM\456\Obj\STM32F1xx_HAL_Driver_9701002599162248031.dir\stm32f1xx_hal_pwr.o
#        C:\Users\thang\Desktop\C_Programming\Cmake_Stmf103\C6T6\EWARM\456\Obj\STM32F1xx_HAL_Driver_9701002599162248031.dir\stm32f1xx_hal_rcc.o
#        C:\Users\thang\Desktop\C_Programming\Cmake_Stmf103\C6T6\EWARM\456\Obj\STM32F1xx_HAL_Driver_9701002599162248031.dir\stm32f1xx_hal_rcc_ex.o
#        C:\Users\thang\Desktop\C_Programming\Cmake_Stmf103\C6T6\EWARM\456\Obj\Core_13247989168731456611.dir\stm32f1xx_it.o
#        C:\Users\thang\Desktop\C_Programming\Cmake_Stmf103\C6T6\EWARM\456\Obj\CMSIS_6603591812247902717.dir\system_stm32f1xx.o
#        --no_out_extension -o
#        C:\Users\thang\Desktop\C_Programming\Cmake_Stmf103\C6T6\EWARM\456\Exe\456.out
#        --redirect _Printf=_PrintfFullNoMb --redirect _Scanf=_ScanfFullNoMb
#        --map
#        C:\Users\thang\Desktop\C_Programming\Cmake_Stmf103\C6T6\EWARM\456\List\456.map
#        --config
#        C:\Users\thang\Desktop\C_Programming\Cmake_Stmf103\C6T6\EWARM/stm32f103xb_flash.icf
#        --semihosting --entry __iar_program_start --vfe --text_out locale
#        --cpu=Cortex-M3 --fpu=None) --dependencies=n
#        C:\Users\thang\Desktop\C_Programming\Cmake_Stmf103\C6T6\EWARM\456\Exe\456.out.iar_deps
#
###############################################################################

*******************************************************************************
*** RUNTIME MODEL ATTRIBUTES
***

CppFlavor       = *
__CPP_Runtime   = 1
__SystemLibrary = DLib
__dlib_version  = 6


*******************************************************************************
*** HEAP SELECTION
***

The basic heap was selected because --advanced_heap
was not specified and the application did not appear to
be primarily optimized for speed.


*******************************************************************************
*** PLACEMENT SUMMARY
***

"A0":  place at address 0x800'0000 { ro section .intvec };
"P1":  place in [from 0x800'0000 to 0x801'ffff] { ro };
define block CSTACK with size = 1K, alignment = 8 { };
define block HEAP with size = 512, alignment = 8 { };
"P2":  place in [from 0x2000'0000 to 0x2000'4fff] {
          rw, block CSTACK, block HEAP };
initialize by copy { rw };

  Section            Kind         Address  Alignment   Size  Object
  -------            ----         -------  ---------   ----  ------
"A0":                                                  0xec
  .intvec            ro code   0x800'0000          4   0xec  startup_stm32f103xb.o [3]
                             - 0x800'00ec              0xec

"P1":                                                 0xa68
  .text              ro code   0x800'00ec          4  0x47a  stm32f1xx_hal_rcc.o [4]
  .text              ro code   0x800'0566          2   0x2a  copy_init3.o [6]
  .text              ro code   0x800'0590          4    0xc  stm32f1xx_hal.o [4]
  .text              ro code   0x800'059c          4   0x40  stm32f1xx_hal.o [4]
  .text              ro code   0x800'05dc          4   0xa0  stm32f1xx_hal_cortex.o [4]
  .text              ro code   0x800'067c          4  0x1dc  stm32f1xx_hal_gpio.o [4]
  .text              ro code   0x800'0858          4   0xde  main.o [2]
  .text              ro code   0x800'0938          4   0x24  stm32f1xx_hal.o [4]
  .text              ro code   0x800'095c          4   0x12  ABImemset_small.o [6]
  .text              ro code   0x800'0970          4   0x40  stm32f1xx_hal_msp.o [2]
  .text              ro code   0x800'09b0          4   0x28  data_init.o [6]
  .iar.init_table    const     0x800'09d8          4   0x14  - Linker created -
  .text              ro code   0x800'09ec          4   0x1e  cmain.o [6]
  .text              ro code   0x800'0a0a          2    0x4  low_level_init.o [5]
  .text              ro code   0x800'0a0e          2    0x4  exit.o [5]
  .text              ro code   0x800'0a14          4    0xa  cexit.o [6]
  .text              ro code   0x800'0a20          4   0x14  exit.o [7]
  .text              ro code   0x800'0a34          4   0x1c  cstartup_M.o [6]
  .text              ro code   0x800'0a50          2   0x14  stm32f1xx_it.o [2]
  .text              ro code   0x800'0a64          4   0x10  stm32f1xx_hal.o [4]
  .text              ro code   0x800'0a74          4   0x14  system_stm32f1xx.o [1]
  .text              ro code   0x800'0a88          4   0x10  startup_stm32f103xb.o [3]
  Initializer bytes  const     0x800'0a98          4   0x10  <for P2-1>
  .text              ro code   0x800'0aa8          2    0x4  startup_stm32f103xb.o [3]
  .text              ro code   0x800'0aac          2    0x4  startup_stm32f103xb.o [3]
  .text              ro code   0x800'0ab0          2    0x4  startup_stm32f103xb.o [3]
  .text              ro code   0x800'0ab4          2    0x4  startup_stm32f103xb.o [3]
  .text              ro code   0x800'0ab8          2    0x4  startup_stm32f103xb.o [3]
  .text              ro code   0x800'0abc          2    0x4  startup_stm32f103xb.o [3]
  .text              ro code   0x800'0ac0          2    0x4  startup_stm32f103xb.o [3]
  .text              ro code   0x800'0ac4          2    0x4  startup_stm32f103xb.o [3]
  .text              ro code   0x800'0ac8          2    0x4  startup_stm32f103xb.o [3]
  .text              ro code   0x800'0acc          2    0x4  startup_stm32f103xb.o [3]
  .text              ro code   0x800'0ad0          2    0x4  startup_stm32f103xb.o [3]
  .text              ro code   0x800'0ad4          2    0x4  startup_stm32f103xb.o [3]
  .text              ro code   0x800'0ad8          2    0x4  startup_stm32f103xb.o [3]
  .text              ro code   0x800'0adc          2    0x4  startup_stm32f103xb.o [3]
  .text              ro code   0x800'0ae0          2    0x4  startup_stm32f103xb.o [3]
  .text              ro code   0x800'0ae4          2    0x4  startup_stm32f103xb.o [3]
  .text              ro code   0x800'0ae8          2    0x4  startup_stm32f103xb.o [3]
  .text              ro code   0x800'0aec          2    0x4  startup_stm32f103xb.o [3]
  .text              ro code   0x800'0af0          2    0x4  startup_stm32f103xb.o [3]
  .text              ro code   0x800'0af4          2    0x4  startup_stm32f103xb.o [3]
  .text              ro code   0x800'0af8          2    0x4  startup_stm32f103xb.o [3]
  .text              ro code   0x800'0afc          2    0x4  startup_stm32f103xb.o [3]
  .text              ro code   0x800'0b00          2    0x4  startup_stm32f103xb.o [3]
  .text              ro code   0x800'0b04          2    0x4  startup_stm32f103xb.o [3]
  .text              ro code   0x800'0b08          2    0x4  startup_stm32f103xb.o [3]
  .text              ro code   0x800'0b0c          2    0x4  startup_stm32f103xb.o [3]
  .text              ro code   0x800'0b10          2    0x4  startup_stm32f103xb.o [3]
  .text              ro code   0x800'0b14          2    0x4  startup_stm32f103xb.o [3]
  .text              ro code   0x800'0b18          2    0x4  startup_stm32f103xb.o [3]
  .text              ro code   0x800'0b1c          2    0x4  startup_stm32f103xb.o [3]
  .text              ro code   0x800'0b20          2    0x4  startup_stm32f103xb.o [3]
  .text              ro code   0x800'0b24          2    0x4  startup_stm32f103xb.o [3]
  .text              ro code   0x800'0b28          2    0x4  startup_stm32f103xb.o [3]
  .text              ro code   0x800'0b2c          2    0x4  startup_stm32f103xb.o [3]
  .text              ro code   0x800'0b30          2    0x4  startup_stm32f103xb.o [3]
  .text              ro code   0x800'0b34          2    0x4  startup_stm32f103xb.o [3]
  .text              ro code   0x800'0b38          2    0x4  startup_stm32f103xb.o [3]
  .text              ro code   0x800'0b3c          2    0x4  startup_stm32f103xb.o [3]
  .text              ro code   0x800'0b40          2    0x4  startup_stm32f103xb.o [3]
  .text              ro code   0x800'0b44          2    0x4  startup_stm32f103xb.o [3]
  .text              ro code   0x800'0b48          2    0x4  startup_stm32f103xb.o [3]
  .text              ro code   0x800'0b4c          2    0x4  startup_stm32f103xb.o [3]
  .text              ro code   0x800'0b50          2    0x4  startup_stm32f103xb.o [3]
  .rodata            const     0x800'0b54               0x0  copy_init3.o [6]
                             - 0x800'0b54             0xa68

"P2", part 1 of 2:                                     0x10
  P2-1                        0x2000'0000          4   0x10  <Init block>
    .data            inited   0x2000'0000          4    0xc  stm32f1xx_hal.o [4]
    .data            inited   0x2000'000c          4    0x4  system_stm32f1xx.o [1]
                            - 0x2000'0010              0x10

"P2", part 2 of 2:                                    0x400
  CSTACK                      0x2000'0010          8  0x400  <Block>
    CSTACK           uninit   0x2000'0010             0x400  <Block tail>
                            - 0x2000'0410             0x400

Unused ranges:

         From           To      Size
         ----           --      ----
   0x800'0b54   0x801'ffff  0x1'f4ac
  0x2000'0410  0x2000'4fff    0x4bf0


*******************************************************************************
*** INIT TABLE
***

          Address      Size
          -------      ----
Copy (__iar_copy_init3)
    1 source range, total size 0x10:
           0x800'0a98  0x10
    1 destination range, total size 0x10:
          0x2000'0000  0x10



*******************************************************************************
*** MODULE SUMMARY
***

    Module                  ro code  ro data  rw data
    ------                  -------  -------  -------
command line/config:
    -------------------------------------------------
    Total:

C:\Users\thang\Desktop\C_Programming\Cmake_Stmf103\C6T6\EWARM\456\Obj\CMSIS_6603591812247902717.dir: [1]
    system_stm32f1xx.o           20        4        4
    -------------------------------------------------
    Total:                       20        4        4

C:\Users\thang\Desktop\C_Programming\Cmake_Stmf103\C6T6\EWARM\456\Obj\Core_13247989168731456611.dir: [2]
    main.o                      222
    stm32f1xx_hal_msp.o          64
    stm32f1xx_it.o               20
    -------------------------------------------------
    Total:                      306

C:\Users\thang\Desktop\C_Programming\Cmake_Stmf103\C6T6\EWARM\456\Obj\EWARM_18443280873093131863.dir: [3]
    startup_stm32f103xb.o       424
    -------------------------------------------------
    Total:                      424

C:\Users\thang\Desktop\C_Programming\Cmake_Stmf103\C6T6\EWARM\456\Obj\STM32F1xx_HAL_Driver_9701002599162248031.dir: [4]
    stm32f1xx_hal.o             128       12       12
    stm32f1xx_hal_cortex.o      160
    stm32f1xx_hal_gpio.o        476
    stm32f1xx_hal_rcc.o       1'146
    -------------------------------------------------
    Total:                    1'910       12       12

dl7M_tln.a: [5]
    exit.o                        4
    low_level_init.o              4
    -------------------------------------------------
    Total:                        8

rt7M_tl.a: [6]
    ABImemset_small.o            18
    cexit.o                      10
    cmain.o                      30
    copy_init3.o                 42
    cstartup_M.o                 28
    data_init.o                  40
    -------------------------------------------------
    Total:                      168

shb_l.a: [7]
    exit.o                       20
    -------------------------------------------------
    Total:                       20

    Gaps                          8
    Linker created                        20    1'024
-----------------------------------------------------
    Grand Total:              2'864       36    1'040


*******************************************************************************
*** ENTRY LIST
***

Entry                       Address   Size  Type      Object
-----                       -------   ----  ----      ------
.iar.init_table$$Base    0x800'09d8          --   Gb  - Linker created -
.iar.init_table$$Limit   0x800'09ec          --   Gb  - Linker created -
?main                    0x800'09ed         Code  Gb  cmain.o [6]
ADC1_2_IRQHandler        0x800'0af1         Code  Wk  startup_stm32f103xb.o [3]
AHBPrescTable            0x800'0a78   0x10  Data  Gb  system_stm32f1xx.o [1]
BusFault_Handler         0x800'0a57    0x2  Code  Gb  stm32f1xx_it.o [2]
CAN1_RX1_IRQHandler      0x800'0afd         Code  Wk  startup_stm32f103xb.o [3]
CAN1_SCE_IRQHandler      0x800'0b01         Code  Wk  startup_stm32f103xb.o [3]
CSTACK$$Base            0x2000'0010          --   Gb  - Linker created -
CSTACK$$Limit           0x2000'0410          --   Gb  - Linker created -
DMA1_Channel1_IRQHandler
                         0x800'0ad5         Code  Wk  startup_stm32f103xb.o [3]
DMA1_Channel2_IRQHandler
                         0x800'0ad9         Code  Wk  startup_stm32f103xb.o [3]
DMA1_Channel3_IRQHandler
                         0x800'0add         Code  Wk  startup_stm32f103xb.o [3]
DMA1_Channel4_IRQHandler
                         0x800'0ae1         Code  Wk  startup_stm32f103xb.o [3]
DMA1_Channel5_IRQHandler
                         0x800'0ae5         Code  Wk  startup_stm32f103xb.o [3]
DMA1_Channel6_IRQHandler
                         0x800'0ae9         Code  Wk  startup_stm32f103xb.o [3]
DMA1_Channel7_IRQHandler
                         0x800'0aed         Code  Wk  startup_stm32f103xb.o [3]
DebugMon_Handler         0x800'0a5d    0x2  Code  Gb  stm32f1xx_it.o [2]
EXTI0_IRQHandler         0x800'0ac1         Code  Wk  startup_stm32f103xb.o [3]
EXTI15_10_IRQHandler     0x800'0b49         Code  Wk  startup_stm32f103xb.o [3]
EXTI1_IRQHandler         0x800'0ac5         Code  Wk  startup_stm32f103xb.o [3]
EXTI2_IRQHandler         0x800'0ac9         Code  Wk  startup_stm32f103xb.o [3]
EXTI3_IRQHandler         0x800'0acd         Code  Wk  startup_stm32f103xb.o [3]
EXTI4_IRQHandler         0x800'0ad1         Code  Wk  startup_stm32f103xb.o [3]
EXTI9_5_IRQHandler       0x800'0b05         Code  Wk  startup_stm32f103xb.o [3]
Error_Handler            0x800'0933    0x4  Code  Gb  main.o [2]
FLASH_IRQHandler         0x800'0ab9         Code  Wk  startup_stm32f103xb.o [3]
HAL_GPIO_Init            0x800'067d  0x19e  Code  Gb  stm32f1xx_hal_gpio.o [4]
HAL_GPIO_WritePin        0x800'081b    0x8  Code  Gb  stm32f1xx_hal_gpio.o [4]
HAL_GetTick              0x800'0591    0xc  Code  Wk  stm32f1xx_hal.o [4]
HAL_IncTick              0x800'0a65   0x10  Code  Wk  stm32f1xx_hal.o [4]
HAL_Init                 0x800'0939   0x20  Code  Gb  stm32f1xx_hal.o [4]
HAL_InitTick             0x800'059d   0x40  Code  Wk  stm32f1xx_hal.o [4]
HAL_MspInit              0x800'0971   0x40  Code  Gb  stm32f1xx_hal_msp.o [2]
HAL_NVIC_SetPriority     0x800'060b   0x3a  Code  Gb  stm32f1xx_hal_cortex.o [4]
HAL_NVIC_SetPriorityGrouping
                         0x800'05f7   0x14  Code  Gb  stm32f1xx_hal_cortex.o [4]
HAL_RCC_ClockConfig      0x800'03eb   0xf4  Code  Gb  stm32f1xx_hal_rcc.o [4]
HAL_RCC_GetSysClockFreq
                         0x800'04f5   0x34  Code  Gb  stm32f1xx_hal_rcc.o [4]
HAL_RCC_GetSysClockFreq::aPLLMULFactorTable
                         0x800'0554   0x10  Data  Lc  stm32f1xx_hal_rcc.o [4]
HAL_RCC_GetSysClockFreq::aPredivFactorTable
                         0x800'0564    0x2  Data  Lc  stm32f1xx_hal_rcc.o [4]
HAL_RCC_OscConfig        0x800'00ed  0x2f4  Code  Gb  stm32f1xx_hal_rcc.o [4]
HAL_SYSTICK_Config       0x800'0645   0x22  Code  Gb  stm32f1xx_hal_cortex.o [4]
HardFault_Handler        0x800'0a53    0x2  Code  Gb  stm32f1xx_it.o [2]
I2C1_ER_IRQHandler       0x800'0b29         Code  Wk  startup_stm32f103xb.o [3]
I2C1_EV_IRQHandler       0x800'0b25         Code  Wk  startup_stm32f103xb.o [3]
I2C2_ER_IRQHandler       0x800'0b31         Code  Wk  startup_stm32f103xb.o [3]
I2C2_EV_IRQHandler       0x800'0b2d         Code  Wk  startup_stm32f103xb.o [3]
MemManage_Handler        0x800'0a55    0x2  Code  Gb  stm32f1xx_it.o [2]
NMI_Handler              0x800'0a51    0x2  Code  Gb  stm32f1xx_it.o [2]
PVD_IRQHandler           0x800'0aad         Code  Wk  startup_stm32f103xb.o [3]
PendSV_Handler           0x800'0a5f    0x2  Code  Gb  stm32f1xx_it.o [2]
RCC_IRQHandler           0x800'0abd         Code  Wk  startup_stm32f103xb.o [3]
RTC_Alarm_IRQHandler     0x800'0b4d         Code  Wk  startup_stm32f103xb.o [3]
RTC_IRQHandler           0x800'0ab5         Code  Wk  startup_stm32f103xb.o [3]
Region$$Table$$Base      0x800'09d8          --   Gb  - Linker created -
Region$$Table$$Limit     0x800'09ec          --   Gb  - Linker created -
Reset_Handler            0x800'0a89         Code  Wk  startup_stm32f103xb.o [3]
SPI1_IRQHandler          0x800'0b35         Code  Wk  startup_stm32f103xb.o [3]
SPI2_IRQHandler          0x800'0b39         Code  Wk  startup_stm32f103xb.o [3]
SVC_Handler              0x800'0a5b    0x2  Code  Gb  stm32f1xx_it.o [2]
SysTick_Handler          0x800'0a61    0x4  Code  Gb  stm32f1xx_it.o [2]
SystemClock_Config       0x800'08d9   0x5a  Code  Gb  main.o [2]
SystemCoreClock         0x2000'000c    0x4  Data  Gb  system_stm32f1xx.o [1]
SystemInit               0x800'0a75    0x2  Code  Gb  system_stm32f1xx.o [1]
TAMPER_IRQHandler        0x800'0ab1         Code  Wk  startup_stm32f103xb.o [3]
TIM1_BRK_IRQHandler      0x800'0b09         Code  Wk  startup_stm32f103xb.o [3]
TIM1_CC_IRQHandler       0x800'0b15         Code  Wk  startup_stm32f103xb.o [3]
TIM1_TRG_COM_IRQHandler
                         0x800'0b11         Code  Wk  startup_stm32f103xb.o [3]
TIM1_UP_IRQHandler       0x800'0b0d         Code  Wk  startup_stm32f103xb.o [3]
TIM2_IRQHandler          0x800'0b19         Code  Wk  startup_stm32f103xb.o [3]
TIM3_IRQHandler          0x800'0b1d         Code  Wk  startup_stm32f103xb.o [3]
TIM4_IRQHandler          0x800'0b21         Code  Wk  startup_stm32f103xb.o [3]
USART1_IRQHandler        0x800'0b3d         Code  Wk  startup_stm32f103xb.o [3]
USART2_IRQHandler        0x800'0b41         Code  Wk  startup_stm32f103xb.o [3]
USART3_IRQHandler        0x800'0b45         Code  Wk  startup_stm32f103xb.o [3]
USBWakeUp_IRQHandler     0x800'0b51         Code  Wk  startup_stm32f103xb.o [3]
USB_HP_CAN1_TX_IRQHandler
                         0x800'0af5         Code  Wk  startup_stm32f103xb.o [3]
USB_LP_CAN1_RX0_IRQHandler
                         0x800'0af9         Code  Wk  startup_stm32f103xb.o [3]
UsageFault_Handler       0x800'0a59    0x2  Code  Gb  stm32f1xx_it.o [2]
WWDG_IRQHandler          0x800'0aa9         Code  Wk  startup_stm32f103xb.o [3]
__NVIC_SetPriority       0x800'05dd   0x1a  Code  Lc  stm32f1xx_hal_cortex.o [4]
__cmain                  0x800'09ed         Code  Gb  cmain.o [6]
__exit                   0x800'0a21   0x14  Code  Gb  exit.o [7]
__iar_copy_init3         0x800'0567   0x2a  Code  Gb  copy_init3.o [6]
__iar_data_init3         0x800'09b1   0x28  Code  Gb  data_init.o [6]
__iar_program_start      0x800'0a35         Code  Gb  cstartup_M.o [6]
__iar_small_Memset       0x800'095d         Code  Gb  ABImemset_small.o [6]
__iar_small_Memset_word
                         0x800'095d         Code  Gb  ABImemset_small.o [6]
__iar_small_memset       0x800'095d         Code  Gb  ABImemset_small.o [6]
__low_level_init         0x800'0a0b    0x4  Code  Gb  low_level_init.o [5]
__vector_table           0x800'0000         Data  Gb  startup_stm32f103xb.o [3]
_call_main               0x800'09f9         Code  Gb  cmain.o [6]
_exit                    0x800'0a15         Code  Gb  cexit.o [6]
exit                     0x800'0a0f    0x4  Code  Gb  exit.o [5]
main                     0x800'0859   0x76  Code  Gb  main.o [2]
uwTick                  0x2000'0004    0x4  Data  Gb  stm32f1xx_hal.o [4]
uwTickFreq              0x2000'0000    0x1  Data  Gb  stm32f1xx_hal.o [4]
uwTickPrio              0x2000'0008    0x4  Data  Gb  stm32f1xx_hal.o [4]


[1] = C:\Users\thang\Desktop\C_Programming\Cmake_Stmf103\C6T6\EWARM\456\Obj\CMSIS_6603591812247902717.dir
[2] = C:\Users\thang\Desktop\C_Programming\Cmake_Stmf103\C6T6\EWARM\456\Obj\Core_13247989168731456611.dir
[3] = C:\Users\thang\Desktop\C_Programming\Cmake_Stmf103\C6T6\EWARM\456\Obj\EWARM_18443280873093131863.dir
[4] = C:\Users\thang\Desktop\C_Programming\Cmake_Stmf103\C6T6\EWARM\456\Obj\STM32F1xx_HAL_Driver_9701002599162248031.dir
[5] = dl7M_tln.a
[6] = rt7M_tl.a
[7] = shb_l.a

  2'864 bytes of readonly  code memory
     36 bytes of readonly  data memory
  1'040 bytes of readwrite data memory

Errors: none
Warnings: none
