Archive member included to satisfy reference by file (symbol)

c:/progra~2/gnuarm~1/102021~1.10/bin/../lib/gcc/arm-none-eabi/10.3.1/../../../../arm-none-eabi/lib/thumb/v7-m/nofp\libc_nano.a(lib_a-exit.o)
                              c:/progra~2/gnuarm~1/102021~1.10/bin/../lib/gcc/arm-none-eabi/10.3.1/../../../../arm-none-eabi/lib/thumb/v7-m/nofp/crt0.o (exit)
c:/progra~2/gnuarm~1/102021~1.10/bin/../lib/gcc/arm-none-eabi/10.3.1/../../../../arm-none-eabi/lib/thumb/v7-m/nofp\libc_nano.a(lib_a-impure.o)
                              c:/progra~2/gnuarm~1/102021~1.10/bin/../lib/gcc/arm-none-eabi/10.3.1/../../../../arm-none-eabi/lib/thumb/v7-m/nofp\libc_nano.a(lib_a-exit.o) (_global_impure_ptr)
c:/progra~2/gnuarm~1/102021~1.10/bin/../lib/gcc/arm-none-eabi/10.3.1/../../../../arm-none-eabi/lib/thumb/v7-m/nofp\libc_nano.a(lib_a-init.o)
                              c:/progra~2/gnuarm~1/102021~1.10/bin/../lib/gcc/arm-none-eabi/10.3.1/../../../../arm-none-eabi/lib/thumb/v7-m/nofp/crt0.o (__libc_init_array)
c:/progra~2/gnuarm~1/102021~1.10/bin/../lib/gcc/arm-none-eabi/10.3.1/../../../../arm-none-eabi/lib/thumb/v7-m/nofp\libc_nano.a(lib_a-memset.o)
                              c:/progra~2/gnuarm~1/102021~1.10/bin/../lib/gcc/arm-none-eabi/10.3.1/../../../../arm-none-eabi/lib/thumb/v7-m/nofp/crt0.o (memset)
c:/progra~2/gnuarm~1/102021~1.10/bin/../lib/gcc/arm-none-eabi/10.3.1/../../../../arm-none-eabi/lib/thumb/v7-m/nofp\libg_nano.a(lib_a-errno.o)
                              CMakeFiles/Bootloader.dir/Core/Src/sysmem.c.obj (__errno)
c:/progra~2/gnuarm~1/102021~1.10/bin/../lib/gcc/arm-none-eabi/10.3.1/../../../../arm-none-eabi/lib/thumb/v7-m/nofp\libg_nano.a(lib_a-printf.o)
                              CMakeFiles/Bootloader.dir/Core/Src/main.c.obj (printf)
c:/progra~2/gnuarm~1/102021~1.10/bin/../lib/gcc/arm-none-eabi/10.3.1/../../../../arm-none-eabi/lib/thumb/v7-m/nofp\libg_nano.a(lib_a-puts.o)
                              CMakeFiles/Bootloader.dir/Core/Src/main.c.obj (puts)
c:/progra~2/gnuarm~1/102021~1.10/bin/../lib/gcc/arm-none-eabi/10.3.1/../../../../arm-none-eabi/lib/thumb/v7-m/nofp\libg_nano.a(lib_a-wbuf.o)
                              c:/progra~2/gnuarm~1/102021~1.10/bin/../lib/gcc/arm-none-eabi/10.3.1/../../../../arm-none-eabi/lib/thumb/v7-m/nofp\libg_nano.a(lib_a-puts.o) (__swbuf_r)
c:/progra~2/gnuarm~1/102021~1.10/bin/../lib/gcc/arm-none-eabi/10.3.1/../../../../arm-none-eabi/lib/thumb/v7-m/nofp\libg_nano.a(lib_a-wsetup.o)
                              c:/progra~2/gnuarm~1/102021~1.10/bin/../lib/gcc/arm-none-eabi/10.3.1/../../../../arm-none-eabi/lib/thumb/v7-m/nofp\libg_nano.a(lib_a-puts.o) (__swsetup_r)
c:/progra~2/gnuarm~1/102021~1.10/bin/../lib/gcc/arm-none-eabi/10.3.1/../../../../arm-none-eabi/lib/thumb/v7-m/nofp\libg_nano.a(lib_a-fflush.o)
                              c:/progra~2/gnuarm~1/102021~1.10/bin/../lib/gcc/arm-none-eabi/10.3.1/../../../../arm-none-eabi/lib/thumb/v7-m/nofp\libg_nano.a(lib_a-wbuf.o) (_fflush_r)
c:/progra~2/gnuarm~1/102021~1.10/bin/../lib/gcc/arm-none-eabi/10.3.1/../../../../arm-none-eabi/lib/thumb/v7-m/nofp\libg_nano.a(lib_a-findfp.o)
                              c:/progra~2/gnuarm~1/102021~1.10/bin/../lib/gcc/arm-none-eabi/10.3.1/../../../../arm-none-eabi/lib/thumb/v7-m/nofp\libg_nano.a(lib_a-printf.o) (__sinit)
c:/progra~2/gnuarm~1/102021~1.10/bin/../lib/gcc/arm-none-eabi/10.3.1/../../../../arm-none-eabi/lib/thumb/v7-m/nofp\libg_nano.a(lib_a-fwalk.o)
                              c:/progra~2/gnuarm~1/102021~1.10/bin/../lib/gcc/arm-none-eabi/10.3.1/../../../../arm-none-eabi/lib/thumb/v7-m/nofp\libg_nano.a(lib_a-findfp.o) (_fwalk)
c:/progra~2/gnuarm~1/102021~1.10/bin/../lib/gcc/arm-none-eabi/10.3.1/../../../../arm-none-eabi/lib/thumb/v7-m/nofp\libg_nano.a(lib_a-lock.o)
                              c:/progra~2/gnuarm~1/102021~1.10/bin/../lib/gcc/arm-none-eabi/10.3.1/../../../../arm-none-eabi/lib/thumb/v7-m/nofp\libg_nano.a(lib_a-findfp.o) (__retarget_lock_init_recursive)
c:/progra~2/gnuarm~1/102021~1.10/bin/../lib/gcc/arm-none-eabi/10.3.1/../../../../arm-none-eabi/lib/thumb/v7-m/nofp\libg_nano.a(lib_a-makebuf.o)
                              c:/progra~2/gnuarm~1/102021~1.10/bin/../lib/gcc/arm-none-eabi/10.3.1/../../../../arm-none-eabi/lib/thumb/v7-m/nofp\libg_nano.a(lib_a-wsetup.o) (__smakebuf_r)
c:/progra~2/gnuarm~1/102021~1.10/bin/../lib/gcc/arm-none-eabi/10.3.1/../../../../arm-none-eabi/lib/thumb/v7-m/nofp\libg_nano.a(lib_a-nano-freer.o)
                              c:/progra~2/gnuarm~1/102021~1.10/bin/../lib/gcc/arm-none-eabi/10.3.1/../../../../arm-none-eabi/lib/thumb/v7-m/nofp\libg_nano.a(lib_a-wsetup.o) (_free_r)
c:/progra~2/gnuarm~1/102021~1.10/bin/../lib/gcc/arm-none-eabi/10.3.1/../../../../arm-none-eabi/lib/thumb/v7-m/nofp\libg_nano.a(lib_a-nano-mallocr.o)
                              c:/progra~2/gnuarm~1/102021~1.10/bin/../lib/gcc/arm-none-eabi/10.3.1/../../../../arm-none-eabi/lib/thumb/v7-m/nofp\libg_nano.a(lib_a-findfp.o) (_malloc_r)
[...]
Memory Configuration

Name             Origin             Length             Attributes
RAM              0x20000000         0x00005000         xrw
FLASH            0x08000000         0x00010000         xr
*default*        0x00000000         0xffffffff

Linker script and memory map

LOAD c:/progra~2/gnuarm~1/102021~1.10/bin/../lib/gcc/arm-none-eabi/10.3.1/thumb/v7-m/nofp/crti.o
LOAD c:/progra~2/gnuarm~1/102021~1.10/bin/../lib/gcc/arm-none-eabi/10.3.1/thumb/v7-m/nofp/crtbegin.o
LOAD c:/progra~2/gnuarm~1/102021~1.10/bin/../lib/gcc/arm-none-eabi/10.3.1/../../../../arm-none-eabi/lib/thumb/v7-m/nofp/crt0.o
START GROUP
LOAD c:/progra~2/gnuarm~1/102021~1.10/bin/../lib/gcc/arm-none-eabi/10.3.1/../../../../arm-none-eabi/lib/thumb/v7-m/nofp\libc_nano.a
LOAD c:/progra~2/gnuarm~1/102021~1.10/bin/../lib/gcc/arm-none-eabi/10.3.1/../../../../arm-none-eabi/lib/thumb/v7-m/nofp\libm.a
END GROUP
LOAD CMakeFiles/Bootloader.dir/Core/Src/main.c.obj
LOAD CMakeFiles/Bootloader.dir/Core/Src/stm32f1xx_it.c.obj
LOAD CMakeFiles/Bootloader.dir/Core/Src/stm32f1xx_hal_msp.c.obj
LOAD CMakeFiles/Bootloader.dir/Drivers/STM32F1xx_HAL_Driver/Src/stm32f1xx_hal_gpio_ex.c.obj
LOAD CMakeFiles/Bootloader.dir/Drivers/STM32F1xx_HAL_Driver/Src/stm32f1xx_hal_tim.c.obj
LOAD CMakeFiles/Bootloader.dir/Drivers/STM32F1xx_HAL_Driver/Src/stm32f1xx_hal_tim_ex.c.obj
LOAD CMakeFiles/Bootloader.dir/Drivers/STM32F1xx_HAL_Driver/Src/stm32f1xx_hal_uart.c.obj
LOAD CMakeFiles/Bootloader.dir/Drivers/STM32F1xx_HAL_Driver/Src/stm32f1xx_hal.c.obj
LOAD CMakeFiles/Bootloader.dir/Drivers/STM32F1xx_HAL_Driver/Src/stm32f1xx_hal_rcc.c.obj
LOAD CMakeFiles/Bootloader.dir/Drivers/STM32F1xx_HAL_Driver/Src/stm32f1xx_hal_rcc_ex.c.obj
LOAD CMakeFiles/Bootloader.dir/Drivers/STM32F1xx_HAL_Driver/Src/stm32f1xx_hal_gpio.c.obj
LOAD CMakeFiles/Bootloader.dir/Drivers/STM32F1xx_HAL_Driver/Src/stm32f1xx_hal_dma.c.obj
LOAD CMakeFiles/Bootloader.dir/Drivers/STM32F1xx_HAL_Driver/Src/stm32f1xx_hal_cortex.c.obj
LOAD CMakeFiles/Bootloader.dir/Drivers/STM32F1xx_HAL_Driver/Src/stm32f1xx_hal_pwr.c.obj
LOAD CMakeFiles/Bootloader.dir/Drivers/STM32F1xx_HAL_Driver/Src/stm32f1xx_hal_flash.c.obj
LOAD CMakeFiles/Bootloader.dir/Drivers/STM32F1xx_HAL_Driver/Src/stm32f1xx_hal_flash_ex.c.obj
LOAD CMakeFiles/Bootloader.dir/Drivers/STM32F1xx_HAL_Driver/Src/stm32f1xx_hal_exti.c.obj
LOAD CMakeFiles/Bootloader.dir/Core/Src/system_stm32f1xx.c.obj
LOAD CMakeFiles/Bootloader.dir/Core/Src/sysmem.c.obj
LOAD CMakeFiles/Bootloader.dir/Core/Src/syscalls.c.obj
LOAD CMakeFiles/Bootloader.dir/startup_stm32f103xb.s.obj
START GROUP
LOAD c:/progra~2/gnuarm~1/102021~1.10/bin/../lib/gcc/arm-none-eabi/10.3.1/thumb/v7-m/nofp\libgcc.a
LOAD c:/progra~2/gnuarm~1/102021~1.10/bin/../lib/gcc/arm-none-eabi/10.3.1/../../../../arm-none-eabi/lib/thumb/v7-m/nofp\libg_nano.a
LOAD c:/progra~2/gnuarm~1/102021~1.10/bin/../lib/gcc/arm-none-eabi/10.3.1/../../../../arm-none-eabi/lib/thumb/v7-m/nofp\libc_nano.a
END GROUP
START GROUP
LOAD c:/progra~2/gnuarm~1/102021~1.10/bin/../lib/gcc/arm-none-eabi/10.3.1/thumb/v7-m/nofp\libgcc.a
LOAD c:/progra~2/gnuarm~1/102021~1.10/bin/../lib/gcc/arm-none-eabi/10.3.1/../../../../arm-none-eabi/lib/thumb/v7-m/nofp\libc_nano.a
END GROUP
LOAD c:/progra~2/gnuarm~1/102021~1.10/bin/../lib/gcc/arm-none-eabi/10.3.1/thumb/v7-m/nofp/crtend.o
LOAD c:/progra~2/gnuarm~1/102021~1.10/bin/../lib/gcc/arm-none-eabi/10.3.1/thumb/v7-m/nofp/crtn.o
                0x20005000                _estack = (ORIGIN (RAM) + LENGTH (RAM))
                0x00000200                _Min_Heap_Size = 0x200
                0x00000400                _Min_Stack_Size = 0x400

.isr_vector     0x08000000      0x10c
                0x08000000                . = ALIGN (0x4)
 *(.isr_vector)
 .isr_vector    0x08000000      0x10c CMakeFiles/Bootloader.dir/startup_stm32f103xb.s.obj
                0x08000000                g_pfnVectors
                0x0800010c                . = ALIGN (0x4)

.text           0x0800010c     0x27ac
                0x0800010c                . = ALIGN (0x4)
 *(.text)
 .text          0x0800010c       0x40 c:/progra~2/gnuarm~1/102021~1.10/bin/../lib/gcc/arm-none-eabi/10.3.1/thumb/v7-m/nofp/crtbegin.o
 *(.text*)
 .text.__libc_init_array
                0x0800014c       0x48 c:/progra~2/gnuarm~1/102021~1.10/bin/../lib/gcc/arm-none-eabi/10.3.1/../../../../arm-none-eabi/lib/thumb/v7-m/nofp\libc_nano.a(lib_a-init.o)
                0x0800014c                __libc_init_array
 .text.memset   0x08000194       0x10 c:/progra~2/gnuarm~1/102021~1.10/bin/../lib/gcc/arm-none-eabi/10.3.1/../../../../arm-none-eabi/lib/thumb/v7-m/nofp\libc_nano.a(lib_a-memset.o)
                0x08000194                memset
 .text.main     0x080001a4       0x5c CMakeFiles/Bootloader.dir/Core/Src/main.c.obj
                0x080001a4                main
 .text.SystemClock_Config
                0x08000200       0x76 CMakeFiles/Bootloader.dir/Core/Src/main.c.obj
                0x08000200                SystemClock_Config
 *fill*         0x08000276        0x2 
 .text.MX_USART1_UART_Init
                0x08000278       0x54 CMakeFiles/Bootloader.dir/Core/Src/main.c.obj
 .text.MX_GPIO_Init
                0x080002cc       0x98 CMakeFiles/Bootloader.dir/Core/Src/main.c.obj
 .text.__io_putchar
                0x08000364       0x24 CMakeFiles/Bootloader.dir/Core/Src/main.c.obj
                0x08000364                __io_putchar
 .text.goto_application
                0x08000388       0x28 CMakeFiles/Bootloader.dir/Core/Src/main.c.obj
 .text.Error_Handler
                0x080003b0        0xa CMakeFiles/Bootloader.dir/Core/Src/main.c.obj
                0x080003b0                Error_Handler
 .text.NMI_Handler
                0x080003ba        0x6 CMakeFiles/Bootloader.dir/Core/Src/stm32f1xx_it.c.obj
                0x080003ba                NMI_Handler
 .text.HardFault_Handler
                0x080003c0        0x6 CMakeFiles/Bootloader.dir/Core/Src/stm32f1xx_it.c.obj
                0x080003c0                HardFault_Handler
 .text.MemManage_Handler
                0x080003c6        0x6 CMakeFiles/Bootloader.dir/Core/Src/stm32f1xx_it.c.obj
                0x080003c6                MemManage_Handler
 .text.BusFault_Handler
                0x080003cc        0x6 CMakeFiles/Bootloader.dir/Core/Src/stm32f1xx_it.c.obj
                0x080003cc                BusFault_Handler
 .text.UsageFault_Handler
                0x080003d2        0x6 CMakeFiles/Bootloader.dir/Core/Src/stm32f1xx_it.c.obj
                0x080003d2                UsageFault_Handler
 .text.SVC_Handler
                0x080003d8        0xc CMakeFiles/Bootloader.dir/Core/Src/stm32f1xx_it.c.obj
                0x080003d8                SVC_Handler
 .text.DebugMon_Handler
                0x080003e4        0xc CMakeFiles/Bootloader.dir/Core/Src/stm32f1xx_it.c.obj
                0x080003e4                DebugMon_Handler
 .text.PendSV_Handler
                0x080003f0        0xc CMakeFiles/Bootloader.dir/Core/Src/stm32f1xx_it.c.obj
                0x080003f0                PendSV_Handler
 .text.SysTick_Handler
                0x080003fc        0xc CMakeFiles/Bootloader.dir/Core/Src/stm32f1xx_it.c.obj
                0x080003fc                SysTick_Handler
 .text.HAL_MspInit
                0x08000408       0x64 CMakeFiles/Bootloader.dir/Core/Src/stm32f1xx_hal_msp.c.obj
                0x08000408                HAL_MspInit
 .text.HAL_UART_MspInit
                0x0800046c       0x98 CMakeFiles/Bootloader.dir/Core/Src/stm32f1xx_hal_msp.c.obj
                0x0800046c                HAL_UART_MspInit
 .text.HAL_UART_Init
                0x08000504       0x9a CMakeFiles/Bootloader.dir/Drivers/STM32F1xx_HAL_Driver/Src/stm32f1xx_hal_uart.c.obj
                0x08000504                HAL_UART_Init
 .text.HAL_UART_Transmit
                0x0800059e      0x124 CMakeFiles/Bootloader.dir/Drivers/STM32F1xx_HAL_Driver/Src/stm32f1xx_hal_uart.c.obj
                0x0800059e                HAL_UART_Transmit
 .text.UART_WaitOnFlagUntilTimeout
                0x080006c2       0x94 CMakeFiles/Bootloader.dir/Drivers/STM32F1xx_HAL_Driver/Src/stm32f1xx_hal_uart.c.obj
 *fill*         0x08000756        0x2 
 .text.UART_SetConfig
                0x08000758      0x11c CMakeFiles/Bootloader.dir/Drivers/STM32F1xx_HAL_Driver/Src/stm32f1xx_hal_uart.c.obj
 .text.HAL_Init
                0x08000874       0x2c CMakeFiles/Bootloader.dir/Drivers/STM32F1xx_HAL_Driver/Src/stm32f1xx_hal.c.obj
                0x08000874                HAL_Init
 .text.HAL_InitTick
                0x080008a0       0x60 CMakeFiles/Bootloader.dir/Drivers/STM32F1xx_HAL_Driver/Src/stm32f1xx_hal.c.obj
                0x080008a0                HAL_InitTick
 .text.HAL_IncTick
                0x08000900       0x24 CMakeFiles/Bootloader.dir/Drivers/STM32F1xx_HAL_Driver/Src/stm32f1xx_hal.c.obj
                0x08000900                HAL_IncTick
 .text.HAL_GetTick
                0x08000924       0x14 CMakeFiles/Bootloader.dir/Drivers/STM32F1xx_HAL_Driver/Src/stm32f1xx_hal.c.obj
                0x08000924                HAL_GetTick
 .text.HAL_Delay
                0x08000938       0x48 CMakeFiles/Bootloader.dir/Drivers/STM32F1xx_HAL_Driver/Src/stm32f1xx_hal.c.obj
                0x08000938                HAL_Delay
 .text.HAL_RCC_OscConfig
                0x08000980      0x504 CMakeFiles/Bootloader.dir/Drivers/STM32F1xx_HAL_Driver/Src/stm32f1xx_hal_rcc.c.obj
                0x08000980                HAL_RCC_OscConfig
 .text.HAL_RCC_ClockConfig
                0x08000e84      0x1d4 CMakeFiles/Bootloader.dir/Drivers/STM32F1xx_HAL_Driver/Src/stm32f1xx_hal_rcc.c.obj
                0x08000e84                HAL_RCC_ClockConfig
 .text.HAL_RCC_GetSysClockFreq
                0x08001058       0xbc CMakeFiles/Bootloader.dir/Drivers/STM32F1xx_HAL_Driver/Src/stm32f1xx_hal_rcc.c.obj
                0x08001058                HAL_RCC_GetSysClockFreq
 .text.HAL_RCC_GetHCLKFreq
                0x08001114       0x14 CMakeFiles/Bootloader.dir/Drivers/STM32F1xx_HAL_Driver/Src/stm32f1xx_hal_rcc.c.obj
                0x08001114                HAL_RCC_GetHCLKFreq
 .text.HAL_RCC_GetPCLK1Freq
                0x08001128       0x28 CMakeFiles/Bootloader.dir/Drivers/STM32F1xx_HAL_Driver/Src/stm32f1xx_hal_rcc.c.obj
                0x08001128                HAL_RCC_GetPCLK1Freq
 .text.HAL_RCC_GetPCLK2Freq
                0x08001150       0x28 CMakeFiles/Bootloader.dir/Drivers/STM32F1xx_HAL_Driver/Src/stm32f1xx_hal_rcc.c.obj
                0x08001150                HAL_RCC_GetPCLK2Freq
 .text.RCC_Delay
                0x08001178       0x3c CMakeFiles/Bootloader.dir/Drivers/STM32F1xx_HAL_Driver/Src/stm32f1xx_hal_rcc.c.obj
 .text.HAL_GPIO_Init
                0x080011b4      0x308 CMakeFiles/Bootloader.dir/Drivers/STM32F1xx_HAL_Driver/Src/stm32f1xx_hal_gpio.c.obj
                0x080011b4                HAL_GPIO_Init
 .text.HAL_GPIO_WritePin
                0x080014bc       0x30 CMakeFiles/Bootloader.dir/Drivers/STM32F1xx_HAL_Driver/Src/stm32f1xx_hal_gpio.c.obj
                0x080014bc                HAL_GPIO_WritePin
 .text.HAL_GPIO_TogglePin
                0x080014ec       0x32 CMakeFiles/Bootloader.dir/Drivers/STM32F1xx_HAL_Driver/Src/stm32f1xx_hal_gpio.c.obj
                0x080014ec                HAL_GPIO_TogglePin
 *fill*         0x0800151e        0x2 
 .text.__NVIC_SetPriorityGrouping
                0x08001520       0x48 CMakeFiles/Bootloader.dir/Drivers/STM32F1xx_HAL_Driver/Src/stm32f1xx_hal_cortex.c.obj
 .text.__NVIC_GetPriorityGrouping
                0x08001568       0x1c CMakeFiles/Bootloader.dir/Drivers/STM32F1xx_HAL_Driver/Src/stm32f1xx_hal_cortex.c.obj
 .text.__NVIC_SetPriority
                0x08001584       0x54 CMakeFiles/Bootloader.dir/Drivers/STM32F1xx_HAL_Driver/Src/stm32f1xx_hal_cortex.c.obj
 .text.NVIC_EncodePriority
                0x080015d8       0x64 CMakeFiles/Bootloader.dir/Drivers/STM32F1xx_HAL_Driver/Src/stm32f1xx_hal_cortex.c.obj
 .text.SysTick_Config
                0x0800163c       0x44 CMakeFiles/Bootloader.dir/Drivers/STM32F1xx_HAL_Driver/Src/stm32f1xx_hal_cortex.c.obj
 .text.HAL_NVIC_SetPriorityGrouping
                0x08001680       0x16 CMakeFiles/Bootloader.dir/Drivers/STM32F1xx_HAL_Driver/Src/stm32f1xx_hal_cortex.c.obj
                0x08001680                HAL_NVIC_SetPriorityGrouping
 .text.HAL_NVIC_SetPriority
                0x08001696       0x38 CMakeFiles/Bootloader.dir/Drivers/STM32F1xx_HAL_Driver/Src/stm32f1xx_hal_cortex.c.obj
                0x08001696                HAL_NVIC_SetPriority
 .text.HAL_SYSTICK_Config
                0x080016ce       0x18 CMakeFiles/Bootloader.dir/Drivers/STM32F1xx_HAL_Driver/Src/stm32f1xx_hal_cortex.c.obj
                0x080016ce                HAL_SYSTICK_Config
 .text.SystemInit
                0x080016e6        0xc CMakeFiles/Bootloader.dir/Core/Src/system_stm32f1xx.c.obj
                0x080016e6                SystemInit
 *fill*         0x080016f2        0x2 
 .text._sbrk    0x080016f4       0x6c CMakeFiles/Bootloader.dir/Core/Src/sysmem.c.obj
                0x080016f4                _sbrk
 .text._read    0x08001760       0x3a CMakeFiles/Bootloader.dir/Core/Src/syscalls.c.obj
                0x08001760                _read
 .text._write   0x0800179a       0x38 CMakeFiles/Bootloader.dir/Core/Src/syscalls.c.obj
                0x0800179a                _write
 .text._close   0x080017d2       0x16 CMakeFiles/Bootloader.dir/Core/Src/syscalls.c.obj
                0x080017d2                _close
 .text._fstat   0x080017e8       0x1e CMakeFiles/Bootloader.dir/Core/Src/syscalls.c.obj
                0x080017e8                _fstat
 .text._isatty  0x08001806       0x14 CMakeFiles/Bootloader.dir/Core/Src/syscalls.c.obj
                0x08001806                _isatty
 .text._lseek   0x0800181a       0x18 CMakeFiles/Bootloader.dir/Core/Src/syscalls.c.obj
                0x0800181a                _lseek
 *fill*         0x08001832        0x2 
 .text.Reset_Handler
                0x08001834       0x48 CMakeFiles/Bootloader.dir/startup_stm32f103xb.s.obj
                0x08001834                Reset_Handler
 .text.Default_Handler
                0x0800187c        0x2 CMakeFiles/Bootloader.dir/startup_stm32f103xb.s.obj
                0x0800187c                RTC_Alarm_IRQHandler
                0x0800187c                EXTI2_IRQHandler
                0x0800187c                TIM1_CC_IRQHandler
                0x0800187c                PVD_IRQHandler
                0x0800187c                EXTI3_IRQHandler
                0x0800187c                EXTI0_IRQHandler
                0x0800187c                I2C2_EV_IRQHandler
                0x0800187c                ADC1_2_IRQHandler
                0x0800187c                SPI1_IRQHandler
                0x0800187c                TAMPER_IRQHandler
                0x0800187c                DMA1_Channel4_IRQHandler
                0x0800187c                USART3_IRQHandler
                0x0800187c                RTC_IRQHandler
                0x0800187c                DMA1_Channel7_IRQHandler
                0x0800187c                CAN1_RX1_IRQHandler
                0x0800187c                TIM4_IRQHandler
                0x0800187c                I2C1_EV_IRQHandler
                0x0800187c                DMA1_Channel6_IRQHandler
                0x0800187c                TIM3_IRQHandler
                0x0800187c                RCC_IRQHandler
                0x0800187c                TIM1_TRG_COM_IRQHandler
                0x0800187c                DMA1_Channel1_IRQHandler
                0x0800187c                Default_Handler
                0x0800187c                EXTI15_10_IRQHandler
                0x0800187c                EXTI9_5_IRQHandler
                0x0800187c                SPI2_IRQHandler
                0x0800187c                DMA1_Channel5_IRQHandler
                0x0800187c                EXTI4_IRQHandler
                0x0800187c                USB_LP_CAN1_RX0_IRQHandler
                0x0800187c                USB_HP_CAN1_TX_IRQHandler
                0x0800187c                DMA1_Channel3_IRQHandler
                0x0800187c                TIM1_UP_IRQHandler
                0x0800187c                WWDG_IRQHandler
                0x0800187c                TIM2_IRQHandler
                0x0800187c                TIM1_BRK_IRQHandler
                0x0800187c                EXTI1_IRQHandler
                0x0800187c                USART2_IRQHandler
                0x0800187c                I2C2_ER_IRQHandler
                0x0800187c                DMA1_Channel2_IRQHandler
                0x0800187c                CAN1_SCE_IRQHandler
                0x0800187c                FLASH_IRQHandler
                0x0800187c                USART1_IRQHandler
                0x0800187c                I2C1_ER_IRQHandler
                0x0800187c                USBWakeUp_IRQHandler
 *fill*         0x0800187e        0x2 
 .text.__errno  0x08001880        0xc c:/progra~2/gnuarm~1/102021~1.10/bin/../lib/gcc/arm-none-eabi/10.3.1/../../../../arm-none-eabi/lib/thumb/v7-m/nofp\libg_nano.a(lib_a-errno.o)
                0x08001880                __errno
 .text.printf   0x0800188c       0x30 c:/progra~2/gnuarm~1/102021~1.10/bin/../lib/gcc/arm-none-eabi/10.3.1/../../../../arm-none-eabi/lib/thumb/v7-m/nofp\libg_nano.a(lib_a-printf.o)
                0x0800188c                iprintf
                0x0800188c                printf
 .text._puts_r  0x080018bc       0xdc c:/progra~2/gnuarm~1/102021~1.10/bin/../lib/gcc/arm-none-eabi/10.3.1/../../../../arm-none-eabi/lib/thumb/v7-m/nofp\libg_nano.a(lib_a-puts.o)
                0x080018bc                _puts_r
 .text.puts     0x08001998       0x10 c:/progra~2/gnuarm~1/102021~1.10/bin/../lib/gcc/arm-none-eabi/10.3.1/../../../../arm-none-eabi/lib/thumb/v7-m/nofp\libg_nano.a(lib_a-puts.o)
                0x08001998                puts
 .text.__swbuf_r
                0x080019a8       0xa4 c:/progra~2/gnuarm~1/102021~1.10/bin/../lib/gcc/arm-none-eabi/10.3.1/../../../../arm-none-eabi/lib/thumb/v7-m/nofp\libg_nano.a(lib_a-wbuf.o)
                0x080019a8                __swbuf_r
 .text.__swsetup_r
                0x08001a4c       0xdc c:/progra~2/gnuarm~1/102021~1.10/bin/../lib/gcc/arm-none-eabi/10.3.1/../../../../arm-none-eabi/lib/thumb/v7-m/nofp\libg_nano.a(lib_a-wsetup.o)
                0x08001a4c                __swsetup_r
 .text.__sflush_r
                0x08001b28      0x104 c:/progra~2/gnuarm~1/102021~1.10/bin/../lib/gcc/arm-none-eabi/10.3.1/../../../../arm-none-eabi/lib/thumb/v7-m/nofp\libg_nano.a(lib_a-fflush.o)
                0x08001b28                __sflush_r
 .text._fflush_r
                0x08001c2c       0x78 c:/progra~2/gnuarm~1/102021~1.10/bin/../lib/gcc/arm-none-eabi/10.3.1/../../../../arm-none-eabi/lib/thumb/v7-m/nofp\libg_nano.a(lib_a-fflush.o)
                0x08001c2c                _fflush_r
 .text.std      0x08001ca4       0x48 c:/progra~2/gnuarm~1/102021~1.10/bin/../lib/gcc/arm-none-eabi/10.3.1/../../../../arm-none-eabi/lib/thumb/v7-m/nofp\libg_nano.a(lib_a-findfp.o)
 .text._cleanup_r
                0x08001cec        0xc c:/progra~2/gnuarm~1/102021~1.10/bin/../lib/gcc/arm-none-eabi/10.3.1/../../../../arm-none-eabi/lib/thumb/v7-m/nofp\libg_nano.a(lib_a-findfp.o)
                0x08001cec                _cleanup_r
 .text.__sfmoreglue
                0x08001cf8       0x2c c:/progra~2/gnuarm~1/102021~1.10/bin/../lib/gcc/arm-none-eabi/10.3.1/../../../../arm-none-eabi/lib/thumb/v7-m/nofp\libg_nano.a(lib_a-findfp.o)
                0x08001cf8                __sfmoreglue
 .text.__sfp_lock_acquire
                0x08001d24        0xc c:/progra~2/gnuarm~1/102021~1.10/bin/../lib/gcc/arm-none-eabi/10.3.1/../../../../arm-none-eabi/lib/thumb/v7-m/nofp\libg_nano.a(lib_a-findfp.o)
                0x08001d24                __sfp_lock_acquire
 .text.__sfp_lock_release
                0x08001d30        0xc c:/progra~2/gnuarm~1/102021~1.10/bin/../lib/gcc/arm-none-eabi/10.3.1/../../../../arm-none-eabi/lib/thumb/v7-m/nofp\libg_nano.a(lib_a-findfp.o)
                0x08001d30                __sfp_lock_release
 .text.__sinit_lock_acquire
                0x08001d3c        0xc c:/progra~2/gnuarm~1/102021~1.10/bin/../lib/gcc/arm-none-eabi/10.3.1/../../../../arm-none-eabi/lib/thumb/v7-m/nofp\libg_nano.a(lib_a-findfp.o)
                0x08001d3c                __sinit_lock_acquire
 .text.__sinit_lock_release
                0x08001d48        0xc c:/progra~2/gnuarm~1/102021~1.10/bin/../lib/gcc/arm-none-eabi/10.3.1/../../../../arm-none-eabi/lib/thumb/v7-m/nofp\libg_nano.a(lib_a-findfp.o)
                0x08001d48                __sinit_lock_release
 .text.__sinit  0x08001d54       0x70 c:/progra~2/gnuarm~1/102021~1.10/bin/../lib/gcc/arm-none-eabi/10.3.1/../../../../arm-none-eabi/lib/thumb/v7-m/nofp\libg_nano.a(lib_a-findfp.o)
                0x08001d54                __sinit
 .text.__sfp    0x08001dc4       0x8c c:/progra~2/gnuarm~1/102021~1.10/bin/../lib/gcc/arm-none-eabi/10.3.1/../../../../arm-none-eabi/lib/thumb/v7-m/nofp\libg_nano.a(lib_a-findfp.o)
                0x08001dc4                __sfp
 .text._fwalk_reent
                0x08001e50       0x3e c:/progra~2/gnuarm~1/102021~1.10/bin/../lib/gcc/arm-none-eabi/10.3.1/../../../../arm-none-eabi/lib/thumb/v7-m/nofp\libg_nano.a(lib_a-fwalk.o)
                0x08001e50                _fwalk_reent
 .text.__retarget_lock_init_recursive
                0x08001e8e        0x2 c:/progra~2/gnuarm~1/102021~1.10/bin/../lib/gcc/arm-none-eabi/10.3.1/../../../../arm-none-eabi/lib/thumb/v7-m/nofp\libg_nano.a(lib_a-lock.o)
                0x08001e8e                __retarget_lock_init_recursive
 .text.__retarget_lock_acquire_recursive
                0x08001e90        0x2 c:/progra~2/gnuarm~1/102021~1.10/bin/../lib/gcc/arm-none-eabi/10.3.1/../../../../arm-none-eabi/lib/thumb/v7-m/nofp\libg_nano.a(lib_a-lock.o)
                0x08001e90                __retarget_lock_acquire_recursive
 .text.__retarget_lock_release_recursive
                0x08001e92        0x2 c:/progra~2/gnuarm~1/102021~1.10/bin/../lib/gcc/arm-none-eabi/10.3.1/../../../../arm-none-eabi/lib/thumb/v7-m/nofp\libg_nano.a(lib_a-lock.o)
                0x08001e92                __retarget_lock_release_recursive
 .text.__swhatbuf_r
                0x08001e94       0x4a c:/progra~2/gnuarm~1/102021~1.10/bin/../lib/gcc/arm-none-eabi/10.3.1/../../../../arm-none-eabi/lib/thumb/v7-m/nofp\libg_nano.a(lib_a-makebuf.o)
                0x08001e94                __swhatbuf_r
 *fill*         0x08001ede        0x2 
 .text.__smakebuf_r
                0x08001ee0       0x80 c:/progra~2/gnuarm~1/102021~1.10/bin/../lib/gcc/arm-none-eabi/10.3.1/../../../../arm-none-eabi/lib/thumb/v7-m/nofp\libg_nano.a(lib_a-makebuf.o)
                0x08001ee0                __smakebuf_r
 .text._free_r  0x08001f60       0x90 c:/progra~2/gnuarm~1/102021~1.10/bin/../lib/gcc/arm-none-eabi/10.3.1/../../../../arm-none-eabi/lib/thumb/v7-m/nofp\libg_nano.a(lib_a-nano-freer.o)
                0x08001f60                _free_r
 .text.sbrk_aligned
                0x08001ff0       0x40 c:/progra~2/gnuarm~1/102021~1.10/bin/../lib/gcc/arm-none-eabi/10.3.1/../../../../arm-none-eabi/lib/thumb/v7-m/nofp\libg_nano.a(lib_a-nano-mallocr.o)
 .text._malloc_r
                0x08002030       0xe8 c:/progra~2/gnuarm~1/102021~1.10/bin/../lib/gcc/arm-none-eabi/10.3.1/../../../../arm-none-eabi/lib/thumb/v7-m/nofp\libg_nano.a(lib_a-nano-mallocr.o)
                0x08002030                _malloc_r
 .text.__sfputc_r
                0x08002118       0x2a c:/progra~2/gnuarm~1/102021~1.10/bin/../lib/gcc/arm-none-eabi/10.3.1/../../../../arm-none-eabi/lib/thumb/v7-m/nofp\libg_nano.a(lib_a-nano-vfprintf.o)
 .text.__sfputs_r
                0x08002142       0x24 c:/progra~2/gnuarm~1/102021~1.10/bin/../lib/gcc/arm-none-eabi/10.3.1/../../../../arm-none-eabi/lib/thumb/v7-m/nofp\libg_nano.a(lib_a-nano-vfprintf.o)
                0x08002142                __sfputs_r
 *fill*         0x08002166        0x2 
 .text._vfprintf_r
                0x08002168      0x260 c:/progra~2/gnuarm~1/102021~1.10/bin/../lib/gcc/arm-none-eabi/10.3.1/../../../../arm-none-eabi/lib/thumb/v7-m/nofp\libg_nano.a(lib_a-nano-vfprintf.o)
                0x08002168                _vfprintf_r
                0x08002168                _vfiprintf_r
 .text._printf_common
                0x080023c8       0xde c:/progra~2/gnuarm~1/102021~1.10/bin/../lib/gcc/arm-none-eabi/10.3.1/../../../../arm-none-eabi/lib/thumb/v7-m/nofp\libg_nano.a(lib_a-nano-vfprintf_i.o)
                0x080023c8                _printf_common
 *fill*         0x080024a6        0x2 
 .text._printf_i
                0x080024a8      0x24c c:/progra~2/gnuarm~1/102021~1.10/bin/../lib/gcc/arm-none-eabi/10.3.1/../../../../arm-none-eabi/lib/thumb/v7-m/nofp\libg_nano.a(lib_a-nano-vfprintf_i.o)
                0x080024a8                _printf_i
 .text._sbrk_r  0x080026f4       0x20 c:/progra~2/gnuarm~1/102021~1.10/bin/../lib/gcc/arm-none-eabi/10.3.1/../../../../arm-none-eabi/lib/thumb/v7-m/nofp\libg_nano.a(lib_a-sbrkr.o)
                0x080026f4                _sbrk_r
 .text.__sread  0x08002714       0x22 c:/progra~2/gnuarm~1/102021~1.10/bin/../lib/gcc/arm-none-eabi/10.3.1/../../../../arm-none-eabi/lib/thumb/v7-m/nofp\libg_nano.a(lib_a-stdio.o)
                0x08002714                __sread
 .text.__swrite
                0x08002736       0x38 c:/progra~2/gnuarm~1/102021~1.10/bin/../lib/gcc/arm-none-eabi/10.3.1/../../../../arm-none-eabi/lib/thumb/v7-m/nofp\libg_nano.a(lib_a-stdio.o)
                0x08002736                __swrite
 .text.__sseek  0x0800276e       0x24 c:/progra~2/gnuarm~1/102021~1.10/bin/../lib/gcc/arm-none-eabi/10.3.1/../../../../arm-none-eabi/lib/thumb/v7-m/nofp\libg_nano.a(lib_a-stdio.o)
                0x0800276e                __sseek
 .text.__sclose
                0x08002792        0x8 c:/progra~2/gnuarm~1/102021~1.10/bin/../lib/gcc/arm-none-eabi/10.3.1/../../../../arm-none-eabi/lib/thumb/v7-m/nofp\libg_nano.a(lib_a-stdio.o)
                0x08002792                __sclose
 *fill*         0x0800279a        0x2 
 .text._write_r
                0x0800279c       0x24 c:/progra~2/gnuarm~1/102021~1.10/bin/../lib/gcc/arm-none-eabi/10.3.1/../../../../arm-none-eabi/lib/thumb/v7-m/nofp\libg_nano.a(lib_a-writer.o)
                0x0800279c                _write_r
 .text._close_r
                0x080027c0       0x20 c:/progra~2/gnuarm~1/102021~1.10/bin/../lib/gcc/arm-none-eabi/10.3.1/../../../../arm-none-eabi/lib/thumb/v7-m/nofp\libg_nano.a(lib_a-closer.o)
                0x080027c0                _close_r
 .text._fstat_r
                0x080027e0       0x24 c:/progra~2/gnuarm~1/102021~1.10/bin/../lib/gcc/arm-none-eabi/10.3.1/../../../../arm-none-eabi/lib/thumb/v7-m/nofp\libg_nano.a(lib_a-fstatr.o)
                0x080027e0                _fstat_r
 .text._isatty_r
                0x08002804       0x20 c:/progra~2/gnuarm~1/102021~1.10/bin/../lib/gcc/arm-none-eabi/10.3.1/../../../../arm-none-eabi/lib/thumb/v7-m/nofp\libg_nano.a(lib_a-isattyr.o)
                0x08002804                _isatty_r
 .text._lseek_r
                0x08002824       0x24 c:/progra~2/gnuarm~1/102021~1.10/bin/../lib/gcc/arm-none-eabi/10.3.1/../../../../arm-none-eabi/lib/thumb/v7-m/nofp\libg_nano.a(lib_a-lseekr.o)
                0x08002824                _lseek_r
 .text.memchr   0x08002848       0x1c c:/progra~2/gnuarm~1/102021~1.10/bin/../lib/gcc/arm-none-eabi/10.3.1/../../../../arm-none-eabi/lib/thumb/v7-m/nofp\libg_nano.a(lib_a-memchr-stub.o)
                0x08002848                memchr
 .text.__malloc_lock
                0x08002864        0xc c:/progra~2/gnuarm~1/102021~1.10/bin/../lib/gcc/arm-none-eabi/10.3.1/../../../../arm-none-eabi/lib/thumb/v7-m/nofp\libg_nano.a(lib_a-mlock.o)
                0x08002864                __malloc_lock
 .text.__malloc_unlock
                0x08002870        0xc c:/progra~2/gnuarm~1/102021~1.10/bin/../lib/gcc/arm-none-eabi/10.3.1/../../../../arm-none-eabi/lib/thumb/v7-m/nofp\libg_nano.a(lib_a-mlock.o)
                0x08002870                __malloc_unlock
 .text._read_r  0x0800287c       0x24 c:/progra~2/gnuarm~1/102021~1.10/bin/../lib/gcc/arm-none-eabi/10.3.1/../../../../arm-none-eabi/lib/thumb/v7-m/nofp\libg_nano.a(lib_a-readr.o)
                0x0800287c                _read_r
 *(.glue_7)
 .glue_7        0x080028a0        0x0 linker stubs
 *(.glue_7t)
 .glue_7t       0x080028a0        0x0 linker stubs
 *(.eh_frame)
 .eh_frame      0x080028a0        0x0 c:/progra~2/gnuarm~1/102021~1.10/bin/../lib/gcc/arm-none-eabi/10.3.1/thumb/v7-m/nofp/crtbegin.o
 *(.init)
 .init          0x080028a0        0x4 c:/progra~2/gnuarm~1/102021~1.10/bin/../lib/gcc/arm-none-eabi/10.3.1/thumb/v7-m/nofp/crti.o
                0x080028a0                _init
 .init          0x080028a4        0x8 c:/progra~2/gnuarm~1/102021~1.10/bin/../lib/gcc/arm-none-eabi/10.3.1/thumb/v7-m/nofp/crtn.o
 *(.fini)
 .fini          0x080028ac        0x4 c:/progra~2/gnuarm~1/102021~1.10/bin/../lib/gcc/arm-none-eabi/10.3.1/thumb/v7-m/nofp/crti.o
                0x080028ac                _fini
 .fini          0x080028b0        0x8 c:/progra~2/gnuarm~1/102021~1.10/bin/../lib/gcc/arm-none-eabi/10.3.1/thumb/v7-m/nofp/crtn.o
                0x080028b8                . = ALIGN (0x4)
                0x080028b8                _etext = .

.vfp11_veneer   0x080028b8        0x0
 .vfp11_veneer  0x080028b8        0x0 linker stubs

.v4_bx          0x080028b8        0x0
 .v4_bx         0x080028b8        0x0 linker stubs

.iplt           0x080028b8        0x0
 .iplt          0x080028b8        0x0 c:/progra~2/gnuarm~1/102021~1.10/bin/../lib/gcc/arm-none-eabi/10.3.1/thumb/v7-m/nofp/crtbegin.o

.rodata         0x080028b8      0x100
                0x080028b8                . = ALIGN (0x4)
 *(.rodata)
 .rodata        0x080028b8       0x3d CMakeFiles/Bootloader.dir/Core/Src/main.c.obj
 *fill*         0x080028f5        0x3 
 .rodata        0x080028f8       0x10 CMakeFiles/Bootloader.dir/Drivers/STM32F1xx_HAL_Driver/Src/stm32f1xx_hal_rcc.c.obj
 *(.rodata*)
 .rodata._global_impure_ptr
                0x08002908        0x4 c:/progra~2/gnuarm~1/102021~1.10/bin/../lib/gcc/arm-none-eabi/10.3.1/../../../../arm-none-eabi/lib/thumb/v7-m/nofp\libc_nano.a(lib_a-impure.o)
                0x08002908                _global_impure_ptr
 .rodata.AHBPrescTable
                0x0800290c       0x10 CMakeFiles/Bootloader.dir/Core/Src/system_stm32f1xx.c.obj
                0x0800290c                AHBPrescTable
 .rodata.APBPrescTable
                0x0800291c        0x8 CMakeFiles/Bootloader.dir/Core/Src/system_stm32f1xx.c.obj
                0x0800291c                APBPrescTable
 .rodata.__sf_fake_stderr
                0x08002924       0x20 c:/progra~2/gnuarm~1/102021~1.10/bin/../lib/gcc/arm-none-eabi/10.3.1/../../../../arm-none-eabi/lib/thumb/v7-m/nofp\libg_nano.a(lib_a-findfp.o)
                0x08002924                __sf_fake_stderr
 .rodata.__sf_fake_stdin
                0x08002944       0x20 c:/progra~2/gnuarm~1/102021~1.10/bin/../lib/gcc/arm-none-eabi/10.3.1/../../../../arm-none-eabi/lib/thumb/v7-m/nofp\libg_nano.a(lib_a-findfp.o)
                0x08002944                __sf_fake_stdin
 .rodata.__sf_fake_stdout
                0x08002964       0x20 c:/progra~2/gnuarm~1/102021~1.10/bin/../lib/gcc/arm-none-eabi/10.3.1/../../../../arm-none-eabi/lib/thumb/v7-m/nofp\libg_nano.a(lib_a-findfp.o)
                0x08002964                __sf_fake_stdout
 .rodata._vfprintf_r.str1.1
                0x08002984       0x11 c:/progra~2/gnuarm~1/102021~1.10/bin/../lib/gcc/arm-none-eabi/10.3.1/../../../../arm-none-eabi/lib/thumb/v7-m/nofp\libg_nano.a(lib_a-nano-vfprintf.o)
 .rodata._printf_i.str1.1
                0x08002995       0x22 c:/progra~2/gnuarm~1/102021~1.10/bin/../lib/gcc/arm-none-eabi/10.3.1/../../../../arm-none-eabi/lib/thumb/v7-m/nofp\libg_nano.a(lib_a-nano-vfprintf_i.o)
                0x080029b8                . = ALIGN (0x4)
 *fill*         0x080029b7        0x1 

.rel.dyn        0x080029b8        0x0
 .rel.iplt      0x080029b8        0x0 c:/progra~2/gnuarm~1/102021~1.10/bin/../lib/gcc/arm-none-eabi/10.3.1/thumb/v7-m/nofp/crtbegin.o

.ARM.extab
 *(.ARM.extab* .gnu.linkonce.armextab.*)

.ARM            0x080029b8        0x0
                0x080029b8                __exidx_start = .
 *(.ARM.exidx*)
                0x080029b8                __exidx_end = .

.preinit_array  0x080029b8        0x0
                0x080029b8                PROVIDE (__preinit_array_start = .)
 *(.preinit_array*)
                0x080029b8                PROVIDE (__preinit_array_end = .)

.init_array     0x080029b8        0x4
                0x080029b8                PROVIDE (__init_array_start = .)
 *(SORT_BY_NAME(.init_array.*))
 *(.init_array*)
 .init_array    0x080029b8        0x4 c:/progra~2/gnuarm~1/102021~1.10/bin/../lib/gcc/arm-none-eabi/10.3.1/thumb/v7-m/nofp/crtbegin.o
                0x080029bc                PROVIDE (__init_array_end = .)

.fini_array     0x080029bc        0x4
                [!provide]                PROVIDE (__fini_array_start = .)
 *(SORT_BY_NAME(.fini_array.*))
 *(.fini_array*)
 .fini_array    0x080029bc        0x4 c:/progra~2/gnuarm~1/102021~1.10/bin/../lib/gcc/arm-none-eabi/10.3.1/thumb/v7-m/nofp/crtbegin.o
                [!provide]                PROVIDE (__fini_array_end = .)
                0x080029c0                _sidata = LOADADDR (.data)

.data           0x20000000       0x74 load address 0x080029c0
                0x20000000                . = ALIGN (0x4)
                0x20000000                _sdata = .
 *(.data)
 *(.data*)
 .data._impure_ptr
                0x20000000        0x4 c:/progra~2/gnuarm~1/102021~1.10/bin/../lib/gcc/arm-none-eabi/10.3.1/../../../../arm-none-eabi/lib/thumb/v7-m/nofp\libc_nano.a(lib_a-impure.o)
                0x20000000                _impure_ptr
 .data.impure_data
                0x20000004       0x60 c:/progra~2/gnuarm~1/102021~1.10/bin/../lib/gcc/arm-none-eabi/10.3.1/../../../../arm-none-eabi/lib/thumb/v7-m/nofp\libc_nano.a(lib_a-impure.o)
 .data.BL_Version
                0x20000064        0x2 CMakeFiles/Bootloader.dir/Core/Src/main.c.obj
                0x20000064                BL_Version
 *fill*         0x20000066        0x2 
 .data.uwTickPrio
                0x20000068        0x4 CMakeFiles/Bootloader.dir/Drivers/STM32F1xx_HAL_Driver/Src/stm32f1xx_hal.c.obj
                0x20000068                uwTickPrio
 .data.uwTickFreq
                0x2000006c        0x1 CMakeFiles/Bootloader.dir/Drivers/STM32F1xx_HAL_Driver/Src/stm32f1xx_hal.c.obj
                0x2000006c                uwTickFreq
 *fill*         0x2000006d        0x3 
 .data.SystemCoreClock
                0x20000070        0x4 CMakeFiles/Bootloader.dir/Core/Src/system_stm32f1xx.c.obj
                0x20000070                SystemCoreClock
                0x20000074                . = ALIGN (0x4)
                0x20000074                _edata = .

.igot.plt       0x20000074        0x0 load address 0x08002a34
 .igot.plt      0x20000074        0x0 c:/progra~2/gnuarm~1/102021~1.10/bin/../lib/gcc/arm-none-eabi/10.3.1/thumb/v7-m/nofp/crtbegin.o
                0x20000074                . = ALIGN (0x4)

.bss            0x20000074       0x78 load address 0x08002a34
                0x20000074                _sbss = .
                0x20000074                __bss_start__ = _sbss
 *(.bss)
 .bss           0x20000074       0x1c c:/progra~2/gnuarm~1/102021~1.10/bin/../lib/gcc/arm-none-eabi/10.3.1/thumb/v7-m/nofp/crtbegin.o
 *(.bss*)
 .bss.huart1    0x20000090       0x44 CMakeFiles/Bootloader.dir/Core/Src/main.c.obj
                0x20000090                huart1
 .bss.uwTick    0x200000d4        0x4 CMakeFiles/Bootloader.dir/Drivers/STM32F1xx_HAL_Driver/Src/stm32f1xx_hal.c.obj
                0x200000d4                uwTick
 .bss.__sbrk_heap_end
                0x200000d8        0x4 CMakeFiles/Bootloader.dir/Core/Src/sysmem.c.obj
 .bss.__lock___malloc_recursive_mutex
                0x200000dc        0x1 c:/progra~2/gnuarm~1/102021~1.10/bin/../lib/gcc/arm-none-eabi/10.3.1/../../../../arm-none-eabi/lib/thumb/v7-m/nofp\libg_nano.a(lib_a-lock.o)
                0x200000dc                __lock___malloc_recursive_mutex
 .bss.__lock___sfp_recursive_mutex
                0x200000dd        0x1 c:/progra~2/gnuarm~1/102021~1.10/bin/../lib/gcc/arm-none-eabi/10.3.1/../../../../arm-none-eabi/lib/thumb/v7-m/nofp\libg_nano.a(lib_a-lock.o)
                0x200000dd                __lock___sfp_recursive_mutex
 .bss.__lock___sinit_recursive_mutex
                0x200000de        0x1 c:/progra~2/gnuarm~1/102021~1.10/bin/../lib/gcc/arm-none-eabi/10.3.1/../../../../arm-none-eabi/lib/thumb/v7-m/nofp\libg_nano.a(lib_a-lock.o)
                0x200000de                __lock___sinit_recursive_mutex
 *fill*         0x200000df        0x1 
 .bss.__malloc_free_list
                0x200000e0        0x4 c:/progra~2/gnuarm~1/102021~1.10/bin/../lib/gcc/arm-none-eabi/10.3.1/../../../../arm-none-eabi/lib/thumb/v7-m/nofp\libg_nano.a(lib_a-nano-mallocr.o)
                0x200000e0                __malloc_free_list
 .bss.__malloc_sbrk_start
                0x200000e4        0x4 c:/progra~2/gnuarm~1/102021~1.10/bin/../lib/gcc/arm-none-eabi/10.3.1/../../../../arm-none-eabi/lib/thumb/v7-m/nofp\libg_nano.a(lib_a-nano-mallocr.o)
                0x200000e4                __malloc_sbrk_start
 .bss.errno     0x200000e8        0x4 c:/progra~2/gnuarm~1/102021~1.10/bin/../lib/gcc/arm-none-eabi/10.3.1/../../../../arm-none-eabi/lib/thumb/v7-m/nofp\libg_nano.a(lib_a-reent.o)
                0x200000e8                errno
 *(COMMON)
                0x200000ec                . = ALIGN (0x4)
                0x200000ec                _ebss = .
                0x200000ec                __bss_end__ = _ebss

._user_heap_stack
                0x200000ec      0x604 load address 0x08002a34
                0x200000f0                . = ALIGN (0x8)
 *fill*         0x200000ec        0x4 
                [!provide]                PROVIDE (end = .)
                0x200000f0                PROVIDE (_end = .)
                0x200002f0                . = (. + _Min_Heap_Size)
 *fill*         0x200000f0      0x200 
                0x200006f0                . = (. + _Min_Stack_Size)
 *fill*         0x200002f0      0x400 
                0x200006f0                . = ALIGN (0x8)

/DISCARD/
 libc.a(*)
 libm.a(*)
 libgcc.a(*)
OUTPUT(Bootloader.elf elf32-littlearm)
LOAD linker stubs
LOAD c:/progra~2/gnuarm~1/102021~1.10/bin/../lib/gcc/arm-none-eabi/10.3.1/../../../../arm-none-eabi/lib/thumb/v7-m/nofp\libc.a
LOAD c:/progra~2/gnuarm~1/102021~1.10/bin/../lib/gcc/arm-none-eabi/10.3.1/../../../../arm-none-eabi/lib/thumb/v7-m/nofp\libm.a
LOAD c:/progra~2/gnuarm~1/102021~1.10/bin/../lib/gcc/arm-none-eabi/10.3.1/thumb/v7-m/nofp\libgcc.a

.ARM.attributes
                0x00000000       0x29
 .ARM.attributes
                0x00000000       0x1d c:/progra~2/gnuarm~1/102021~1.10/bin/../lib/gcc/arm-none-eabi/10.3.1/thumb/v7-m/nofp/crti.o
 .ARM.attributes
                0x0000001d       0x2d c:/progra~2/gnuarm~1/102021~1.10/bin/../lib/gcc/arm-none-eabi/10.3.1/thumb/v7-m/nofp/crtbegin.o
 .ARM.attributes
                0x0000004a       0x2d c:/progra~2/gnuarm~1/102021~1.10/bin/../lib/gcc/arm-none-eabi/10.3.1/../../../../arm-none-eabi/lib/thumb/v7-m/nofp\libc_nano.a(lib_a-impure.o)
 .ARM.attributes
                0x00000077       0x2d c:/progra~2/gnuarm~1/102021~1.10/bin/../lib/gcc/arm-none-eabi/10.3.1/../../../../arm-none-eabi/lib/thumb/v7-m/nofp\libc_nano.a(lib_a-init.o)
 .ARM.attributes
                0x000000a4       0x2d c:/progra~2/gnuarm~1/102021~1.10/bin/../lib/gcc/arm-none-eabi/10.3.1/../../../../arm-none-eabi/lib/thumb/v7-m/nofp\libc_nano.a(lib_a-memset.o)
 .ARM.attributes
                0x000000d1       0x2d CMakeFiles/Bootloader.dir/Core/Src/main.c.obj
 .ARM.attributes
                0x000000fe       0x2d CMakeFiles/Bootloader.dir/Core/Src/stm32f1xx_it.c.obj
 .ARM.attributes
                0x0000012b       0x2d CMakeFiles/Bootloader.dir/Core/Src/stm32f1xx_hal_msp.c.obj
 .ARM.attributes
                0x00000158       0x2d CMakeFiles/Bootloader.dir/Drivers/STM32F1xx_HAL_Driver/Src/stm32f1xx_hal_uart.c.obj
 .ARM.attributes
                0x00000185       0x2d CMakeFiles/Bootloader.dir/Drivers/STM32F1xx_HAL_Driver/Src/stm32f1xx_hal.c.obj
 .ARM.attributes
                0x000001b2       0x2d CMakeFiles/Bootloader.dir/Drivers/STM32F1xx_HAL_Driver/Src/stm32f1xx_hal_rcc.c.obj
 .ARM.attributes
                0x000001df       0x2d CMakeFiles/Bootloader.dir/Drivers/STM32F1xx_HAL_Driver/Src/stm32f1xx_hal_gpio.c.obj
 .ARM.attributes
                0x0000020c       0x2d CMakeFiles/Bootloader.dir/Drivers/STM32F1xx_HAL_Driver/Src/stm32f1xx_hal_cortex.c.obj
 .ARM.attributes
                0x00000239       0x2d CMakeFiles/Bootloader.dir/Core/Src/system_stm32f1xx.c.obj
 .ARM.attributes
                0x00000266       0x2d CMakeFiles/Bootloader.dir/Core/Src/sysmem.c.obj
 .ARM.attributes
                0x00000293       0x2d CMakeFiles/Bootloader.dir/Core/Src/syscalls.c.obj
 .ARM.attributes
                0x000002c0       0x21 CMakeFiles/Bootloader.dir/startup_stm32f103xb.s.obj
 .ARM.attributes
                0x000002e1       0x2d c:/progra~2/gnuarm~1/102021~1.10/bin/../lib/gcc/arm-none-eabi/10.3.1/../../../../arm-none-eabi/lib/thumb/v7-m/nofp\libg_nano.a(lib_a-errno.o)
 .ARM.attributes
                0x0000030e       0x2d c:/progra~2/gnuarm~1/102021~1.10/bin/../lib/gcc/arm-none-eabi/10.3.1/../../../../arm-none-eabi/lib/thumb/v7-m/nofp\libg_nano.a(lib_a-printf.o)
 .ARM.attributes
                0x0000033b       0x2d c:/progra~2/gnuarm~1/102021~1.10/bin/../lib/gcc/arm-none-eabi/10.3.1/../../../../arm-none-eabi/lib/thumb/v7-m/nofp\libg_nano.a(lib_a-puts.o)
 .ARM.attributes
                0x00000368       0x2d c:/progra~2/gnuarm~1/102021~1.10/bin/../lib/gcc/arm-none-eabi/10.3.1/../../../../arm-none-eabi/lib/thumb/v7-m/nofp\libg_nano.a(lib_a-wbuf.o)
 .ARM.attributes
                0x00000395       0x2d c:/progra~2/gnuarm~1/102021~1.10/bin/../lib/gcc/arm-none-eabi/10.3.1/../../../../arm-none-eabi/lib/thumb/v7-m/nofp\libg_nano.a(lib_a-wsetup.o)
 .ARM.attributes
                0x000003c2       0x2d c:/progra~2/gnuarm~1/102021~1.10/bin/../lib/gcc/arm-none-eabi/10.3.1/../../../../arm-none-eabi/lib/thumb/v7-m/nofp\libg_nano.a(lib_a-fflush.o)
 .ARM.attributes
                0x000003ef       0x2d c:/progra~2/gnuarm~1/102021~1.10/bin/../lib/gcc/arm-none-eabi/10.3.1/../../../../arm-none-eabi/lib/thumb/v7-m/nofp\libg_nano.a(lib_a-findfp.o)
 .ARM.attributes
                0x0000041c       0x2d c:/progra~2/gnuarm~1/102021~1.10/bin/../lib/gcc/arm-none-eabi/10.3.1/../../../../arm-none-eabi/lib/thumb/v7-m/nofp\libg_nano.a(lib_a-fwalk.o)
 .ARM.attributes
                0x00000449       0x2d c:/progra~2/gnuarm~1/102021~1.10/bin/../lib/gcc/arm-none-eabi/10.3.1/../../../../arm-none-eabi/lib/thumb/v7-m/nofp\libg_nano.a(lib_a-lock.o)
 .ARM.attributes
                0x00000476       0x2d c:/progra~2/gnuarm~1/102021~1.10/bin/../lib/gcc/arm-none-eabi/10.3.1/../../../../arm-none-eabi/lib/thumb/v7-m/nofp\libg_nano.a(lib_a-makebuf.o)
 .ARM.attributes
                0x000004a3       0x2d c:/progra~2/gnuarm~1/102021~1.10/bin/../lib/gcc/arm-none-eabi/10.3.1/../../../../arm-none-eabi/lib/thumb/v7-m/nofp\libg_nano.a(lib_a-nano-freer.o)
 .ARM.attributes
                0x000004d0       0x2d c:/progra~2/gnuarm~1/102021~1.10/bin/../lib/gcc/arm-none-eabi/10.3.1/../../../../arm-none-eabi/lib/thumb/v7-m/nofp\libg_nano.a(lib_a-nano-mallocr.o)
 .ARM.attributes
                0x000004fd       0x2d c:/progra~2/gnuarm~1/102021~1.10/bin/../lib/gcc/arm-none-eabi/10.3.1/../../../../arm-none-eabi/lib/thumb/v7-m/nofp\libg_nano.a(lib_a-nano-vfprintf.o)
 .ARM.attributes
                0x0000052a       0x2d c:/progra~2/gnuarm~1/102021~1.10/bin/../lib/gcc/arm-none-eabi/10.3.1/../../../../arm-none-eabi/lib/thumb/v7-m/nofp\libg_nano.a(lib_a-nano-vfprintf_i.o)
 .ARM.attributes
                0x00000557       0x2d c:/progra~2/gnuarm~1/102021~1.10/bin/../lib/gcc/arm-none-eabi/10.3.1/../../../../arm-none-eabi/lib/thumb/v7-m/nofp\libg_nano.a(lib_a-sbrkr.o)
 .ARM.attributes
                0x00000584       0x2d c:/progra~2/gnuarm~1/102021~1.10/bin/../lib/gcc/arm-none-eabi/10.3.1/../../../../arm-none-eabi/lib/thumb/v7-m/nofp\libg_nano.a(lib_a-stdio.o)
 .ARM.attributes
                0x000005b1       0x2d c:/progra~2/gnuarm~1/102021~1.10/bin/../lib/gcc/arm-none-eabi/10.3.1/../../../../arm-none-eabi/lib/thumb/v7-m/nofp\libg_nano.a(lib_a-writer.o)
 .ARM.attributes
                0x000005de       0x2d c:/progra~2/gnuarm~1/102021~1.10/bin/../lib/gcc/arm-none-eabi/10.3.1/../../../../arm-none-eabi/lib/thumb/v7-m/nofp\libg_nano.a(lib_a-closer.o)
 .ARM.attributes
                0x0000060b       0x2d c:/progra~2/gnuarm~1/102021~1.10/bin/../lib/gcc/arm-none-eabi/10.3.1/../../../../arm-none-eabi/lib/thumb/v7-m/nofp\libg_nano.a(lib_a-fstatr.o)
 .ARM.attributes
                0x00000638       0x2d c:/progra~2/gnuarm~1/102021~1.10/bin/../lib/gcc/arm-none-eabi/10.3.1/../../../../arm-none-eabi/lib/thumb/v7-m/nofp\libg_nano.a(lib_a-isattyr.o)
 .ARM.attributes
                0x00000665       0x2d c:/progra~2/gnuarm~1/102021~1.10/bin/../lib/gcc/arm-none-eabi/10.3.1/../../../../arm-none-eabi/lib/thumb/v7-m/nofp\libg_nano.a(lib_a-lseekr.o)
 .ARM.attributes
                0x00000692       0x2d c:/progra~2/gnuarm~1/102021~1.10/bin/../lib/gcc/arm-none-eabi/10.3.1/../../../../arm-none-eabi/lib/thumb/v7-m/nofp\libg_nano.a(lib_a-memchr-stub.o)
 .ARM.attributes
                0x000006bf       0x2d c:/progra~2/gnuarm~1/102021~1.10/bin/../lib/gcc/arm-none-eabi/10.3.1/../../../../arm-none-eabi/lib/thumb/v7-m/nofp\libg_nano.a(lib_a-mlock.o)
 .ARM.attributes
                0x000006ec       0x2d c:/progra~2/gnuarm~1/102021~1.10/bin/../lib/gcc/arm-none-eabi/10.3.1/../../../../arm-none-eabi/lib/thumb/v7-m/nofp\libg_nano.a(lib_a-readr.o)
 .ARM.attributes
                0x00000719       0x2d c:/progra~2/gnuarm~1/102021~1.10/bin/../lib/gcc/arm-none-eabi/10.3.1/../../../../arm-none-eabi/lib/thumb/v7-m/nofp\libg_nano.a(lib_a-reent.o)
 .ARM.attributes
                0x00000746       0x1d c:/progra~2/gnuarm~1/102021~1.10/bin/../lib/gcc/arm-none-eabi/10.3.1/thumb/v7-m/nofp/crtn.o

.comment        0x00000000       0x49
 .comment       0x00000000       0x49 CMakeFiles/Bootloader.dir/Core/Src/main.c.obj
                                 0x4a (size before relaxing)
 .comment       0x00000049       0x4a CMakeFiles/Bootloader.dir/Core/Src/stm32f1xx_it.c.obj
 .comment       0x00000049       0x4a CMakeFiles/Bootloader.dir/Core/Src/stm32f1xx_hal_msp.c.obj
 .comment       0x00000049       0x4a CMakeFiles/Bootloader.dir/Drivers/STM32F1xx_HAL_Driver/Src/stm32f1xx_hal_uart.c.obj
 .comment       0x00000049       0x4a CMakeFiles/Bootloader.dir/Drivers/STM32F1xx_HAL_Driver/Src/stm32f1xx_hal.c.obj
 .comment       0x00000049       0x4a CMakeFiles/Bootloader.dir/Drivers/STM32F1xx_HAL_Driver/Src/stm32f1xx_hal_rcc.c.obj
 .comment       0x00000049       0x4a CMakeFiles/Bootloader.dir/Drivers/STM32F1xx_HAL_Driver/Src/stm32f1xx_hal_gpio.c.obj
 .comment       0x00000049       0x4a CMakeFiles/Bootloader.dir/Drivers/STM32F1xx_HAL_Driver/Src/stm32f1xx_hal_cortex.c.obj
 .comment       0x00000049       0x4a CMakeFiles/Bootloader.dir/Core/Src/system_stm32f1xx.c.obj
 .comment       0x00000049       0x4a CMakeFiles/Bootloader.dir/Core/Src/sysmem.c.obj
 .comment       0x00000049       0x4a CMakeFiles/Bootloader.dir/Core/Src/syscalls.c.obj

.debug_frame    0x00000000     0x2214
 .debug_frame   0x00000000       0x2c c:/progra~2/gnuarm~1/102021~1.10/bin/../lib/gcc/arm-none-eabi/10.3.1/../../../../arm-none-eabi/lib/thumb/v7-m/nofp\libc_nano.a(lib_a-init.o)
 .debug_frame   0x0000002c       0x20 c:/progra~2/gnuarm~1/102021~1.10/bin/../lib/gcc/arm-none-eabi/10.3.1/../../../../arm-none-eabi/lib/thumb/v7-m/nofp\libc_nano.a(lib_a-memset.o)
 .debug_frame   0x0000004c       0xf4 CMakeFiles/Bootloader.dir/Core/Src/main.c.obj
 .debug_frame   0x00000140      0x104 CMakeFiles/Bootloader.dir/Core/Src/stm32f1xx_it.c.obj
 .debug_frame   0x00000244       0x80 CMakeFiles/Bootloader.dir/Core/Src/stm32f1xx_hal_msp.c.obj
 .debug_frame   0x000002c4      0x914 CMakeFiles/Bootloader.dir/Drivers/STM32F1xx_HAL_Driver/Src/stm32f1xx_hal_uart.c.obj
 .debug_frame   0x00000bd8      0x334 CMakeFiles/Bootloader.dir/Drivers/STM32F1xx_HAL_Driver/Src/stm32f1xx_hal.c.obj
 .debug_frame   0x00000f0c      0x21c CMakeFiles/Bootloader.dir/Drivers/STM32F1xx_HAL_Driver/Src/stm32f1xx_hal_rcc.c.obj
 .debug_frame   0x00001128      0x14c CMakeFiles/Bootloader.dir/Drivers/STM32F1xx_HAL_Driver/Src/stm32f1xx_hal_gpio.c.obj
 .debug_frame   0x00001274      0x428 CMakeFiles/Bootloader.dir/Drivers/STM32F1xx_HAL_Driver/Src/stm32f1xx_hal_cortex.c.obj
 .debug_frame   0x0000169c       0x58 CMakeFiles/Bootloader.dir/Core/Src/system_stm32f1xx.c.obj
 .debug_frame   0x000016f4       0x34 CMakeFiles/Bootloader.dir/Core/Src/sysmem.c.obj
 .debug_frame   0x00001728      0x2ac CMakeFiles/Bootloader.dir/Core/Src/syscalls.c.obj
 .debug_frame   0x000019d4       0x20 c:/progra~2/gnuarm~1/102021~1.10/bin/../lib/gcc/arm-none-eabi/10.3.1/../../../../arm-none-eabi/lib/thumb/v7-m/nofp\libg_nano.a(lib_a-errno.o)
 .debug_frame   0x000019f4       0x74 c:/progra~2/gnuarm~1/102021~1.10/bin/../lib/gcc/arm-none-eabi/10.3.1/../../../../arm-none-eabi/lib/thumb/v7-m/nofp\libg_nano.a(lib_a-printf.o)
 .debug_frame   0x00001a68       0x3c c:/progra~2/gnuarm~1/102021~1.10/bin/../lib/gcc/arm-none-eabi/10.3.1/../../../../arm-none-eabi/lib/thumb/v7-m/nofp\libg_nano.a(lib_a-puts.o)
 .debug_frame   0x00001aa4       0x40 c:/progra~2/gnuarm~1/102021~1.10/bin/../lib/gcc/arm-none-eabi/10.3.1/../../../../arm-none-eabi/lib/thumb/v7-m/nofp\libg_nano.a(lib_a-wbuf.o)
 .debug_frame   0x00001ae4       0x2c c:/progra~2/gnuarm~1/102021~1.10/bin/../lib/gcc/arm-none-eabi/10.3.1/../../../../arm-none-eabi/lib/thumb/v7-m/nofp\libg_nano.a(lib_a-wsetup.o)
 .debug_frame   0x00001b10       0x5c c:/progra~2/gnuarm~1/102021~1.10/bin/../lib/gcc/arm-none-eabi/10.3.1/../../../../arm-none-eabi/lib/thumb/v7-m/nofp\libg_nano.a(lib_a-fflush.o)
 .debug_frame   0x00001b6c      0x14c c:/progra~2/gnuarm~1/102021~1.10/bin/../lib/gcc/arm-none-eabi/10.3.1/../../../../arm-none-eabi/lib/thumb/v7-m/nofp\libg_nano.a(lib_a-findfp.o)
 .debug_frame   0x00001cb8       0x54 c:/progra~2/gnuarm~1/102021~1.10/bin/../lib/gcc/arm-none-eabi/10.3.1/../../../../arm-none-eabi/lib/thumb/v7-m/nofp\libg_nano.a(lib_a-fwalk.o)
 .debug_frame   0x00001d0c       0xb0 c:/progra~2/gnuarm~1/102021~1.10/bin/../lib/gcc/arm-none-eabi/10.3.1/../../../../arm-none-eabi/lib/thumb/v7-m/nofp\libg_nano.a(lib_a-lock.o)
 .debug_frame   0x00001dbc       0x58 c:/progra~2/gnuarm~1/102021~1.10/bin/../lib/gcc/arm-none-eabi/10.3.1/../../../../arm-none-eabi/lib/thumb/v7-m/nofp\libg_nano.a(lib_a-makebuf.o)
 .debug_frame   0x00001e14       0x38 c:/progra~2/gnuarm~1/102021~1.10/bin/../lib/gcc/arm-none-eabi/10.3.1/../../../../arm-none-eabi/lib/thumb/v7-m/nofp\libg_nano.a(lib_a-nano-freer.o)
 .debug_frame   0x00001e4c       0x4c c:/progra~2/gnuarm~1/102021~1.10/bin/../lib/gcc/arm-none-eabi/10.3.1/../../../../arm-none-eabi/lib/thumb/v7-m/nofp\libg_nano.a(lib_a-nano-mallocr.o)
 .debug_frame   0x00001e98       0xac c:/progra~2/gnuarm~1/102021~1.10/bin/../lib/gcc/arm-none-eabi/10.3.1/../../../../arm-none-eabi/lib/thumb/v7-m/nofp\libg_nano.a(lib_a-nano-vfprintf.o)
 .debug_frame   0x00001f44       0x60 c:/progra~2/gnuarm~1/102021~1.10/bin/../lib/gcc/arm-none-eabi/10.3.1/../../../../arm-none-eabi/lib/thumb/v7-m/nofp\libg_nano.a(lib_a-nano-vfprintf_i.o)
 .debug_frame   0x00001fa4       0x2c c:/progra~2/gnuarm~1/102021~1.10/bin/../lib/gcc/arm-none-eabi/10.3.1/../../../../arm-none-eabi/lib/thumb/v7-m/nofp\libg_nano.a(lib_a-sbrkr.o)
 .debug_frame   0x00001fd0       0x88 c:/progra~2/gnuarm~1/102021~1.10/bin/../lib/gcc/arm-none-eabi/10.3.1/../../../../arm-none-eabi/lib/thumb/v7-m/nofp\libg_nano.a(lib_a-stdio.o)
 .debug_frame   0x00002058       0x2c c:/progra~2/gnuarm~1/102021~1.10/bin/../lib/gcc/arm-none-eabi/10.3.1/../../../../arm-none-eabi/lib/thumb/v7-m/nofp\libg_nano.a(lib_a-writer.o)
 .debug_frame   0x00002084       0x2c c:/progra~2/gnuarm~1/102021~1.10/bin/../lib/gcc/arm-none-eabi/10.3.1/../../../../arm-none-eabi/lib/thumb/v7-m/nofp\libg_nano.a(lib_a-closer.o)
 .debug_frame   0x000020b0       0x2c c:/progra~2/gnuarm~1/102021~1.10/bin/../lib/gcc/arm-none-eabi/10.3.1/../../../../arm-none-eabi/lib/thumb/v7-m/nofp\libg_nano.a(lib_a-fstatr.o)
 .debug_frame   0x000020dc       0x2c c:/progra~2/gnuarm~1/102021~1.10/bin/../lib/gcc/arm-none-eabi/10.3.1/../../../../arm-none-eabi/lib/thumb/v7-m/nofp\libg_nano.a(lib_a-isattyr.o)
 .debug_frame   0x00002108       0x2c c:/progra~2/gnuarm~1/102021~1.10/bin/../lib/gcc/arm-none-eabi/10.3.1/../../../../arm-none-eabi/lib/thumb/v7-m/nofp\libg_nano.a(lib_a-lseekr.o)
 .debug_frame   0x00002134       0x28 c:/progra~2/gnuarm~1/102021~1.10/bin/../lib/gcc/arm-none-eabi/10.3.1/../../../../arm-none-eabi/lib/thumb/v7-m/nofp\libg_nano.a(lib_a-memchr-stub.o)
 .debug_frame   0x0000215c       0x30 c:/progra~2/gnuarm~1/102021~1.10/bin/../lib/gcc/arm-none-eabi/10.3.1/../../../../arm-none-eabi/lib/thumb/v7-m/nofp\libg_nano.a(lib_a-mlock.o)
 .debug_frame   0x0000218c       0x2c c:/progra~2/gnuarm~1/102021~1.10/bin/../lib/gcc/arm-none-eabi/10.3.1/../../../../arm-none-eabi/lib/thumb/v7-m/nofp\libg_nano.a(lib_a-readr.o)
 .debug_frame   0x000021b8       0x5c c:/progra~2/gnuarm~1/102021~1.10/bin/../lib/gcc/arm-none-eabi/10.3.1/../../../../arm-none-eabi/lib/thumb/v7-m/nofp\libg_nano.a(lib_a-reent.o)

.debug_info     0x00000000     0x5294
 .debug_info    0x00000000      0x993 CMakeFiles/Bootloader.dir/Core/Src/main.c.obj
 .debug_info    0x00000993      0x119 CMakeFiles/Bootloader.dir/Core/Src/stm32f1xx_it.c.obj
 .debug_info    0x00000aac      0x803 CMakeFiles/Bootloader.dir/Core/Src/stm32f1xx_hal_msp.c.obj
 .debug_info    0x000012af     0x1546 CMakeFiles/Bootloader.dir/Drivers/STM32F1xx_HAL_Driver/Src/stm32f1xx_hal_uart.c.obj
 .debug_info    0x000027f5      0x6e1 CMakeFiles/Bootloader.dir/Drivers/STM32F1xx_HAL_Driver/Src/stm32f1xx_hal.c.obj
 .debug_info    0x00002ed6      0x819 CMakeFiles/Bootloader.dir/Drivers/STM32F1xx_HAL_Driver/Src/stm32f1xx_hal_rcc.c.obj
 .debug_info    0x000036ef      0x615 CMakeFiles/Bootloader.dir/Drivers/STM32F1xx_HAL_Driver/Src/stm32f1xx_hal_gpio.c.obj
 .debug_info    0x00003d04      0xb20 CMakeFiles/Bootloader.dir/Drivers/STM32F1xx_HAL_Driver/Src/stm32f1xx_hal_cortex.c.obj
 .debug_info    0x00004824      0x23d CMakeFiles/Bootloader.dir/Core/Src/system_stm32f1xx.c.obj
 .debug_info    0x00004a61      0x15f CMakeFiles/Bootloader.dir/Core/Src/sysmem.c.obj
 .debug_info    0x00004bc0      0x6b2 CMakeFiles/Bootloader.dir/Core/Src/syscalls.c.obj
 .debug_info    0x00005272       0x22 CMakeFiles/Bootloader.dir/startup_stm32f103xb.s.obj

.debug_abbrev   0x00000000     0x128d
 .debug_abbrev  0x00000000      0x21e CMakeFiles/Bootloader.dir/Core/Src/main.c.obj
 .debug_abbrev  0x0000021e       0x61 CMakeFiles/Bootloader.dir/Core/Src/stm32f1xx_it.c.obj
 .debug_abbrev  0x0000027f      0x17f CMakeFiles/Bootloader.dir/Core/Src/stm32f1xx_hal_msp.c.obj
 .debug_abbrev  0x000003fe      0x24c CMakeFiles/Bootloader.dir/Drivers/STM32F1xx_HAL_Driver/Src/stm32f1xx_hal_uart.c.obj
 .debug_abbrev  0x0000064a      0x1c8 CMakeFiles/Bootloader.dir/Drivers/STM32F1xx_HAL_Driver/Src/stm32f1xx_hal.c.obj
 .debug_abbrev  0x00000812      0x260 CMakeFiles/Bootloader.dir/Drivers/STM32F1xx_HAL_Driver/Src/stm32f1xx_hal_rcc.c.obj
 .debug_abbrev  0x00000a72      0x1bb CMakeFiles/Bootloader.dir/Drivers/STM32F1xx_HAL_Driver/Src/stm32f1xx_hal_gpio.c.obj
 .debug_abbrev  0x00000c2d      0x2ed CMakeFiles/Bootloader.dir/Drivers/STM32F1xx_HAL_Driver/Src/stm32f1xx_hal_cortex.c.obj
 .debug_abbrev  0x00000f1a      0x13b CMakeFiles/Bootloader.dir/Core/Src/system_stm32f1xx.c.obj
 .debug_abbrev  0x00001055       0xa6 CMakeFiles/Bootloader.dir/Core/Src/sysmem.c.obj
 .debug_abbrev  0x000010fb      0x180 CMakeFiles/Bootloader.dir/Core/Src/syscalls.c.obj
 .debug_abbrev  0x0000127b       0x12 CMakeFiles/Bootloader.dir/startup_stm32f103xb.s.obj

.debug_aranges  0x00000000      0x6c0
 .debug_aranges
                0x00000000       0x50 CMakeFiles/Bootloader.dir/Core/Src/main.c.obj
 .debug_aranges
                0x00000050       0x60 CMakeFiles/Bootloader.dir/Core/Src/stm32f1xx_it.c.obj
 .debug_aranges
                0x000000b0       0x30 CMakeFiles/Bootloader.dir/Core/Src/stm32f1xx_hal_msp.c.obj
 .debug_aranges
                0x000000e0      0x200 CMakeFiles/Bootloader.dir/Drivers/STM32F1xx_HAL_Driver/Src/stm32f1xx_hal_uart.c.obj
 .debug_aranges
                0x000002e0       0xe0 CMakeFiles/Bootloader.dir/Drivers/STM32F1xx_HAL_Driver/Src/stm32f1xx_hal.c.obj
 .debug_aranges
                0x000003c0       0x90 CMakeFiles/Bootloader.dir/Drivers/STM32F1xx_HAL_Driver/Src/stm32f1xx_hal_rcc.c.obj
 .debug_aranges
                0x00000450       0x58 CMakeFiles/Bootloader.dir/Drivers/STM32F1xx_HAL_Driver/Src/stm32f1xx_hal_gpio.c.obj
 .debug_aranges
                0x000004a8      0x100 CMakeFiles/Bootloader.dir/Drivers/STM32F1xx_HAL_Driver/Src/stm32f1xx_hal_cortex.c.obj
 .debug_aranges
                0x000005a8       0x28 CMakeFiles/Bootloader.dir/Core/Src/system_stm32f1xx.c.obj
 .debug_aranges
                0x000005d0       0x20 CMakeFiles/Bootloader.dir/Core/Src/sysmem.c.obj
 .debug_aranges
                0x000005f0       0xa8 CMakeFiles/Bootloader.dir/Core/Src/syscalls.c.obj
 .debug_aranges
                0x00000698       0x28 CMakeFiles/Bootloader.dir/startup_stm32f103xb.s.obj

.debug_ranges   0x00000000      0x638
 .debug_ranges  0x00000000       0x40 CMakeFiles/Bootloader.dir/Core/Src/main.c.obj
 .debug_ranges  0x00000040       0x50 CMakeFiles/Bootloader.dir/Core/Src/stm32f1xx_it.c.obj
 .debug_ranges  0x00000090       0x20 CMakeFiles/Bootloader.dir/Core/Src/stm32f1xx_hal_msp.c.obj
 .debug_ranges  0x000000b0      0x220 CMakeFiles/Bootloader.dir/Drivers/STM32F1xx_HAL_Driver/Src/stm32f1xx_hal_uart.c.obj
 .debug_ranges  0x000002d0       0xd0 CMakeFiles/Bootloader.dir/Drivers/STM32F1xx_HAL_Driver/Src/stm32f1xx_hal.c.obj
 .debug_ranges  0x000003a0       0x80 CMakeFiles/Bootloader.dir/Drivers/STM32F1xx_HAL_Driver/Src/stm32f1xx_hal_rcc.c.obj
 .debug_ranges  0x00000420       0x48 CMakeFiles/Bootloader.dir/Drivers/STM32F1xx_HAL_Driver/Src/stm32f1xx_hal_gpio.c.obj
 .debug_ranges  0x00000468       0xf0 CMakeFiles/Bootloader.dir/Drivers/STM32F1xx_HAL_Driver/Src/stm32f1xx_hal_cortex.c.obj
 .debug_ranges  0x00000558       0x18 CMakeFiles/Bootloader.dir/Core/Src/system_stm32f1xx.c.obj
 .debug_ranges  0x00000570       0x10 CMakeFiles/Bootloader.dir/Core/Src/sysmem.c.obj
 .debug_ranges  0x00000580       0x98 CMakeFiles/Bootloader.dir/Core/Src/syscalls.c.obj
 .debug_ranges  0x00000618       0x20 CMakeFiles/Bootloader.dir/startup_stm32f103xb.s.obj

.debug_macro    0x00000000    0x176cc
 .debug_macro   0x00000000      0x31f CMakeFiles/Bootloader.dir/Core/Src/main.c.obj
 .debug_macro   0x0000031f      0xa6c CMakeFiles/Bootloader.dir/Core/Src/main.c.obj
 .debug_macro   0x00000d8b      0x215 CMakeFiles/Bootloader.dir/Core/Src/main.c.obj
 .debug_macro   0x00000fa0       0x2e CMakeFiles/Bootloader.dir/Core/Src/main.c.obj
 .debug_macro   0x00000fce       0x22 CMakeFiles/Bootloader.dir/Core/Src/main.c.obj
 .debug_macro   0x00000ff0       0x22 CMakeFiles/Bootloader.dir/Core/Src/main.c.obj
 .debug_macro   0x00001012       0x8e CMakeFiles/Bootloader.dir/Core/Src/main.c.obj
 .debug_macro   0x000010a0       0x51 CMakeFiles/Bootloader.dir/Core/Src/main.c.obj
 .debug_macro   0x000010f1      0x103 CMakeFiles/Bootloader.dir/Core/Src/main.c.obj
 .debug_macro   0x000011f4       0x6a CMakeFiles/Bootloader.dir/Core/Src/main.c.obj
 .debug_macro   0x0000125e      0x1df CMakeFiles/Bootloader.dir/Core/Src/main.c.obj
 .debug_macro   0x0000143d       0x1c CMakeFiles/Bootloader.dir/Core/Src/main.c.obj
 .debug_macro   0x00001459       0x22 CMakeFiles/Bootloader.dir/Core/Src/main.c.obj
 .debug_macro   0x0000147b       0xbd CMakeFiles/Bootloader.dir/Core/Src/main.c.obj
 .debug_macro   0x00001538      0xd23 CMakeFiles/Bootloader.dir/Core/Src/main.c.obj
 .debug_macro   0x0000225b     0xe09e CMakeFiles/Bootloader.dir/Core/Src/main.c.obj
 .debug_macro   0x000102f9       0x6d CMakeFiles/Bootloader.dir/Core/Src/main.c.obj
 .debug_macro   0x00010366     0x3468 CMakeFiles/Bootloader.dir/Core/Src/main.c.obj
 .debug_macro   0x000137ce      0x174 CMakeFiles/Bootloader.dir/Core/Src/main.c.obj
 .debug_macro   0x00013942       0x5c CMakeFiles/Bootloader.dir/Core/Src/main.c.obj
 .debug_macro   0x0001399e      0x5be CMakeFiles/Bootloader.dir/Core/Src/main.c.obj
 .debug_macro   0x00013f5c      0x289 CMakeFiles/Bootloader.dir/Core/Src/main.c.obj
 .debug_macro   0x000141e5      0x1cb CMakeFiles/Bootloader.dir/Core/Src/main.c.obj
 .debug_macro   0x000143b0      0x114 CMakeFiles/Bootloader.dir/Core/Src/main.c.obj
 .debug_macro   0x000144c4      0x1b2 CMakeFiles/Bootloader.dir/Core/Src/main.c.obj
 .debug_macro   0x00014676       0x27 CMakeFiles/Bootloader.dir/Core/Src/main.c.obj
 .debug_macro   0x0001469d      0x136 CMakeFiles/Bootloader.dir/Core/Src/main.c.obj
 .debug_macro   0x000147d3      0x1bc CMakeFiles/Bootloader.dir/Core/Src/main.c.obj
 .debug_macro   0x0001498f       0x34 CMakeFiles/Bootloader.dir/Core/Src/main.c.obj
 .debug_macro   0x000149c3       0x3c CMakeFiles/Bootloader.dir/Core/Src/main.c.obj
 .debug_macro   0x000149ff       0x57 CMakeFiles/Bootloader.dir/Core/Src/main.c.obj
 .debug_macro   0x00014a56       0x88 CMakeFiles/Bootloader.dir/Core/Src/main.c.obj
 .debug_macro   0x00014ade      0x241 CMakeFiles/Bootloader.dir/Core/Src/main.c.obj
 .debug_macro   0x00014d1f      0x141 CMakeFiles/Bootloader.dir/Core/Src/main.c.obj
 .debug_macro   0x00014e60      0x279 CMakeFiles/Bootloader.dir/Core/Src/main.c.obj
 .debug_macro   0x000150d9       0x83 CMakeFiles/Bootloader.dir/Core/Src/main.c.obj
 .debug_macro   0x0001515c       0x64 CMakeFiles/Bootloader.dir/Core/Src/main.c.obj
 .debug_macro   0x000151c0       0x18 CMakeFiles/Bootloader.dir/Core/Src/main.c.obj
 .debug_macro   0x000151d8       0x35 CMakeFiles/Bootloader.dir/Core/Src/main.c.obj
 .debug_macro   0x0001520d       0x34 CMakeFiles/Bootloader.dir/Core/Src/main.c.obj
 .debug_macro   0x00015241       0x16 CMakeFiles/Bootloader.dir/Core/Src/main.c.obj
 .debug_macro   0x00015257       0x35 CMakeFiles/Bootloader.dir/Core/Src/main.c.obj
 .debug_macro   0x0001528c      0x341 CMakeFiles/Bootloader.dir/Core/Src/main.c.obj
 .debug_macro   0x000155cd       0x10 CMakeFiles/Bootloader.dir/Core/Src/main.c.obj
 .debug_macro   0x000155dd       0x16 CMakeFiles/Bootloader.dir/Core/Src/main.c.obj
 .debug_macro   0x000155f3       0x43 CMakeFiles/Bootloader.dir/Core/Src/main.c.obj
 .debug_macro   0x00015636       0x34 CMakeFiles/Bootloader.dir/Core/Src/main.c.obj
 .debug_macro   0x0001566a       0x10 CMakeFiles/Bootloader.dir/Core/Src/main.c.obj
 .debug_macro   0x0001567a       0x58 CMakeFiles/Bootloader.dir/Core/Src/main.c.obj
 .debug_macro   0x000156d2      0x182 CMakeFiles/Bootloader.dir/Core/Src/main.c.obj
 .debug_macro   0x00015854       0x10 CMakeFiles/Bootloader.dir/Core/Src/main.c.obj
 .debug_macro   0x00015864       0x1c CMakeFiles/Bootloader.dir/Core/Src/main.c.obj
 .debug_macro   0x00015880       0x52 CMakeFiles/Bootloader.dir/Core/Src/main.c.obj
 .debug_macro   0x000158d2       0x22 CMakeFiles/Bootloader.dir/Core/Src/main.c.obj
 .debug_macro   0x000158f4       0x10 CMakeFiles/Bootloader.dir/Core/Src/main.c.obj
 .debug_macro   0x00015904       0x52 CMakeFiles/Bootloader.dir/Core/Src/main.c.obj
 .debug_macro   0x00015956       0xd5 CMakeFiles/Bootloader.dir/Core/Src/main.c.obj
 .debug_macro   0x00015a2b       0x1c CMakeFiles/Bootloader.dir/Core/Src/main.c.obj
 .debug_macro   0x00015a47       0x3d CMakeFiles/Bootloader.dir/Core/Src/main.c.obj
 .debug_macro   0x00015a84       0x16 CMakeFiles/Bootloader.dir/Core/Src/main.c.obj
 .debug_macro   0x00015a9a      0x16f CMakeFiles/Bootloader.dir/Core/Src/main.c.obj
 .debug_macro   0x00015c09       0x16 CMakeFiles/Bootloader.dir/Core/Src/main.c.obj
 .debug_macro   0x00015c1f      0x1a2 CMakeFiles/Bootloader.dir/Core/Src/stm32f1xx_it.c.obj
 .debug_macro   0x00015dc1      0x198 CMakeFiles/Bootloader.dir/Core/Src/stm32f1xx_hal_msp.c.obj
 .debug_macro   0x00015f59      0x18f CMakeFiles/Bootloader.dir/Drivers/STM32F1xx_HAL_Driver/Src/stm32f1xx_hal_uart.c.obj
 .debug_macro   0x000160e8      0x1b2 CMakeFiles/Bootloader.dir/Drivers/STM32F1xx_HAL_Driver/Src/stm32f1xx_hal.c.obj
 .debug_macro   0x0001629a      0x1a0 CMakeFiles/Bootloader.dir/Drivers/STM32F1xx_HAL_Driver/Src/stm32f1xx_hal_rcc.c.obj
 .debug_macro   0x0001643a      0x1f9 CMakeFiles/Bootloader.dir/Drivers/STM32F1xx_HAL_Driver/Src/stm32f1xx_hal_gpio.c.obj
 .debug_macro   0x00016633      0x18e CMakeFiles/Bootloader.dir/Drivers/STM32F1xx_HAL_Driver/Src/stm32f1xx_hal_cortex.c.obj
 .debug_macro   0x000167c1      0x18e CMakeFiles/Bootloader.dir/Core/Src/system_stm32f1xx.c.obj
 .debug_macro   0x0001694f       0xec CMakeFiles/Bootloader.dir/Core/Src/sysmem.c.obj
 .debug_macro   0x00016a3b       0x10 CMakeFiles/Bootloader.dir/Core/Src/sysmem.c.obj
 .debug_macro   0x00016a4b       0x5e CMakeFiles/Bootloader.dir/Core/Src/sysmem.c.obj
 .debug_macro   0x00016aa9       0x94 CMakeFiles/Bootloader.dir/Core/Src/sysmem.c.obj
 .debug_macro   0x00016b3d       0x57 CMakeFiles/Bootloader.dir/Core/Src/sysmem.c.obj
 .debug_macro   0x00016b94      0x23b CMakeFiles/Bootloader.dir/Core/Src/sysmem.c.obj
 .debug_macro   0x00016dcf      0x23d CMakeFiles/Bootloader.dir/Core/Src/syscalls.c.obj
 .debug_macro   0x0001700c       0x10 CMakeFiles/Bootloader.dir/Core/Src/syscalls.c.obj
 .debug_macro   0x0001701c       0x10 CMakeFiles/Bootloader.dir/Core/Src/syscalls.c.obj
 .debug_macro   0x0001702c       0x10 CMakeFiles/Bootloader.dir/Core/Src/syscalls.c.obj
 .debug_macro   0x0001703c       0x35 CMakeFiles/Bootloader.dir/Core/Src/syscalls.c.obj
 .debug_macro   0x00017071      0x12c CMakeFiles/Bootloader.dir/Core/Src/syscalls.c.obj
 .debug_macro   0x0001719d       0x16 CMakeFiles/Bootloader.dir/Core/Src/syscalls.c.obj
 .debug_macro   0x000171b3       0x16 CMakeFiles/Bootloader.dir/Core/Src/syscalls.c.obj
 .debug_macro   0x000171c9       0x29 CMakeFiles/Bootloader.dir/Core/Src/syscalls.c.obj
 .debug_macro   0x000171f2      0x241 CMakeFiles/Bootloader.dir/Core/Src/syscalls.c.obj
 .debug_macro   0x00017433       0x1c CMakeFiles/Bootloader.dir/Core/Src/syscalls.c.obj
 .debug_macro   0x0001744f       0x10 CMakeFiles/Bootloader.dir/Core/Src/syscalls.c.obj
 .debug_macro   0x0001745f      0x189 CMakeFiles/Bootloader.dir/Core/Src/syscalls.c.obj
 .debug_macro   0x000175e8       0x16 CMakeFiles/Bootloader.dir/Core/Src/syscalls.c.obj
 .debug_macro   0x000175fe       0xce CMakeFiles/Bootloader.dir/Core/Src/syscalls.c.obj

.debug_line     0x00000000     0x6c2a
 .debug_line    0x00000000      0x8f5 CMakeFiles/Bootloader.dir/Core/Src/main.c.obj
 .debug_line    0x000008f5      0x739 CMakeFiles/Bootloader.dir/Core/Src/stm32f1xx_it.c.obj
 .debug_line    0x0000102e      0x6ca CMakeFiles/Bootloader.dir/Core/Src/stm32f1xx_hal_msp.c.obj
 .debug_line    0x000016f8     0x19fd CMakeFiles/Bootloader.dir/Drivers/STM32F1xx_HAL_Driver/Src/stm32f1xx_hal_uart.c.obj
 .debug_line    0x000030f5      0x922 CMakeFiles/Bootloader.dir/Drivers/STM32F1xx_HAL_Driver/Src/stm32f1xx_hal.c.obj
 .debug_line    0x00003a17      0xd30 CMakeFiles/Bootloader.dir/Drivers/STM32F1xx_HAL_Driver/Src/stm32f1xx_hal_rcc.c.obj
 .debug_line    0x00004747      0x9b9 CMakeFiles/Bootloader.dir/Drivers/STM32F1xx_HAL_Driver/Src/stm32f1xx_hal_gpio.c.obj
 .debug_line    0x00005100      0xb0a CMakeFiles/Bootloader.dir/Drivers/STM32F1xx_HAL_Driver/Src/stm32f1xx_hal_cortex.c.obj
 .debug_line    0x00005c0a      0x6f5 CMakeFiles/Bootloader.dir/Core/Src/system_stm32f1xx.c.obj
 .debug_line    0x000062ff      0x2a9 CMakeFiles/Bootloader.dir/Core/Src/sysmem.c.obj
 .debug_line    0x000065a8      0x5b3 CMakeFiles/Bootloader.dir/Core/Src/syscalls.c.obj
 .debug_line    0x00006b5b       0xcf CMakeFiles/Bootloader.dir/startup_stm32f103xb.s.obj

.debug_str      0x00000000    0x832e3
 .debug_str     0x00000000    0x8014b CMakeFiles/Bootloader.dir/Core/Src/main.c.obj
                              0x804d9 (size before relaxing)
 .debug_str     0x0008014b      0x114 CMakeFiles/Bootloader.dir/Core/Src/stm32f1xx_it.c.obj
                              0x7c6d7 (size before relaxing)
 .debug_str     0x0008025f       0xdb CMakeFiles/Bootloader.dir/Core/Src/stm32f1xx_hal_msp.c.obj
                              0x7cb0d (size before relaxing)
 .debug_str     0x0008033a      0x67c CMakeFiles/Bootloader.dir/Drivers/STM32F1xx_HAL_Driver/Src/stm32f1xx_hal_uart.c.obj
                              0x7d0bc (size before relaxing)
 .debug_str     0x000809b6      0x62f CMakeFiles/Bootloader.dir/Drivers/STM32F1xx_HAL_Driver/Src/stm32f1xx_hal.c.obj
                              0x7cddd (size before relaxing)
 .debug_str     0x00080fe5      0x2b7 CMakeFiles/Bootloader.dir/Drivers/STM32F1xx_HAL_Driver/Src/stm32f1xx_hal_rcc.c.obj
                              0x7cb01 (size before relaxing)
 .debug_str     0x0008129c      0x37b CMakeFiles/Bootloader.dir/Drivers/STM32F1xx_HAL_Driver/Src/stm32f1xx_hal_gpio.c.obj
                              0x7ca7f (size before relaxing)
 .debug_str     0x00081617      0x361 CMakeFiles/Bootloader.dir/Drivers/STM32F1xx_HAL_Driver/Src/stm32f1xx_hal_cortex.c.obj
                              0x7cd78 (size before relaxing)
 .debug_str     0x00081978       0xa9 CMakeFiles/Bootloader.dir/Core/Src/system_stm32f1xx.c.obj
                              0x7c6f9 (size before relaxing)
 .debug_str     0x00081a21      0x529 CMakeFiles/Bootloader.dir/Core/Src/sysmem.c.obj
                               0x57f7 (size before relaxing)
 .debug_str     0x00081f4a     0x131b CMakeFiles/Bootloader.dir/Core/Src/syscalls.c.obj
                               0x8546 (size before relaxing)
 .debug_str     0x00083265       0x7e CMakeFiles/Bootloader.dir/startup_stm32f103xb.s.obj
                                 0xe4 (size before relaxing)
