Archive member included to satisfy reference by file (symbol)

C:/PROGRA~2/ARMGNU~1/13C7F1~1.2RE/bin/../lib/gcc/arm-none-eabi/13.2.1/thumb/v7-m/nofp\libc_nano.a(libc_a-exit.o)
                              C:/PROGRA~2/ARMGNU~1/13C7F1~1.2RE/bin/../lib/gcc/arm-none-eabi/13.2.1/thumb/v7-m/nofp/crt0.o (exit)
C:/PROGRA~2/ARMGNU~1/13C7F1~1.2RE/bin/../lib/gcc/arm-none-eabi/13.2.1/thumb/v7-m/nofp\libc_nano.a(libc_a-findfp.o)
                              C:/PROGRA~2/ARMGNU~1/13C7F1~1.2RE/bin/../lib/gcc/arm-none-eabi/13.2.1/thumb/v7-m/nofp\libc_nano.a(libc_a-exit.o) (__stdio_exit_handler)
C:/PROGRA~2/ARMGNU~1/13C7F1~1.2RE/bin/../lib/gcc/arm-none-eabi/13.2.1/thumb/v7-m/nofp\libc_nano.a(libc_a-fwalk.o)
                              C:/PROGRA~2/ARMGNU~1/13C7F1~1.2RE/bin/../lib/gcc/arm-none-eabi/13.2.1/thumb/v7-m/nofp\libc_nano.a(libc_a-findfp.o) (_fwalk_sglue)
C:/PROGRA~2/ARMGNU~1/13C7F1~1.2RE/bin/../lib/gcc/arm-none-eabi/13.2.1/thumb/v7-m/nofp\libc_nano.a(libc_a-stdio.o)
                              C:/PROGRA~2/ARMGNU~1/13C7F1~1.2RE/bin/../lib/gcc/arm-none-eabi/13.2.1/thumb/v7-m/nofp\libc_nano.a(libc_a-findfp.o) (__sread)
C:/PROGRA~2/ARMGNU~1/13C7F1~1.2RE/bin/../lib/gcc/arm-none-eabi/13.2.1/thumb/v7-m/nofp\libc_nano.a(libc_a-memset.o)
                              C:/PROGRA~2/ARMGNU~1/13C7F1~1.2RE/bin/../lib/gcc/arm-none-eabi/13.2.1/thumb/v7-m/nofp/crt0.o (memset)
C:/PROGRA~2/ARMGNU~1/13C7F1~1.2RE/bin/../lib/gcc/arm-none-eabi/13.2.1/thumb/v7-m/nofp\libc_nano.a(libc_a-closer.o)
                              C:/PROGRA~2/ARMGNU~1/13C7F1~1.2RE/bin/../lib/gcc/arm-none-eabi/13.2.1/thumb/v7-m/nofp\libc_nano.a(libc_a-stdio.o) (_close_r)
C:/PROGRA~2/ARMGNU~1/13C7F1~1.2RE/bin/../lib/gcc/arm-none-eabi/13.2.1/thumb/v7-m/nofp\libc_nano.a(libc_a-reent.o)
                              C:/PROGRA~2/ARMGNU~1/13C7F1~1.2RE/bin/../lib/gcc/arm-none-eabi/13.2.1/thumb/v7-m/nofp\libc_nano.a(libc_a-closer.o) (errno)
C:/PROGRA~2/ARMGNU~1/13C7F1~1.2RE/bin/../lib/gcc/arm-none-eabi/13.2.1/thumb/v7-m/nofp\libc_nano.a(libc_a-impure.o)
                              C:/PROGRA~2/ARMGNU~1/13C7F1~1.2RE/bin/../lib/gcc/arm-none-eabi/13.2.1/thumb/v7-m/nofp\libc_nano.a(libc_a-reent.o) (_impure_ptr)
C:/PROGRA~2/ARMGNU~1/13C7F1~1.2RE/bin/../lib/gcc/arm-none-eabi/13.2.1/thumb/v7-m/nofp\libc_nano.a(libc_a-lseekr.o)
                              C:/PROGRA~2/ARMGNU~1/13C7F1~1.2RE/bin/../lib/gcc/arm-none-eabi/13.2.1/thumb/v7-m/nofp\libc_nano.a(libc_a-stdio.o) (_lseek_r)
C:/PROGRA~2/ARMGNU~1/13C7F1~1.2RE/bin/../lib/gcc/arm-none-eabi/13.2.1/thumb/v7-m/nofp\libc_nano.a(libc_a-readr.o)
                              C:/PROGRA~2/ARMGNU~1/13C7F1~1.2RE/bin/../lib/gcc/arm-none-eabi/13.2.1/thumb/v7-m/nofp\libc_nano.a(libc_a-stdio.o) (_read_r)
C:/PROGRA~2/ARMGNU~1/13C7F1~1.2RE/bin/../lib/gcc/arm-none-eabi/13.2.1/thumb/v7-m/nofp\libc_nano.a(libc_a-writer.o)
                              C:/PROGRA~2/ARMGNU~1/13C7F1~1.2RE/bin/../lib/gcc/arm-none-eabi/13.2.1/thumb/v7-m/nofp\libc_nano.a(libc_a-stdio.o) (_write_r)
C:/PROGRA~2/ARMGNU~1/13C7F1~1.2RE/bin/../lib/gcc/arm-none-eabi/13.2.1/thumb/v7-m/nofp\libc_nano.a(libc_a-init.o)
                              C:/PROGRA~2/ARMGNU~1/13C7F1~1.2RE/bin/../lib/gcc/arm-none-eabi/13.2.1/thumb/v7-m/nofp/crt0.o (__libc_init_array)
C:/PROGRA~2/ARMGNU~1/13C7F1~1.2RE/bin/../lib/gcc/arm-none-eabi/13.2.1/thumb/v7-m/nofp\libc_nano.a(libc_a-lock.o)
                              C:/PROGRA~2/ARMGNU~1/13C7F1~1.2RE/bin/../lib/gcc/arm-none-eabi/13.2.1/thumb/v7-m/nofp\libc_nano.a(libc_a-findfp.o) (__retarget_lock_init_recursive)
C:/PROGRA~2/ARMGNU~1/13C7F1~1.2RE/bin/../lib/gcc/arm-none-eabi/13.2.1/thumb/v7-m/nofp\libc_nano.a(libc_a-freer.o)
                              C:/PROGRA~2/ARMGNU~1/13C7F1~1.2RE/bin/../lib/gcc/arm-none-eabi/13.2.1/thumb/v7-m/nofp\libc_nano.a(libc_a-reent.o) (_free_r)
C:/PROGRA~2/ARMGNU~1/13C7F1~1.2RE/bin/../lib/gcc/arm-none-eabi/13.2.1/thumb/v7-m/nofp\libc_nano.a(libc_a-mallocr.o)
                              C:/PROGRA~2/ARMGNU~1/13C7F1~1.2RE/bin/../lib/gcc/arm-none-eabi/13.2.1/thumb/v7-m/nofp\libc_nano.a(libc_a-findfp.o) (_malloc_r)
C:/PROGRA~2/ARMGNU~1/13C7F1~1.2RE/bin/../lib/gcc/arm-none-eabi/13.2.1/thumb/v7-m/nofp\libc_nano.a(libc_a-mlock.o)
                              C:/PROGRA~2/ARMGNU~1/13C7F1~1.2RE/bin/../lib/gcc/arm-none-eabi/13.2.1/thumb/v7-m/nofp\libc_nano.a(libc_a-freer.o) (__malloc_lock)
C:/PROGRA~2/ARMGNU~1/13C7F1~1.2RE/bin/../lib/gcc/arm-none-eabi/13.2.1/thumb/v7-m/nofp\libc_nano.a(libc_a-fflush.o)
                              C:/PROGRA~2/ARMGNU~1/13C7F1~1.2RE/bin/../lib/gcc/arm-none-eabi/13.2.1/thumb/v7-m/nofp\libc_nano.a(libc_a-findfp.o) (_fflush_r)
C:/PROGRA~2/ARMGNU~1/13C7F1~1.2RE/bin/../lib/gcc/arm-none-eabi/13.2.1/thumb/v7-m/nofp\libc_nano.a(libc_a-sbrkr.o)
                              C:/PROGRA~2/ARMGNU~1/13C7F1~1.2RE/bin/../lib/gcc/arm-none-eabi/13.2.1/thumb/v7-m/nofp\libc_nano.a(libc_a-mallocr.o) (_sbrk_r)
[...]
Memory Configuration

Name             Origin             Length             Attributes
RAM              0x20000000         0x00005000         xrw
FLASH            0x08000000         0x00010000         xr
*default*        0x00000000         0xffffffff

Linker script and memory map

LOAD C:/PROGRA~2/ARMGNU~1/13C7F1~1.2RE/bin/../lib/gcc/arm-none-eabi/13.2.1/thumb/v7-m/nofp/crti.o
LOAD C:/PROGRA~2/ARMGNU~1/13C7F1~1.2RE/bin/../lib/gcc/arm-none-eabi/13.2.1/thumb/v7-m/nofp/crtbegin.o
LOAD C:/PROGRA~2/ARMGNU~1/13C7F1~1.2RE/bin/../lib/gcc/arm-none-eabi/13.2.1/thumb/v7-m/nofp/crt0.o
START GROUP
LOAD C:/PROGRA~2/ARMGNU~1/13C7F1~1.2RE/bin/../lib/gcc/arm-none-eabi/13.2.1/thumb/v7-m/nofp\libc_nano.a
LOAD C:/PROGRA~2/ARMGNU~1/13C7F1~1.2RE/bin/../lib/gcc/arm-none-eabi/13.2.1/thumb/v7-m/nofp\libm.a
END GROUP
LOAD CMakeFiles/cmake.dir/Core/Src/main.c.obj
LOAD CMakeFiles/cmake.dir/Core/Src/stm32f1xx_it.c.obj
LOAD CMakeFiles/cmake.dir/Core/Src/stm32f1xx_hal_msp.c.obj
LOAD CMakeFiles/cmake.dir/Drivers/STM32F1xx_HAL_Driver/Src/stm32f1xx_hal_gpio_ex.c.obj
LOAD CMakeFiles/cmake.dir/Drivers/STM32F1xx_HAL_Driver/Src/stm32f1xx_hal_spi.c.obj
LOAD CMakeFiles/cmake.dir/Drivers/STM32F1xx_HAL_Driver/Src/stm32f1xx_hal.c.obj
LOAD CMakeFiles/cmake.dir/Drivers/STM32F1xx_HAL_Driver/Src/stm32f1xx_hal_rcc.c.obj
LOAD CMakeFiles/cmake.dir/Drivers/STM32F1xx_HAL_Driver/Src/stm32f1xx_hal_rcc_ex.c.obj
LOAD CMakeFiles/cmake.dir/Drivers/STM32F1xx_HAL_Driver/Src/stm32f1xx_hal_gpio.c.obj
LOAD CMakeFiles/cmake.dir/Drivers/STM32F1xx_HAL_Driver/Src/stm32f1xx_hal_dma.c.obj
LOAD CMakeFiles/cmake.dir/Drivers/STM32F1xx_HAL_Driver/Src/stm32f1xx_hal_cortex.c.obj
LOAD CMakeFiles/cmake.dir/Drivers/STM32F1xx_HAL_Driver/Src/stm32f1xx_hal_pwr.c.obj
LOAD CMakeFiles/cmake.dir/Drivers/STM32F1xx_HAL_Driver/Src/stm32f1xx_hal_flash.c.obj
LOAD CMakeFiles/cmake.dir/Drivers/STM32F1xx_HAL_Driver/Src/stm32f1xx_hal_flash_ex.c.obj
LOAD CMakeFiles/cmake.dir/Drivers/STM32F1xx_HAL_Driver/Src/stm32f1xx_hal_exti.c.obj
LOAD CMakeFiles/cmake.dir/Drivers/STM32F1xx_HAL_Driver/Src/stm32f1xx_hal_tim.c.obj
LOAD CMakeFiles/cmake.dir/Drivers/STM32F1xx_HAL_Driver/Src/stm32f1xx_hal_tim_ex.c.obj
LOAD CMakeFiles/cmake.dir/Core/Src/system_stm32f1xx.c.obj
LOAD CMakeFiles/cmake.dir/Core/Src/sysmem.c.obj
LOAD CMakeFiles/cmake.dir/Core/Src/syscalls.c.obj
LOAD CMakeFiles/cmake.dir/startup_stm32f103xb.s.obj
START GROUP
LOAD C:/PROGRA~2/ARMGNU~1/13C7F1~1.2RE/bin/../lib/gcc/arm-none-eabi/13.2.1/thumb/v7-m/nofp\libgcc.a
LOAD C:/PROGRA~2/ARMGNU~1/13C7F1~1.2RE/bin/../lib/gcc/arm-none-eabi/13.2.1/thumb/v7-m/nofp\libg_nano.a
LOAD C:/PROGRA~2/ARMGNU~1/13C7F1~1.2RE/bin/../lib/gcc/arm-none-eabi/13.2.1/thumb/v7-m/nofp\libc_nano.a
END GROUP
START GROUP
LOAD C:/PROGRA~2/ARMGNU~1/13C7F1~1.2RE/bin/../lib/gcc/arm-none-eabi/13.2.1/thumb/v7-m/nofp\libgcc.a
LOAD C:/PROGRA~2/ARMGNU~1/13C7F1~1.2RE/bin/../lib/gcc/arm-none-eabi/13.2.1/thumb/v7-m/nofp\libc_nano.a
END GROUP
LOAD C:/PROGRA~2/ARMGNU~1/13C7F1~1.2RE/bin/../lib/gcc/arm-none-eabi/13.2.1/thumb/v7-m/nofp/crtend.o
LOAD C:/PROGRA~2/ARMGNU~1/13C7F1~1.2RE/bin/../lib/gcc/arm-none-eabi/13.2.1/thumb/v7-m/nofp/crtn.o
                0x20005000                        _estack = (ORIGIN (RAM) + LENGTH (RAM))
                0x00000200                        _Min_Heap_Size = 0x200
                0x00000400                        _Min_Stack_Size = 0x400

.isr_vector     0x08000000      0x10c
                0x08000000                        . = ALIGN (0x4)
 *(.isr_vector)
 .isr_vector    0x08000000      0x10c CMakeFiles/cmake.dir/startup_stm32f103xb.s.obj
                0x08000000                g_pfnVectors
                0x0800010c                        . = ALIGN (0x4)

.text           0x0800010c      0x71c
                0x0800010c                        . = ALIGN (0x4)
 *(.text)
 *(.text*)
 .text.deregister_tm_clones
                0x0800010c       0x1c C:/PROGRA~2/ARMGNU~1/13C7F1~1.2RE/bin/../lib/gcc/arm-none-eabi/13.2.1/thumb/v7-m/nofp/crtbegin.o
 .text.register_tm_clones
                0x08000128       0x24 C:/PROGRA~2/ARMGNU~1/13C7F1~1.2RE/bin/../lib/gcc/arm-none-eabi/13.2.1/thumb/v7-m/nofp/crtbegin.o
 .text.__do_global_dtors_aux
                0x0800014c       0x28 C:/PROGRA~2/ARMGNU~1/13C7F1~1.2RE/bin/../lib/gcc/arm-none-eabi/13.2.1/thumb/v7-m/nofp/crtbegin.o
 .text.frame_dummy
                0x08000174       0x24 C:/PROGRA~2/ARMGNU~1/13C7F1~1.2RE/bin/../lib/gcc/arm-none-eabi/13.2.1/thumb/v7-m/nofp/crtbegin.o
 .text.__libc_init_array
                0x08000198       0x48 C:/PROGRA~2/ARMGNU~1/13C7F1~1.2RE/bin/../lib/gcc/arm-none-eabi/13.2.1/thumb/v7-m/nofp\libc_nano.a(libc_a-init.o)
                0x08000198                __libc_init_array
 .text.main     0x080001e0       0x12 CMakeFiles/cmake.dir/Core/Src/main.c.obj
                0x080001e0                main
 *fill*         0x080001f2        0x2 
 .text.MX_SPI1_Init
                0x080001f4       0x6c CMakeFiles/cmake.dir/Core/Src/main.c.obj
 .text.MX_GPIO_Init
                0x08000260       0x2c CMakeFiles/cmake.dir/Core/Src/main.c.obj
 .text.Error_Handler
                0x0800028c        0xc CMakeFiles/cmake.dir/Core/Src/main.c.obj
                0x0800028c                Error_Handler
 .text.NMI_Handler
                0x08000298        0x8 CMakeFiles/cmake.dir/Core/Src/stm32f1xx_it.c.obj
                0x08000298                NMI_Handler
 .text.HardFault_Handler
                0x080002a0        0x8 CMakeFiles/cmake.dir/Core/Src/stm32f1xx_it.c.obj
                0x080002a0                HardFault_Handler
 .text.MemManage_Handler
                0x080002a8        0x8 CMakeFiles/cmake.dir/Core/Src/stm32f1xx_it.c.obj
                0x080002a8                MemManage_Handler
 .text.BusFault_Handler
                0x080002b0        0x8 CMakeFiles/cmake.dir/Core/Src/stm32f1xx_it.c.obj
                0x080002b0                BusFault_Handler
 .text.UsageFault_Handler
                0x080002b8        0x8 CMakeFiles/cmake.dir/Core/Src/stm32f1xx_it.c.obj
                0x080002b8                UsageFault_Handler
 .text.SVC_Handler
                0x080002c0        0xc CMakeFiles/cmake.dir/Core/Src/stm32f1xx_it.c.obj
                0x080002c0                SVC_Handler
 .text.DebugMon_Handler
                0x080002cc        0xc CMakeFiles/cmake.dir/Core/Src/stm32f1xx_it.c.obj
                0x080002cc                DebugMon_Handler
 .text.PendSV_Handler
                0x080002d8        0xc CMakeFiles/cmake.dir/Core/Src/stm32f1xx_it.c.obj
                0x080002d8                PendSV_Handler
 .text.SysTick_Handler
                0x080002e4        0xc CMakeFiles/cmake.dir/Core/Src/stm32f1xx_it.c.obj
                0x080002e4                SysTick_Handler
 .text.HAL_SPI_MspInit
                0x080002f0       0x94 CMakeFiles/cmake.dir/Core/Src/stm32f1xx_hal_msp.c.obj
                0x080002f0                HAL_SPI_MspInit
 .text.HAL_SPI_Init
                0x08000384      0x108 CMakeFiles/cmake.dir/Drivers/STM32F1xx_HAL_Driver/Src/stm32f1xx_hal_spi.c.obj
                0x08000384                HAL_SPI_Init
 .text.HAL_IncTick
                0x0800048c       0x24 CMakeFiles/cmake.dir/Drivers/STM32F1xx_HAL_Driver/Src/stm32f1xx_hal.c.obj
                0x0800048c                HAL_IncTick
 .text.HAL_GPIO_Init
                0x080004b0      0x308 CMakeFiles/cmake.dir/Drivers/STM32F1xx_HAL_Driver/Src/stm32f1xx_hal_gpio.c.obj
                0x080004b0                HAL_GPIO_Init
 .text.SystemInit
                0x080007b8        0xc CMakeFiles/cmake.dir/Core/Src/system_stm32f1xx.c.obj
                0x080007b8                SystemInit
 .text.Reset_Handler
                0x080007c4       0x48 CMakeFiles/cmake.dir/startup_stm32f103xb.s.obj
                0x080007c4                Reset_Handler
 .text.Default_Handler
                0x0800080c        0x2 CMakeFiles/cmake.dir/startup_stm32f103xb.s.obj
                0x0800080c                RTC_Alarm_IRQHandler
                0x0800080c                EXTI2_IRQHandler
                0x0800080c                TIM1_CC_IRQHandler
                0x0800080c                PVD_IRQHandler
                0x0800080c                EXTI3_IRQHandler
                0x0800080c                EXTI0_IRQHandler
                0x0800080c                I2C2_EV_IRQHandler
                0x0800080c                ADC1_2_IRQHandler
                0x0800080c                SPI1_IRQHandler
                0x0800080c                TAMPER_IRQHandler
                0x0800080c                DMA1_Channel4_IRQHandler
                0x0800080c                USART3_IRQHandler
                0x0800080c                RTC_IRQHandler
                0x0800080c                DMA1_Channel7_IRQHandler
                0x0800080c                CAN1_RX1_IRQHandler
                0x0800080c                TIM4_IRQHandler
                0x0800080c                I2C1_EV_IRQHandler
                0x0800080c                DMA1_Channel6_IRQHandler
                0x0800080c                TIM3_IRQHandler
                0x0800080c                RCC_IRQHandler
                0x0800080c                TIM1_TRG_COM_IRQHandler
                0x0800080c                DMA1_Channel1_IRQHandler
                0x0800080c                Default_Handler
                0x0800080c                EXTI15_10_IRQHandler
                0x0800080c                EXTI9_5_IRQHandler
                0x0800080c                SPI2_IRQHandler
                0x0800080c                DMA1_Channel5_IRQHandler
                0x0800080c                EXTI4_IRQHandler
                0x0800080c                USB_LP_CAN1_RX0_IRQHandler
                0x0800080c                USB_HP_CAN1_TX_IRQHandler
                0x0800080c                DMA1_Channel3_IRQHandler
                0x0800080c                TIM1_UP_IRQHandler
                0x0800080c                WWDG_IRQHandler
                0x0800080c                TIM2_IRQHandler
                0x0800080c                TIM1_BRK_IRQHandler
                0x0800080c                EXTI1_IRQHandler
                0x0800080c                USART2_IRQHandler
                0x0800080c                I2C2_ER_IRQHandler
                0x0800080c                DMA1_Channel2_IRQHandler
                0x0800080c                CAN1_SCE_IRQHandler
                0x0800080c                FLASH_IRQHandler
                0x0800080c                USART1_IRQHandler
                0x0800080c                I2C1_ER_IRQHandler
                0x0800080c                USBWakeUp_IRQHandler
 *(.glue_7)
 .glue_7        0x0800080e        0x0 linker stubs
 *(.glue_7t)
 .glue_7t       0x0800080e        0x0 linker stubs
 *(.eh_frame)
 *fill*         0x0800080e        0x2 
 .eh_frame      0x08000810        0x0 C:/PROGRA~2/ARMGNU~1/13C7F1~1.2RE/bin/../lib/gcc/arm-none-eabi/13.2.1/thumb/v7-m/nofp/crtbegin.o
 *(.init)
 .init          0x08000810        0x4 C:/PROGRA~2/ARMGNU~1/13C7F1~1.2RE/bin/../lib/gcc/arm-none-eabi/13.2.1/thumb/v7-m/nofp/crti.o
                0x08000810                _init
 .init          0x08000814        0x8 C:/PROGRA~2/ARMGNU~1/13C7F1~1.2RE/bin/../lib/gcc/arm-none-eabi/13.2.1/thumb/v7-m/nofp/crtn.o
 *(.fini)
 .fini          0x0800081c        0x4 C:/PROGRA~2/ARMGNU~1/13C7F1~1.2RE/bin/../lib/gcc/arm-none-eabi/13.2.1/thumb/v7-m/nofp/crti.o
                0x0800081c                _fini
 .fini          0x08000820        0x8 C:/PROGRA~2/ARMGNU~1/13C7F1~1.2RE/bin/../lib/gcc/arm-none-eabi/13.2.1/thumb/v7-m/nofp/crtn.o
                0x08000828                        . = ALIGN (0x4)
                0x08000828                        _etext = .

.vfp11_veneer   0x08000828        0x0
 .vfp11_veneer  0x08000828        0x0 linker stubs

.v4_bx          0x08000828        0x0
 .v4_bx         0x08000828        0x0 linker stubs

.iplt           0x08000828        0x0
 .iplt          0x08000828        0x0 C:/PROGRA~2/ARMGNU~1/13C7F1~1.2RE/bin/../lib/gcc/arm-none-eabi/13.2.1/thumb/v7-m/nofp/crtbegin.o

.rel.dyn        0x08000828        0x0
 .rel.iplt      0x08000828        0x0 C:/PROGRA~2/ARMGNU~1/13C7F1~1.2RE/bin/../lib/gcc/arm-none-eabi/13.2.1/thumb/v7-m/nofp/crtbegin.o

.rodata         0x08000828        0x0
                0x08000828                        . = ALIGN (0x4)
 *(.rodata)
 *(.rodata*)
                0x08000828                        . = ALIGN (0x4)

.ARM.extab
 *(.ARM.extab* .gnu.linkonce.armextab.*)

.ARM            0x08000828        0x0
                0x08000828                        __exidx_start = .
 *(.ARM.exidx*)
                0x08000828                        __exidx_end = .

.preinit_array  0x08000828        0x0
                0x08000828                        PROVIDE (__preinit_array_start = .)
 *(.preinit_array*)
                0x08000828                        PROVIDE (__preinit_array_end = .)

.init_array     0x08000828        0x4
                0x08000828                        PROVIDE (__init_array_start = .)
 *(SORT_BY_NAME(.init_array.*))
 *(.init_array*)
 .init_array    0x08000828        0x4 C:/PROGRA~2/ARMGNU~1/13C7F1~1.2RE/bin/../lib/gcc/arm-none-eabi/13.2.1/thumb/v7-m/nofp/crtbegin.o
                0x0800082c                        PROVIDE (__init_array_end = .)

.fini_array     0x0800082c        0x4
                [!provide]                        PROVIDE (__fini_array_start = .)
 *(SORT_BY_NAME(.fini_array.*))
 *(.fini_array*)
 .fini_array    0x0800082c        0x4 C:/PROGRA~2/ARMGNU~1/13C7F1~1.2RE/bin/../lib/gcc/arm-none-eabi/13.2.1/thumb/v7-m/nofp/crtbegin.o
                [!provide]                        PROVIDE (__fini_array_end = .)
                0x08000830                        _sidata = LOADADDR (.data)

.data           0x20000000        0x4 load address 0x08000830
                0x20000000                        . = ALIGN (0x4)
                0x20000000                        _sdata = .
 *(.data)
 *(.data*)
 .data.uwTickFreq
                0x20000000        0x1 CMakeFiles/cmake.dir/Drivers/STM32F1xx_HAL_Driver/Src/stm32f1xx_hal.c.obj
                0x20000000                uwTickFreq
                0x20000004                        . = ALIGN (0x4)
 *fill*         0x20000001        0x3 
                0x20000004                        _edata = .

.tm_clone_table
                0x20000004        0x0 load address 0x08000834
 .tm_clone_table
                0x20000004        0x0 C:/PROGRA~2/ARMGNU~1/13C7F1~1.2RE/bin/../lib/gcc/arm-none-eabi/13.2.1/thumb/v7-m/nofp/crtbegin.o
 .tm_clone_table
                0x20000004        0x0 C:/PROGRA~2/ARMGNU~1/13C7F1~1.2RE/bin/../lib/gcc/arm-none-eabi/13.2.1/thumb/v7-m/nofp/crtend.o

.igot.plt       0x20000004        0x0 load address 0x08000834
 .igot.plt      0x20000004        0x0 C:/PROGRA~2/ARMGNU~1/13C7F1~1.2RE/bin/../lib/gcc/arm-none-eabi/13.2.1/thumb/v7-m/nofp/crtbegin.o
                0x20000004                        . = ALIGN (0x4)

.bss            0x20000004       0x78 load address 0x08000834
                0x20000004                        _sbss = .
                0x20000004                        __bss_start__ = _sbss
 *(.bss)
 *(.bss*)
 .bss.completed.1
                0x20000004        0x1 C:/PROGRA~2/ARMGNU~1/13C7F1~1.2RE/bin/../lib/gcc/arm-none-eabi/13.2.1/thumb/v7-m/nofp/crtbegin.o
 *fill*         0x20000005        0x3 
 .bss.object.0  0x20000008       0x18 C:/PROGRA~2/ARMGNU~1/13C7F1~1.2RE/bin/../lib/gcc/arm-none-eabi/13.2.1/thumb/v7-m/nofp/crtbegin.o
 .bss.hspi1     0x20000020       0x58 CMakeFiles/cmake.dir/Core/Src/main.c.obj
                0x20000020                hspi1
 .bss.uwTick    0x20000078        0x4 CMakeFiles/cmake.dir/Drivers/STM32F1xx_HAL_Driver/Src/stm32f1xx_hal.c.obj
                0x20000078                uwTick
 *(COMMON)
                0x2000007c                        . = ALIGN (0x4)
                0x2000007c                        _ebss = .
                0x2000007c                        __bss_end__ = _ebss

._user_heap_stack
                0x2000007c      0x604 load address 0x08000834
                0x20000080                        . = ALIGN (0x8)
 *fill*         0x2000007c        0x4 
                [!provide]                        PROVIDE (end = .)
                0x20000080                        PROVIDE (_end = .)
                0x20000280                        . = (. + _Min_Heap_Size)
 *fill*         0x20000080      0x200 
                0x20000680                        . = (. + _Min_Stack_Size)
 *fill*         0x20000280      0x400 
                0x20000680                        . = ALIGN (0x8)

/DISCARD/
 libc.a(*)
 libm.a(*)
 libgcc.a(*)

.ARM.attributes
                0x00000000       0x29
 *(.ARM.attributes)
 .ARM.attributes
                0x00000000       0x1d C:/PROGRA~2/ARMGNU~1/13C7F1~1.2RE/bin/../lib/gcc/arm-none-eabi/13.2.1/thumb/v7-m/nofp/crti.o
 .ARM.attributes
                0x0000001d       0x2d C:/PROGRA~2/ARMGNU~1/13C7F1~1.2RE/bin/../lib/gcc/arm-none-eabi/13.2.1/thumb/v7-m/nofp/crtbegin.o
 .ARM.attributes
                0x0000004a       0x2d C:/PROGRA~2/ARMGNU~1/13C7F1~1.2RE/bin/../lib/gcc/arm-none-eabi/13.2.1/thumb/v7-m/nofp\libc_nano.a(libc_a-init.o)
 .ARM.attributes
                0x00000077       0x2d CMakeFiles/cmake.dir/Core/Src/main.c.obj
 .ARM.attributes
                0x000000a4       0x2d CMakeFiles/cmake.dir/Core/Src/stm32f1xx_it.c.obj
 .ARM.attributes
                0x000000d1       0x2d CMakeFiles/cmake.dir/Core/Src/stm32f1xx_hal_msp.c.obj
 .ARM.attributes
                0x000000fe       0x2d CMakeFiles/cmake.dir/Drivers/STM32F1xx_HAL_Driver/Src/stm32f1xx_hal_spi.c.obj
 .ARM.attributes
                0x0000012b       0x2d CMakeFiles/cmake.dir/Drivers/STM32F1xx_HAL_Driver/Src/stm32f1xx_hal.c.obj
 .ARM.attributes
                0x00000158       0x2d CMakeFiles/cmake.dir/Drivers/STM32F1xx_HAL_Driver/Src/stm32f1xx_hal_gpio.c.obj
 .ARM.attributes
                0x00000185       0x2d CMakeFiles/cmake.dir/Core/Src/system_stm32f1xx.c.obj
 .ARM.attributes
                0x000001b2       0x21 CMakeFiles/cmake.dir/startup_stm32f103xb.s.obj
 .ARM.attributes
                0x000001d3       0x2d C:/PROGRA~2/ARMGNU~1/13C7F1~1.2RE/bin/../lib/gcc/arm-none-eabi/13.2.1/thumb/v7-m/nofp/crtend.o
 .ARM.attributes
                0x00000200       0x1d C:/PROGRA~2/ARMGNU~1/13C7F1~1.2RE/bin/../lib/gcc/arm-none-eabi/13.2.1/thumb/v7-m/nofp/crtn.o
OUTPUT(cmake.elf elf32-littlearm)
LOAD linker stubs
LOAD C:/PROGRA~2/ARMGNU~1/13C7F1~1.2RE/bin/../lib/gcc/arm-none-eabi/13.2.1/thumb/v7-m/nofp\libc.a
LOAD C:/PROGRA~2/ARMGNU~1/13C7F1~1.2RE/bin/../lib/gcc/arm-none-eabi/13.2.1/thumb/v7-m/nofp\libm.a
LOAD C:/PROGRA~2/ARMGNU~1/13C7F1~1.2RE/bin/../lib/gcc/arm-none-eabi/13.2.1/thumb/v7-m/nofp\libgcc.a

.debug_frame    0x00000000      0xf58
 .debug_frame   0x00000000       0x2c C:/PROGRA~2/ARMGNU~1/13C7F1~1.2RE/bin/../lib/gcc/arm-none-eabi/13.2.1/thumb/v7-m/nofp\libc_nano.a(libc_a-init.o)
 .debug_frame   0x0000002c       0xac CMakeFiles/cmake.dir/Core/Src/main.c.obj
 .debug_frame   0x000000d8      0x104 CMakeFiles/cmake.dir/Core/Src/stm32f1xx_it.c.obj
 .debug_frame   0x000001dc       0x80 CMakeFiles/cmake.dir/Core/Src/stm32f1xx_hal_msp.c.obj
 .debug_frame   0x0000025c      0x824 CMakeFiles/cmake.dir/Drivers/STM32F1xx_HAL_Driver/Src/stm32f1xx_hal_spi.c.obj
 .debug_frame   0x00000a80      0x334 CMakeFiles/cmake.dir/Drivers/STM32F1xx_HAL_Driver/Src/stm32f1xx_hal.c.obj
 .debug_frame   0x00000db4      0x14c CMakeFiles/cmake.dir/Drivers/STM32F1xx_HAL_Driver/Src/stm32f1xx_hal_gpio.c.obj
 .debug_frame   0x00000f00       0x58 CMakeFiles/cmake.dir/Core/Src/system_stm32f1xx.c.obj

.debug_info     0x00000000     0x3497
 .debug_info    0x00000000      0x837 CMakeFiles/cmake.dir/Core/Src/main.c.obj
 .debug_info    0x00000837      0x113 CMakeFiles/cmake.dir/Core/Src/stm32f1xx_it.c.obj
 .debug_info    0x0000094a      0x81f CMakeFiles/cmake.dir/Core/Src/stm32f1xx_hal_msp.c.obj
 .debug_info    0x00001169     0x142d CMakeFiles/cmake.dir/Drivers/STM32F1xx_HAL_Driver/Src/stm32f1xx_hal_spi.c.obj
 .debug_info    0x00002596      0x704 CMakeFiles/cmake.dir/Drivers/STM32F1xx_HAL_Driver/Src/stm32f1xx_hal.c.obj
 .debug_info    0x00002c9a      0x5ab CMakeFiles/cmake.dir/Drivers/STM32F1xx_HAL_Driver/Src/stm32f1xx_hal_gpio.c.obj
 .debug_info    0x00003245      0x222 CMakeFiles/cmake.dir/Core/Src/system_stm32f1xx.c.obj
 .debug_info    0x00003467       0x30 CMakeFiles/cmake.dir/startup_stm32f103xb.s.obj

.debug_abbrev   0x00000000      0xbc2
 .debug_abbrev  0x00000000      0x1fb CMakeFiles/cmake.dir/Core/Src/main.c.obj
 .debug_abbrev  0x000001fb       0x73 CMakeFiles/cmake.dir/Core/Src/stm32f1xx_it.c.obj
 .debug_abbrev  0x0000026e      0x1ac CMakeFiles/cmake.dir/Core/Src/stm32f1xx_hal_msp.c.obj
 .debug_abbrev  0x0000041a      0x27a CMakeFiles/cmake.dir/Drivers/STM32F1xx_HAL_Driver/Src/stm32f1xx_hal_spi.c.obj
 .debug_abbrev  0x00000694      0x201 CMakeFiles/cmake.dir/Drivers/STM32F1xx_HAL_Driver/Src/stm32f1xx_hal.c.obj
 .debug_abbrev  0x00000895      0x1ca CMakeFiles/cmake.dir/Drivers/STM32F1xx_HAL_Driver/Src/stm32f1xx_hal_gpio.c.obj
 .debug_abbrev  0x00000a5f      0x13f CMakeFiles/cmake.dir/Core/Src/system_stm32f1xx.c.obj
 .debug_abbrev  0x00000b9e       0x24 CMakeFiles/cmake.dir/startup_stm32f103xb.s.obj

.debug_aranges  0x00000000      0x428
 .debug_aranges
                0x00000000       0x40 CMakeFiles/cmake.dir/Core/Src/main.c.obj
 .debug_aranges
                0x00000040       0x60 CMakeFiles/cmake.dir/Core/Src/stm32f1xx_it.c.obj
 .debug_aranges
                0x000000a0       0x30 CMakeFiles/cmake.dir/Core/Src/stm32f1xx_hal_msp.c.obj
 .debug_aranges
                0x000000d0      0x1d0 CMakeFiles/cmake.dir/Drivers/STM32F1xx_HAL_Driver/Src/stm32f1xx_hal_spi.c.obj
 .debug_aranges
                0x000002a0       0xe0 CMakeFiles/cmake.dir/Drivers/STM32F1xx_HAL_Driver/Src/stm32f1xx_hal.c.obj
 .debug_aranges
                0x00000380       0x58 CMakeFiles/cmake.dir/Drivers/STM32F1xx_HAL_Driver/Src/stm32f1xx_hal_gpio.c.obj
 .debug_aranges
                0x000003d8       0x28 CMakeFiles/cmake.dir/Core/Src/system_stm32f1xx.c.obj
 .debug_aranges
                0x00000400       0x28 CMakeFiles/cmake.dir/startup_stm32f103xb.s.obj

.debug_rnglists
                0x00000000      0x311
 .debug_rnglists
                0x00000000       0x2b CMakeFiles/cmake.dir/Core/Src/main.c.obj
 .debug_rnglists
                0x0000002b       0x43 CMakeFiles/cmake.dir/Core/Src/stm32f1xx_it.c.obj
 .debug_rnglists
                0x0000006e       0x20 CMakeFiles/cmake.dir/Core/Src/stm32f1xx_hal_msp.c.obj
 .debug_rnglists
                0x0000008e      0x16e CMakeFiles/cmake.dir/Drivers/STM32F1xx_HAL_Driver/Src/stm32f1xx_hal_spi.c.obj
 .debug_rnglists
                0x000001fc       0xa3 CMakeFiles/cmake.dir/Drivers/STM32F1xx_HAL_Driver/Src/stm32f1xx_hal.c.obj
 .debug_rnglists
                0x0000029f       0x3f CMakeFiles/cmake.dir/Drivers/STM32F1xx_HAL_Driver/Src/stm32f1xx_hal_gpio.c.obj
 .debug_rnglists
                0x000002de       0x1a CMakeFiles/cmake.dir/Core/Src/system_stm32f1xx.c.obj
 .debug_rnglists
                0x000002f8       0x19 CMakeFiles/cmake.dir/startup_stm32f103xb.s.obj

.debug_macro    0x00000000    0x15a4c
 .debug_macro   0x00000000      0x19d CMakeFiles/cmake.dir/Core/Src/main.c.obj
 .debug_macro   0x0000019d      0xacc CMakeFiles/cmake.dir/Core/Src/main.c.obj
 .debug_macro   0x00000c69      0x215 CMakeFiles/cmake.dir/Core/Src/main.c.obj
 .debug_macro   0x00000e7e       0x2e CMakeFiles/cmake.dir/Core/Src/main.c.obj
 .debug_macro   0x00000eac       0x22 CMakeFiles/cmake.dir/Core/Src/main.c.obj
 .debug_macro   0x00000ece       0x22 CMakeFiles/cmake.dir/Core/Src/main.c.obj
 .debug_macro   0x00000ef0       0x8e CMakeFiles/cmake.dir/Core/Src/main.c.obj
 .debug_macro   0x00000f7e       0x51 CMakeFiles/cmake.dir/Core/Src/main.c.obj
 .debug_macro   0x00000fcf      0x103 CMakeFiles/cmake.dir/Core/Src/main.c.obj
 .debug_macro   0x000010d2       0x6a CMakeFiles/cmake.dir/Core/Src/main.c.obj
 .debug_macro   0x0000113c      0x1df CMakeFiles/cmake.dir/Core/Src/main.c.obj
 .debug_macro   0x0000131b       0x1c CMakeFiles/cmake.dir/Core/Src/main.c.obj
 .debug_macro   0x00001337       0x22 CMakeFiles/cmake.dir/Core/Src/main.c.obj
 .debug_macro   0x00001359       0xbd CMakeFiles/cmake.dir/Core/Src/main.c.obj
 .debug_macro   0x00001416      0xd23 CMakeFiles/cmake.dir/Core/Src/main.c.obj
 .debug_macro   0x00002139     0xe09e CMakeFiles/cmake.dir/Core/Src/main.c.obj
 .debug_macro   0x000101d7       0x6d CMakeFiles/cmake.dir/Core/Src/main.c.obj
 .debug_macro   0x00010244     0x34a2 CMakeFiles/cmake.dir/Core/Src/main.c.obj
 .debug_macro   0x000136e6      0x190 CMakeFiles/cmake.dir/Core/Src/main.c.obj
 .debug_macro   0x00013876       0x5c CMakeFiles/cmake.dir/Core/Src/main.c.obj
 .debug_macro   0x000138d2      0x5bc CMakeFiles/cmake.dir/Core/Src/main.c.obj
 .debug_macro   0x00013e8e      0x289 CMakeFiles/cmake.dir/Core/Src/main.c.obj
 .debug_macro   0x00014117      0x1cb CMakeFiles/cmake.dir/Core/Src/main.c.obj
 .debug_macro   0x000142e2      0x114 CMakeFiles/cmake.dir/Core/Src/main.c.obj
 .debug_macro   0x000143f6      0x1b2 CMakeFiles/cmake.dir/Core/Src/main.c.obj
 .debug_macro   0x000145a8       0x27 CMakeFiles/cmake.dir/Core/Src/main.c.obj
 .debug_macro   0x000145cf      0x136 CMakeFiles/cmake.dir/Core/Src/main.c.obj
 .debug_macro   0x00014705      0x1bc CMakeFiles/cmake.dir/Core/Src/main.c.obj
 .debug_macro   0x000148c1       0x34 CMakeFiles/cmake.dir/Core/Src/main.c.obj
 .debug_macro   0x000148f5       0x3c CMakeFiles/cmake.dir/Core/Src/main.c.obj
 .debug_macro   0x00014931       0x57 CMakeFiles/cmake.dir/Core/Src/main.c.obj
 .debug_macro   0x00014988       0x87 CMakeFiles/cmake.dir/Core/Src/main.c.obj
 .debug_macro   0x00014a0f      0x240 CMakeFiles/cmake.dir/Core/Src/main.c.obj
 .debug_macro   0x00014c4f      0x140 CMakeFiles/cmake.dir/Core/Src/main.c.obj
 .debug_macro   0x00014d8f      0x217 CMakeFiles/cmake.dir/Core/Src/main.c.obj
 .debug_macro   0x00014fa6       0x83 CMakeFiles/cmake.dir/Core/Src/main.c.obj
 .debug_macro   0x00015029       0x10 CMakeFiles/cmake.dir/Core/Src/main.c.obj
 .debug_macro   0x00015039      0x1a7 CMakeFiles/cmake.dir/Core/Src/stm32f1xx_it.c.obj
 .debug_macro   0x000151e0      0x19d CMakeFiles/cmake.dir/Core/Src/stm32f1xx_hal_msp.c.obj
 .debug_macro   0x0001537d      0x196 CMakeFiles/cmake.dir/Drivers/STM32F1xx_HAL_Driver/Src/stm32f1xx_hal_spi.c.obj
 .debug_macro   0x00015513      0x1b2 CMakeFiles/cmake.dir/Drivers/STM32F1xx_HAL_Driver/Src/stm32f1xx_hal.c.obj
 .debug_macro   0x000156c5      0x1f9 CMakeFiles/cmake.dir/Drivers/STM32F1xx_HAL_Driver/Src/stm32f1xx_hal_gpio.c.obj
 .debug_macro   0x000158be      0x18e CMakeFiles/cmake.dir/Core/Src/system_stm32f1xx.c.obj

.debug_line     0x00000000     0x46f6
 .debug_line    0x00000000      0x6a6 CMakeFiles/cmake.dir/Core/Src/main.c.obj
 .debug_line    0x000006a6      0x692 CMakeFiles/cmake.dir/Core/Src/stm32f1xx_it.c.obj
 .debug_line    0x00000d38      0x637 CMakeFiles/cmake.dir/Core/Src/stm32f1xx_hal_msp.c.obj
 .debug_line    0x0000136f     0x1b2a CMakeFiles/cmake.dir/Drivers/STM32F1xx_HAL_Driver/Src/stm32f1xx_hal_spi.c.obj
 .debug_line    0x00002e99      0x893 CMakeFiles/cmake.dir/Drivers/STM32F1xx_HAL_Driver/Src/stm32f1xx_hal.c.obj
 .debug_line    0x0000372c      0x8f0 CMakeFiles/cmake.dir/Drivers/STM32F1xx_HAL_Driver/Src/stm32f1xx_hal_gpio.c.obj
 .debug_line    0x0000401c      0x662 CMakeFiles/cmake.dir/Core/Src/system_stm32f1xx.c.obj
 .debug_line    0x0000467e       0x78 CMakeFiles/cmake.dir/startup_stm32f103xb.s.obj

.debug_str      0x00000000    0x7d70e
 .debug_str     0x00000000    0x7d70e CMakeFiles/cmake.dir/Core/Src/main.c.obj
                              0x7c7d1 (size before relaxing)
 .debug_str     0x0007d70e    0x7c28b CMakeFiles/cmake.dir/Core/Src/stm32f1xx_it.c.obj
 .debug_str     0x0007d70e    0x7c6d1 CMakeFiles/cmake.dir/Core/Src/stm32f1xx_hal_msp.c.obj
 .debug_str     0x0007d70e    0x7cb9b CMakeFiles/cmake.dir/Drivers/STM32F1xx_HAL_Driver/Src/stm32f1xx_hal_spi.c.obj
 .debug_str     0x0007d70e    0x7c9a8 CMakeFiles/cmake.dir/Drivers/STM32F1xx_HAL_Driver/Src/stm32f1xx_hal.c.obj
 .debug_str     0x0007d70e    0x7c5fb CMakeFiles/cmake.dir/Drivers/STM32F1xx_HAL_Driver/Src/stm32f1xx_hal_gpio.c.obj
 .debug_str     0x0007d70e    0x7c275 CMakeFiles/cmake.dir/Core/Src/system_stm32f1xx.c.obj
 .debug_str     0x0007d70e       0xba CMakeFiles/cmake.dir/startup_stm32f103xb.s.obj

.comment        0x00000000       0x44
 .comment       0x00000000       0x44 CMakeFiles/cmake.dir/Core/Src/main.c.obj
                                 0x45 (size before relaxing)
 .comment       0x00000044       0x45 CMakeFiles/cmake.dir/Core/Src/stm32f1xx_it.c.obj
 .comment       0x00000044       0x45 CMakeFiles/cmake.dir/Core/Src/stm32f1xx_hal_msp.c.obj
 .comment       0x00000044       0x45 CMakeFiles/cmake.dir/Drivers/STM32F1xx_HAL_Driver/Src/stm32f1xx_hal_spi.c.obj
 .comment       0x00000044       0x45 CMakeFiles/cmake.dir/Drivers/STM32F1xx_HAL_Driver/Src/stm32f1xx_hal.c.obj
 .comment       0x00000044       0x45 CMakeFiles/cmake.dir/Drivers/STM32F1xx_HAL_Driver/Src/stm32f1xx_hal_gpio.c.obj
 .comment       0x00000044       0x45 CMakeFiles/cmake.dir/Core/Src/system_stm32f1xx.c.obj

.debug_line_str
                0x00000000       0x9e
 .debug_line_str
                0x00000000       0x9e CMakeFiles/cmake.dir/startup_stm32f103xb.s.obj
