Archive member included to satisfy reference by file (symbol)

c:/progra~2/gnuarm~1/102021~1.10/bin/../lib/gcc/arm-none-eabi/10.3.1/../../../../arm-none-eabi/lib/thumb/v7-m/nofp\libc_nano.a(lib_a-exit.o)
                              c:/progra~2/gnuarm~1/102021~1.10/bin/../lib/gcc/arm-none-eabi/10.3.1/../../../../arm-none-eabi/lib/thumb/v7-m/nofp/crt0.o (exit)
c:/progra~2/gnuarm~1/102021~1.10/bin/../lib/gcc/arm-none-eabi/10.3.1/../../../../arm-none-eabi/lib/thumb/v7-m/nofp\libc_nano.a(lib_a-impure.o)
                              c:/progra~2/gnuarm~1/102021~1.10/bin/../lib/gcc/arm-none-eabi/10.3.1/../../../../arm-none-eabi/lib/thumb/v7-m/nofp\libc_nano.a(lib_a-exit.o) (_global_impure_ptr)
c:/progra~2/gnuarm~1/102021~1.10/bin/../lib/gcc/arm-none-eabi/10.3.1/../../../../arm-none-eabi/lib/thumb/v7-m/nofp\libc_nano.a(lib_a-init.o)
                              c:/progra~2/gnuarm~1/102021~1.10/bin/../lib/gcc/arm-none-eabi/10.3.1/../../../../arm-none-eabi/lib/thumb/v7-m/nofp/crt0.o (__libc_init_array)
c:/progra~2/gnuarm~1/102021~1.10/bin/../lib/gcc/arm-none-eabi/10.3.1/../../../../arm-none-eabi/lib/thumb/v7-m/nofp\libc_nano.a(lib_a-memset.o)
                              c:/progra~2/gnuarm~1/102021~1.10/bin/../lib/gcc/arm-none-eabi/10.3.1/../../../../arm-none-eabi/lib/thumb/v7-m/nofp/crt0.o (memset)
c:/progra~2/gnuarm~1/102021~1.10/bin/../lib/gcc/arm-none-eabi/10.3.1/../../../../arm-none-eabi/lib/thumb/v7-m/nofp\libg_nano.a(lib_a-errno.o)
                              CMakeFiles/cmake.dir/Core/Src/sysmem.c.obj (__errno)

Discarded input sections

 .text          0x00000000        0x0 c:/progra~2/gnuarm~1/102021~1.10/bin/../lib/gcc/arm-none-eabi/10.3.1/thumb/v7-m/nofp/crti.o
 .data          0x00000000        0x0 c:/progra~2/gnuarm~1/102021~1.10/bin/../lib/gcc/arm-none-eabi/10.3.1/thumb/v7-m/nofp/crti.o
 .bss           0x00000000        0x0 c:/progra~2/gnuarm~1/102021~1.10/bin/../lib/gcc/arm-none-eabi/10.3.1/thumb/v7-m/nofp/crti.o
 .data          0x00000000        0x4 c:/progra~2/gnuarm~1/102021~1.10/bin/../lib/gcc/arm-none-eabi/10.3.1/thumb/v7-m/nofp/crtbegin.o
 .rodata        0x00000000       0x24 c:/progra~2/gnuarm~1/102021~1.10/bin/../lib/gcc/arm-none-eabi/10.3.1/thumb/v7-m/nofp/crtbegin.o
 .text          0x00000000       0x7c c:/progra~2/gnuarm~1/102021~1.10/bin/../lib/gcc/arm-none-eabi/10.3.1/../../../../arm-none-eabi/lib/thumb/v7-m/nofp/crt0.o
 .data          0x00000000        0x0 c:/progra~2/gnuarm~1/102021~1.10/bin/../lib/gcc/arm-none-eabi/10.3.1/../../../../arm-none-eabi/lib/thumb/v7-m/nofp/crt0.o
 .bss           0x00000000        0x0 c:/progra~2/gnuarm~1/102021~1.10/bin/../lib/gcc/arm-none-eabi/10.3.1/../../../../arm-none-eabi/lib/thumb/v7-m/nofp/crt0.o
 .ARM.extab     0x00000000        0x0 c:/progra~2/gnuarm~1/102021~1.10/bin/../lib/gcc/arm-none-eabi/10.3.1/../../../../arm-none-eabi/lib/thumb/v7-m/nofp/crt0.o
 .ARM.exidx     0x00000000       0x10 c:/progra~2/gnuarm~1/102021~1.10/bin/../lib/gcc/arm-none-eabi/10.3.1/../../../../arm-none-eabi/lib/thumb/v7-m/nofp/crt0.o
 .ARM.attributes
                0x00000000       0x1b c:/progra~2/gnuarm~1/102021~1.10/bin/../lib/gcc/arm-none-eabi/10.3.1/../../../../arm-none-eabi/lib/thumb/v7-m/nofp/crt0.o
 .text          0x00000000        0x0 c:/progra~2/gnuarm~1/102021~1.10/bin/../lib/gcc/arm-none-eabi/10.3.1/../../../../arm-none-eabi/lib/thumb/v7-m/nofp\libc_nano.a(lib_a-exit.o)
 .data          0x00000000        0x0 c:/progra~2/gnuarm~1/102021~1.10/bin/../lib/gcc/arm-none-eabi/10.3.1/../../../../arm-none-eabi/lib/thumb/v7-m/nofp\libc_nano.a(lib_a-exit.o)
 .bss           0x00000000        0x0 c:/progra~2/gnuarm~1/102021~1.10/bin/../lib/gcc/arm-none-eabi/10.3.1/../../../../arm-none-eabi/lib/thumb/v7-m/nofp\libc_nano.a(lib_a-exit.o)
 .text.exit     0x00000000       0x28 c:/progra~2/gnuarm~1/102021~1.10/bin/../lib/gcc/arm-none-eabi/10.3.1/../../../../arm-none-eabi/lib/thumb/v7-m/nofp\libc_nano.a(lib_a-exit.o)
 .debug_frame   0x00000000       0x28 c:/progra~2/gnuarm~1/102021~1.10/bin/../lib/gcc/arm-none-eabi/10.3.1/../../../../arm-none-eabi/lib/thumb/v7-m/nofp\libc_nano.a(lib_a-exit.o)
 .ARM.attributes
                0x00000000       0x2d c:/progra~2/gnuarm~1/102021~1.10/bin/../lib/gcc/arm-none-eabi/10.3.1/../../../../arm-none-eabi/lib/thumb/v7-m/nofp\libc_nano.a(lib_a-exit.o)
 .text          0x00000000        0x0 c:/progra~2/gnuarm~1/102021~1.10/bin/../lib/gcc/arm-none-eabi/10.3.1/../../../../arm-none-eabi/lib/thumb/v7-m/nofp\libc_nano.a(lib_a-impure.o)
 .data          0x00000000        0x0 c:/progra~2/gnuarm~1/102021~1.10/bin/../lib/gcc/arm-none-eabi/10.3.1/../../../../arm-none-eabi/lib/thumb/v7-m/nofp\libc_nano.a(lib_a-impure.o)
 .bss           0x00000000        0x0 c:/progra~2/gnuarm~1/102021~1.10/bin/../lib/gcc/arm-none-eabi/10.3.1/../../../../arm-none-eabi/lib/thumb/v7-m/nofp\libc_nano.a(lib_a-impure.o)
 .data._impure_ptr
[...]
Memory Configuration

Name             Origin             Length             Attributes
RAM              0x20000000         0x00005000         xrw
FLASH            0x08000000         0x00010000         xr
*default*        0x00000000         0xffffffff

Linker script and memory map

LOAD c:/progra~2/gnuarm~1/102021~1.10/bin/../lib/gcc/arm-none-eabi/10.3.1/thumb/v7-m/nofp/crti.o
LOAD c:/progra~2/gnuarm~1/102021~1.10/bin/../lib/gcc/arm-none-eabi/10.3.1/thumb/v7-m/nofp/crtbegin.o
LOAD c:/progra~2/gnuarm~1/102021~1.10/bin/../lib/gcc/arm-none-eabi/10.3.1/../../../../arm-none-eabi/lib/thumb/v7-m/nofp/crt0.o
START GROUP
LOAD c:/progra~2/gnuarm~1/102021~1.10/bin/../lib/gcc/arm-none-eabi/10.3.1/../../../../arm-none-eabi/lib/thumb/v7-m/nofp\libc_nano.a
LOAD c:/progra~2/gnuarm~1/102021~1.10/bin/../lib/gcc/arm-none-eabi/10.3.1/../../../../arm-none-eabi/lib/thumb/v7-m/nofp\libm.a
END GROUP
LOAD CMakeFiles/cmake.dir/Core/Src/main.c.obj
LOAD CMakeFiles/cmake.dir/Core/Src/stm32f1xx_it.c.obj
LOAD CMakeFiles/cmake.dir/Core/Src/stm32f1xx_hal_msp.c.obj
LOAD CMakeFiles/cmake.dir/Drivers/STM32F1xx_HAL_Driver/Src/stm32f1xx_hal_gpio_ex.c.obj
LOAD CMakeFiles/cmake.dir/Drivers/STM32F1xx_HAL_Driver/Src/stm32f1xx_hal_spi.c.obj
LOAD CMakeFiles/cmake.dir/Drivers/STM32F1xx_HAL_Driver/Src/stm32f1xx_hal.c.obj
LOAD CMakeFiles/cmake.dir/Drivers/STM32F1xx_HAL_Driver/Src/stm32f1xx_hal_rcc.c.obj
LOAD CMakeFiles/cmake.dir/Drivers/STM32F1xx_HAL_Driver/Src/stm32f1xx_hal_rcc_ex.c.obj
LOAD CMakeFiles/cmake.dir/Drivers/STM32F1xx_HAL_Driver/Src/stm32f1xx_hal_gpio.c.obj
LOAD CMakeFiles/cmake.dir/Drivers/STM32F1xx_HAL_Driver/Src/stm32f1xx_hal_dma.c.obj
LOAD CMakeFiles/cmake.dir/Drivers/STM32F1xx_HAL_Driver/Src/stm32f1xx_hal_cortex.c.obj
LOAD CMakeFiles/cmake.dir/Drivers/STM32F1xx_HAL_Driver/Src/stm32f1xx_hal_pwr.c.obj
LOAD CMakeFiles/cmake.dir/Drivers/STM32F1xx_HAL_Driver/Src/stm32f1xx_hal_flash.c.obj
LOAD CMakeFiles/cmake.dir/Drivers/STM32F1xx_HAL_Driver/Src/stm32f1xx_hal_flash_ex.c.obj
LOAD CMakeFiles/cmake.dir/Drivers/STM32F1xx_HAL_Driver/Src/stm32f1xx_hal_exti.c.obj
LOAD CMakeFiles/cmake.dir/Drivers/STM32F1xx_HAL_Driver/Src/stm32f1xx_hal_tim.c.obj
LOAD CMakeFiles/cmake.dir/Drivers/STM32F1xx_HAL_Driver/Src/stm32f1xx_hal_tim_ex.c.obj
LOAD CMakeFiles/cmake.dir/Core/Src/system_stm32f1xx.c.obj
LOAD CMakeFiles/cmake.dir/Core/Src/sysmem.c.obj
LOAD CMakeFiles/cmake.dir/Core/Src/syscalls.c.obj
LOAD CMakeFiles/cmake.dir/startup_stm32f103xb.s.obj
START GROUP
LOAD c:/progra~2/gnuarm~1/102021~1.10/bin/../lib/gcc/arm-none-eabi/10.3.1/thumb/v7-m/nofp\libgcc.a
LOAD c:/progra~2/gnuarm~1/102021~1.10/bin/../lib/gcc/arm-none-eabi/10.3.1/../../../../arm-none-eabi/lib/thumb/v7-m/nofp\libg_nano.a
LOAD c:/progra~2/gnuarm~1/102021~1.10/bin/../lib/gcc/arm-none-eabi/10.3.1/../../../../arm-none-eabi/lib/thumb/v7-m/nofp\libc_nano.a
END GROUP
START GROUP
LOAD c:/progra~2/gnuarm~1/102021~1.10/bin/../lib/gcc/arm-none-eabi/10.3.1/thumb/v7-m/nofp\libgcc.a
LOAD c:/progra~2/gnuarm~1/102021~1.10/bin/../lib/gcc/arm-none-eabi/10.3.1/../../../../arm-none-eabi/lib/thumb/v7-m/nofp\libc_nano.a
END GROUP
LOAD c:/progra~2/gnuarm~1/102021~1.10/bin/../lib/gcc/arm-none-eabi/10.3.1/thumb/v7-m/nofp/crtend.o
LOAD c:/progra~2/gnuarm~1/102021~1.10/bin/../lib/gcc/arm-none-eabi/10.3.1/thumb/v7-m/nofp/crtn.o
                0x20005000                _estack = (ORIGIN (RAM) + LENGTH (RAM))
                0x00000200                _Min_Heap_Size = 0x200
                0x00000400                _Min_Stack_Size = 0x400

.isr_vector     0x08000000      0x10c
                0x08000000                . = ALIGN (0x4)
 *(.isr_vector)
 .isr_vector    0x08000000      0x10c CMakeFiles/cmake.dir/startup_stm32f103xb.s.obj
                0x08000000                g_pfnVectors
                0x0800010c                . = ALIGN (0x4)

.text           0x0800010c      0x6c4
                0x0800010c                . = ALIGN (0x4)
 *(.text)
 .text          0x0800010c       0x40 c:/progra~2/gnuarm~1/102021~1.10/bin/../lib/gcc/arm-none-eabi/10.3.1/thumb/v7-m/nofp/crtbegin.o
 *(.text*)
 .text.__libc_init_array
                0x0800014c       0x48 c:/progra~2/gnuarm~1/102021~1.10/bin/../lib/gcc/arm-none-eabi/10.3.1/../../../../arm-none-eabi/lib/thumb/v7-m/nofp\libc_nano.a(lib_a-init.o)
                0x0800014c                __libc_init_array
 .text.main     0x08000194       0x12 CMakeFiles/cmake.dir/Core/Src/main.c.obj
                0x08000194                main
 *fill*         0x080001a6        0x2 
 .text.MX_SPI1_Init
                0x080001a8       0x6c CMakeFiles/cmake.dir/Core/Src/main.c.obj
 .text.MX_GPIO_Init
                0x08000214       0x2c CMakeFiles/cmake.dir/Core/Src/main.c.obj
 .text.Error_Handler
                0x08000240        0xa CMakeFiles/cmake.dir/Core/Src/main.c.obj
                0x08000240                Error_Handler
 .text.NMI_Handler
                0x0800024a        0x6 CMakeFiles/cmake.dir/Core/Src/stm32f1xx_it.c.obj
                0x0800024a                NMI_Handler
 .text.HardFault_Handler
                0x08000250        0x6 CMakeFiles/cmake.dir/Core/Src/stm32f1xx_it.c.obj
                0x08000250                HardFault_Handler
 .text.MemManage_Handler
                0x08000256        0x6 CMakeFiles/cmake.dir/Core/Src/stm32f1xx_it.c.obj
                0x08000256                MemManage_Handler
 .text.BusFault_Handler
                0x0800025c        0x6 CMakeFiles/cmake.dir/Core/Src/stm32f1xx_it.c.obj
                0x0800025c                BusFault_Handler
 .text.UsageFault_Handler
                0x08000262        0x6 CMakeFiles/cmake.dir/Core/Src/stm32f1xx_it.c.obj
                0x08000262                UsageFault_Handler
 .text.SVC_Handler
                0x08000268        0xc CMakeFiles/cmake.dir/Core/Src/stm32f1xx_it.c.obj
                0x08000268                SVC_Handler
 .text.DebugMon_Handler
                0x08000274        0xc CMakeFiles/cmake.dir/Core/Src/stm32f1xx_it.c.obj
                0x08000274                DebugMon_Handler
 .text.PendSV_Handler
                0x08000280        0xc CMakeFiles/cmake.dir/Core/Src/stm32f1xx_it.c.obj
                0x08000280                PendSV_Handler
 .text.SysTick_Handler
                0x0800028c        0xc CMakeFiles/cmake.dir/Core/Src/stm32f1xx_it.c.obj
                0x0800028c                SysTick_Handler
 .text.HAL_SPI_MspInit
                0x08000298       0x94 CMakeFiles/cmake.dir/Core/Src/stm32f1xx_hal_msp.c.obj
                0x08000298                HAL_SPI_MspInit
 .text.HAL_SPI_Init
                0x0800032c      0x108 CMakeFiles/cmake.dir/Drivers/STM32F1xx_HAL_Driver/Src/stm32f1xx_hal_spi.c.obj
                0x0800032c                HAL_SPI_Init
 .text.HAL_IncTick
                0x08000434       0x24 CMakeFiles/cmake.dir/Drivers/STM32F1xx_HAL_Driver/Src/stm32f1xx_hal.c.obj
                0x08000434                HAL_IncTick
 .text.HAL_GPIO_Init
                0x08000458      0x308 CMakeFiles/cmake.dir/Drivers/STM32F1xx_HAL_Driver/Src/stm32f1xx_hal_gpio.c.obj
                0x08000458                HAL_GPIO_Init
 .text.SystemInit
                0x08000760        0xc CMakeFiles/cmake.dir/Core/Src/system_stm32f1xx.c.obj
                0x08000760                SystemInit
 .text.Reset_Handler
                0x0800076c       0x48 CMakeFiles/cmake.dir/startup_stm32f103xb.s.obj
                0x0800076c                Reset_Handler
 .text.Default_Handler
                0x080007b4        0x2 CMakeFiles/cmake.dir/startup_stm32f103xb.s.obj
                0x080007b4                RTC_Alarm_IRQHandler
                0x080007b4                EXTI2_IRQHandler
                0x080007b4                TIM1_CC_IRQHandler
                0x080007b4                PVD_IRQHandler
                0x080007b4                EXTI3_IRQHandler
                0x080007b4                EXTI0_IRQHandler
                0x080007b4                I2C2_EV_IRQHandler
                0x080007b4                ADC1_2_IRQHandler
                0x080007b4                SPI1_IRQHandler
                0x080007b4                TAMPER_IRQHandler
                0x080007b4                DMA1_Channel4_IRQHandler
                0x080007b4                USART3_IRQHandler
                0x080007b4                RTC_IRQHandler
                0x080007b4                DMA1_Channel7_IRQHandler
                0x080007b4                CAN1_RX1_IRQHandler
                0x080007b4                TIM4_IRQHandler
                0x080007b4                I2C1_EV_IRQHandler
                0x080007b4                DMA1_Channel6_IRQHandler
                0x080007b4                TIM3_IRQHandler
                0x080007b4                RCC_IRQHandler
                0x080007b4                TIM1_TRG_COM_IRQHandler
                0x080007b4                DMA1_Channel1_IRQHandler
                0x080007b4                Default_Handler
                0x080007b4                EXTI15_10_IRQHandler
                0x080007b4                EXTI9_5_IRQHandler
                0x080007b4                SPI2_IRQHandler
                0x080007b4                DMA1_Channel5_IRQHandler
                0x080007b4                EXTI4_IRQHandler
                0x080007b4                USB_LP_CAN1_RX0_IRQHandler
                0x080007b4                USB_HP_CAN1_TX_IRQHandler
                0x080007b4                DMA1_Channel3_IRQHandler
                0x080007b4                TIM1_UP_IRQHandler
                0x080007b4                WWDG_IRQHandler
                0x080007b4                TIM2_IRQHandler
                0x080007b4                TIM1_BRK_IRQHandler
                0x080007b4                EXTI1_IRQHandler
                0x080007b4                USART2_IRQHandler
                0x080007b4                I2C2_ER_IRQHandler
                0x080007b4                DMA1_Channel2_IRQHandler
                0x080007b4                CAN1_SCE_IRQHandler
                0x080007b4                FLASH_IRQHandler
                0x080007b4                USART1_IRQHandler
                0x080007b4                I2C1_ER_IRQHandler
                0x080007b4                USBWakeUp_IRQHandler
 *(.glue_7)
 .glue_7        0x080007b6        0x0 linker stubs
 *(.glue_7t)
 .glue_7t       0x080007b6        0x0 linker stubs
 *(.eh_frame)
 *fill*         0x080007b6        0x2 
 .eh_frame      0x080007b8        0x0 c:/progra~2/gnuarm~1/102021~1.10/bin/../lib/gcc/arm-none-eabi/10.3.1/thumb/v7-m/nofp/crtbegin.o
 *(.init)
 .init          0x080007b8        0x4 c:/progra~2/gnuarm~1/102021~1.10/bin/../lib/gcc/arm-none-eabi/10.3.1/thumb/v7-m/nofp/crti.o
                0x080007b8                _init
 .init          0x080007bc        0x8 c:/progra~2/gnuarm~1/102021~1.10/bin/../lib/gcc/arm-none-eabi/10.3.1/thumb/v7-m/nofp/crtn.o
 *(.fini)
 .fini          0x080007c4        0x4 c:/progra~2/gnuarm~1/102021~1.10/bin/../lib/gcc/arm-none-eabi/10.3.1/thumb/v7-m/nofp/crti.o
                0x080007c4                _fini
 .fini          0x080007c8        0x8 c:/progra~2/gnuarm~1/102021~1.10/bin/../lib/gcc/arm-none-eabi/10.3.1/thumb/v7-m/nofp/crtn.o
                0x080007d0                . = ALIGN (0x4)
                0x080007d0                _etext = .

.vfp11_veneer   0x080007d0        0x0
 .vfp11_veneer  0x080007d0        0x0 linker stubs

.v4_bx          0x080007d0        0x0
 .v4_bx         0x080007d0        0x0 linker stubs

.iplt           0x080007d0        0x0
 .iplt          0x080007d0        0x0 c:/progra~2/gnuarm~1/102021~1.10/bin/../lib/gcc/arm-none-eabi/10.3.1/thumb/v7-m/nofp/crtbegin.o

.rel.dyn        0x080007d0        0x0
 .rel.iplt      0x080007d0        0x0 c:/progra~2/gnuarm~1/102021~1.10/bin/../lib/gcc/arm-none-eabi/10.3.1/thumb/v7-m/nofp/crtbegin.o

.rodata         0x080007d0        0x0
                0x080007d0                . = ALIGN (0x4)
 *(.rodata)
 *(.rodata*)
                0x080007d0                . = ALIGN (0x4)

.ARM.extab
 *(.ARM.extab* .gnu.linkonce.armextab.*)

.ARM            0x080007d0        0x0
                0x080007d0                __exidx_start = .
 *(.ARM.exidx*)
                0x080007d0                __exidx_end = .

.preinit_array  0x080007d0        0x0
                0x080007d0                PROVIDE (__preinit_array_start = .)
 *(.preinit_array*)
                0x080007d0                PROVIDE (__preinit_array_end = .)

.init_array     0x080007d0        0x4
                0x080007d0                PROVIDE (__init_array_start = .)
 *(SORT_BY_NAME(.init_array.*))
 *(.init_array*)
 .init_array    0x080007d0        0x4 c:/progra~2/gnuarm~1/102021~1.10/bin/../lib/gcc/arm-none-eabi/10.3.1/thumb/v7-m/nofp/crtbegin.o
                0x080007d4                PROVIDE (__init_array_end = .)

.fini_array     0x080007d4        0x4
                [!provide]                PROVIDE (__fini_array_start = .)
 *(SORT_BY_NAME(.fini_array.*))
 *(.fini_array*)
 .fini_array    0x080007d4        0x4 c:/progra~2/gnuarm~1/102021~1.10/bin/../lib/gcc/arm-none-eabi/10.3.1/thumb/v7-m/nofp/crtbegin.o
                [!provide]                PROVIDE (__fini_array_end = .)
                0x080007d8                _sidata = LOADADDR (.data)

.data           0x20000000        0x4 load address 0x080007d8
                0x20000000                . = ALIGN (0x4)
                0x20000000                _sdata = .
 *(.data)
 *(.data*)
 .data.uwTickFreq
                0x20000000        0x1 CMakeFiles/cmake.dir/Drivers/STM32F1xx_HAL_Driver/Src/stm32f1xx_hal.c.obj
                0x20000000                uwTickFreq
                0x20000004                . = ALIGN (0x4)
 *fill*         0x20000001        0x3 
                0x20000004                _edata = .

.igot.plt       0x20000004        0x0 load address 0x080007dc
 .igot.plt      0x20000004        0x0 c:/progra~2/gnuarm~1/102021~1.10/bin/../lib/gcc/arm-none-eabi/10.3.1/thumb/v7-m/nofp/crtbegin.o
                0x20000004                . = ALIGN (0x4)

.bss            0x20000004       0x78 load address 0x080007dc
                0x20000004                _sbss = .
                0x20000004                __bss_start__ = _sbss
 *(.bss)
 .bss           0x20000004       0x1c c:/progra~2/gnuarm~1/102021~1.10/bin/../lib/gcc/arm-none-eabi/10.3.1/thumb/v7-m/nofp/crtbegin.o
 *(.bss*)
 .bss.hspi1     0x20000020       0x58 CMakeFiles/cmake.dir/Core/Src/main.c.obj
                0x20000020                hspi1
 .bss.uwTick    0x20000078        0x4 CMakeFiles/cmake.dir/Drivers/STM32F1xx_HAL_Driver/Src/stm32f1xx_hal.c.obj
                0x20000078                uwTick
 *(COMMON)
                0x2000007c                . = ALIGN (0x4)
                0x2000007c                _ebss = .
                0x2000007c                __bss_end__ = _ebss

._user_heap_stack
                0x2000007c      0x604 load address 0x080007dc
                0x20000080                . = ALIGN (0x8)
 *fill*         0x2000007c        0x4 
                [!provide]                PROVIDE (end = .)
                0x20000080                PROVIDE (_end = .)
                0x20000280                . = (. + _Min_Heap_Size)
 *fill*         0x20000080      0x200 
                0x20000680                . = (. + _Min_Stack_Size)
 *fill*         0x20000280      0x400 
                0x20000680                . = ALIGN (0x8)

/DISCARD/
 libc.a(*)
 libm.a(*)
 libgcc.a(*)

.ARM.attributes
                0x00000000       0x29
 *(.ARM.attributes)
 .ARM.attributes
                0x00000000       0x1d c:/progra~2/gnuarm~1/102021~1.10/bin/../lib/gcc/arm-none-eabi/10.3.1/thumb/v7-m/nofp/crti.o
 .ARM.attributes
                0x0000001d       0x2d c:/progra~2/gnuarm~1/102021~1.10/bin/../lib/gcc/arm-none-eabi/10.3.1/thumb/v7-m/nofp/crtbegin.o
 .ARM.attributes
                0x0000004a       0x2d c:/progra~2/gnuarm~1/102021~1.10/bin/../lib/gcc/arm-none-eabi/10.3.1/../../../../arm-none-eabi/lib/thumb/v7-m/nofp\libc_nano.a(lib_a-init.o)
 .ARM.attributes
                0x00000077       0x2d CMakeFiles/cmake.dir/Core/Src/main.c.obj
 .ARM.attributes
                0x000000a4       0x2d CMakeFiles/cmake.dir/Core/Src/stm32f1xx_it.c.obj
 .ARM.attributes
                0x000000d1       0x2d CMakeFiles/cmake.dir/Core/Src/stm32f1xx_hal_msp.c.obj
 .ARM.attributes
                0x000000fe       0x2d CMakeFiles/cmake.dir/Drivers/STM32F1xx_HAL_Driver/Src/stm32f1xx_hal_spi.c.obj
 .ARM.attributes
                0x0000012b       0x2d CMakeFiles/cmake.dir/Drivers/STM32F1xx_HAL_Driver/Src/stm32f1xx_hal.c.obj
 .ARM.attributes
                0x00000158       0x2d CMakeFiles/cmake.dir/Drivers/STM32F1xx_HAL_Driver/Src/stm32f1xx_hal_gpio.c.obj
 .ARM.attributes
                0x00000185       0x2d CMakeFiles/cmake.dir/Core/Src/system_stm32f1xx.c.obj
 .ARM.attributes
                0x000001b2       0x21 CMakeFiles/cmake.dir/startup_stm32f103xb.s.obj
 .ARM.attributes
                0x000001d3       0x1d c:/progra~2/gnuarm~1/102021~1.10/bin/../lib/gcc/arm-none-eabi/10.3.1/thumb/v7-m/nofp/crtn.o
OUTPUT(cmake.elf elf32-littlearm)
LOAD linker stubs
LOAD c:/progra~2/gnuarm~1/102021~1.10/bin/../lib/gcc/arm-none-eabi/10.3.1/../../../../arm-none-eabi/lib/thumb/v7-m/nofp\libc.a
LOAD c:/progra~2/gnuarm~1/102021~1.10/bin/../lib/gcc/arm-none-eabi/10.3.1/../../../../arm-none-eabi/lib/thumb/v7-m/nofp\libm.a
LOAD c:/progra~2/gnuarm~1/102021~1.10/bin/../lib/gcc/arm-none-eabi/10.3.1/thumb/v7-m/nofp\libgcc.a

.debug_frame    0x00000000      0xf58
 .debug_frame   0x00000000       0x2c c:/progra~2/gnuarm~1/102021~1.10/bin/../lib/gcc/arm-none-eabi/10.3.1/../../../../arm-none-eabi/lib/thumb/v7-m/nofp\libc_nano.a(lib_a-init.o)
 .debug_frame   0x0000002c       0xac CMakeFiles/cmake.dir/Core/Src/main.c.obj
 .debug_frame   0x000000d8      0x104 CMakeFiles/cmake.dir/Core/Src/stm32f1xx_it.c.obj
 .debug_frame   0x000001dc       0x80 CMakeFiles/cmake.dir/Core/Src/stm32f1xx_hal_msp.c.obj
 .debug_frame   0x0000025c      0x824 CMakeFiles/cmake.dir/Drivers/STM32F1xx_HAL_Driver/Src/stm32f1xx_hal_spi.c.obj
 .debug_frame   0x00000a80      0x334 CMakeFiles/cmake.dir/Drivers/STM32F1xx_HAL_Driver/Src/stm32f1xx_hal.c.obj
 .debug_frame   0x00000db4      0x14c CMakeFiles/cmake.dir/Drivers/STM32F1xx_HAL_Driver/Src/stm32f1xx_hal_gpio.c.obj
 .debug_frame   0x00000f00       0x58 CMakeFiles/cmake.dir/Core/Src/system_stm32f1xx.c.obj

.debug_info     0x00000000     0x3607
 .debug_info    0x00000000      0x831 CMakeFiles/cmake.dir/Core/Src/main.c.obj
 .debug_info    0x00000831      0x119 CMakeFiles/cmake.dir/Core/Src/stm32f1xx_it.c.obj
 .debug_info    0x0000094a      0x85b CMakeFiles/cmake.dir/Core/Src/stm32f1xx_hal_msp.c.obj
 .debug_info    0x000011a5     0x150d CMakeFiles/cmake.dir/Drivers/STM32F1xx_HAL_Driver/Src/stm32f1xx_hal_spi.c.obj
 .debug_info    0x000026b2      0x6e1 CMakeFiles/cmake.dir/Drivers/STM32F1xx_HAL_Driver/Src/stm32f1xx_hal.c.obj
 .debug_info    0x00002d93      0x615 CMakeFiles/cmake.dir/Drivers/STM32F1xx_HAL_Driver/Src/stm32f1xx_hal_gpio.c.obj
 .debug_info    0x000033a8      0x23d CMakeFiles/cmake.dir/Core/Src/system_stm32f1xx.c.obj
 .debug_info    0x000035e5       0x22 CMakeFiles/cmake.dir/startup_stm32f103xb.s.obj

.debug_abbrev   0x00000000      0xacc
 .debug_abbrev  0x00000000      0x1db CMakeFiles/cmake.dir/Core/Src/main.c.obj
 .debug_abbrev  0x000001db       0x61 CMakeFiles/cmake.dir/Core/Src/stm32f1xx_it.c.obj
 .debug_abbrev  0x0000023c      0x186 CMakeFiles/cmake.dir/Core/Src/stm32f1xx_hal_msp.c.obj
 .debug_abbrev  0x000003c2      0x23a CMakeFiles/cmake.dir/Drivers/STM32F1xx_HAL_Driver/Src/stm32f1xx_hal_spi.c.obj
 .debug_abbrev  0x000005fc      0x1c8 CMakeFiles/cmake.dir/Drivers/STM32F1xx_HAL_Driver/Src/stm32f1xx_hal.c.obj
 .debug_abbrev  0x000007c4      0x1bb CMakeFiles/cmake.dir/Drivers/STM32F1xx_HAL_Driver/Src/stm32f1xx_hal_gpio.c.obj
 .debug_abbrev  0x0000097f      0x13b CMakeFiles/cmake.dir/Core/Src/system_stm32f1xx.c.obj
 .debug_abbrev  0x00000aba       0x12 CMakeFiles/cmake.dir/startup_stm32f103xb.s.obj

.debug_aranges  0x00000000      0x428
 .debug_aranges
                0x00000000       0x40 CMakeFiles/cmake.dir/Core/Src/main.c.obj
 .debug_aranges
                0x00000040       0x60 CMakeFiles/cmake.dir/Core/Src/stm32f1xx_it.c.obj
 .debug_aranges
                0x000000a0       0x30 CMakeFiles/cmake.dir/Core/Src/stm32f1xx_hal_msp.c.obj
 .debug_aranges
                0x000000d0      0x1d0 CMakeFiles/cmake.dir/Drivers/STM32F1xx_HAL_Driver/Src/stm32f1xx_hal_spi.c.obj
 .debug_aranges
                0x000002a0       0xe0 CMakeFiles/cmake.dir/Drivers/STM32F1xx_HAL_Driver/Src/stm32f1xx_hal.c.obj
 .debug_aranges
                0x00000380       0x58 CMakeFiles/cmake.dir/Drivers/STM32F1xx_HAL_Driver/Src/stm32f1xx_hal_gpio.c.obj
 .debug_aranges
                0x000003d8       0x28 CMakeFiles/cmake.dir/Core/Src/system_stm32f1xx.c.obj
 .debug_aranges
                0x00000400       0x28 CMakeFiles/cmake.dir/startup_stm32f103xb.s.obj

.debug_ranges   0x00000000      0x3b0
 .debug_ranges  0x00000000       0x30 CMakeFiles/cmake.dir/Core/Src/main.c.obj
 .debug_ranges  0x00000030       0x50 CMakeFiles/cmake.dir/Core/Src/stm32f1xx_it.c.obj
 .debug_ranges  0x00000080       0x20 CMakeFiles/cmake.dir/Core/Src/stm32f1xx_hal_msp.c.obj
 .debug_ranges  0x000000a0      0x1c0 CMakeFiles/cmake.dir/Drivers/STM32F1xx_HAL_Driver/Src/stm32f1xx_hal_spi.c.obj
 .debug_ranges  0x00000260       0xd0 CMakeFiles/cmake.dir/Drivers/STM32F1xx_HAL_Driver/Src/stm32f1xx_hal.c.obj
 .debug_ranges  0x00000330       0x48 CMakeFiles/cmake.dir/Drivers/STM32F1xx_HAL_Driver/Src/stm32f1xx_hal_gpio.c.obj
 .debug_ranges  0x00000378       0x18 CMakeFiles/cmake.dir/Core/Src/system_stm32f1xx.c.obj
 .debug_ranges  0x00000390       0x20 CMakeFiles/cmake.dir/startup_stm32f103xb.s.obj

.debug_macro    0x00000000    0x159d0
 .debug_macro   0x00000000      0x19d CMakeFiles/cmake.dir/Core/Src/main.c.obj
 .debug_macro   0x0000019d      0xa6c CMakeFiles/cmake.dir/Core/Src/main.c.obj
 .debug_macro   0x00000c09      0x215 CMakeFiles/cmake.dir/Core/Src/main.c.obj
 .debug_macro   0x00000e1e       0x2e CMakeFiles/cmake.dir/Core/Src/main.c.obj
 .debug_macro   0x00000e4c       0x22 CMakeFiles/cmake.dir/Core/Src/main.c.obj
 .debug_macro   0x00000e6e       0x22 CMakeFiles/cmake.dir/Core/Src/main.c.obj
 .debug_macro   0x00000e90       0x8e CMakeFiles/cmake.dir/Core/Src/main.c.obj
 .debug_macro   0x00000f1e       0x51 CMakeFiles/cmake.dir/Core/Src/main.c.obj
 .debug_macro   0x00000f6f      0x103 CMakeFiles/cmake.dir/Core/Src/main.c.obj
 .debug_macro   0x00001072       0x6a CMakeFiles/cmake.dir/Core/Src/main.c.obj
 .debug_macro   0x000010dc      0x1df CMakeFiles/cmake.dir/Core/Src/main.c.obj
 .debug_macro   0x000012bb       0x1c CMakeFiles/cmake.dir/Core/Src/main.c.obj
 .debug_macro   0x000012d7       0x22 CMakeFiles/cmake.dir/Core/Src/main.c.obj
 .debug_macro   0x000012f9       0xbd CMakeFiles/cmake.dir/Core/Src/main.c.obj
 .debug_macro   0x000013b6      0xd23 CMakeFiles/cmake.dir/Core/Src/main.c.obj
 .debug_macro   0x000020d9     0xe09e CMakeFiles/cmake.dir/Core/Src/main.c.obj
 .debug_macro   0x00010177       0x6d CMakeFiles/cmake.dir/Core/Src/main.c.obj
 .debug_macro   0x000101e4     0x34a2 CMakeFiles/cmake.dir/Core/Src/main.c.obj
 .debug_macro   0x00013686      0x174 CMakeFiles/cmake.dir/Core/Src/main.c.obj
 .debug_macro   0x000137fa       0x5c CMakeFiles/cmake.dir/Core/Src/main.c.obj
 .debug_macro   0x00013856      0x5bc CMakeFiles/cmake.dir/Core/Src/main.c.obj
 .debug_macro   0x00013e12      0x289 CMakeFiles/cmake.dir/Core/Src/main.c.obj
 .debug_macro   0x0001409b      0x1cb CMakeFiles/cmake.dir/Core/Src/main.c.obj
 .debug_macro   0x00014266      0x114 CMakeFiles/cmake.dir/Core/Src/main.c.obj
 .debug_macro   0x0001437a      0x1b2 CMakeFiles/cmake.dir/Core/Src/main.c.obj
 .debug_macro   0x0001452c       0x27 CMakeFiles/cmake.dir/Core/Src/main.c.obj
 .debug_macro   0x00014553      0x136 CMakeFiles/cmake.dir/Core/Src/main.c.obj
 .debug_macro   0x00014689      0x1bc CMakeFiles/cmake.dir/Core/Src/main.c.obj
 .debug_macro   0x00014845       0x34 CMakeFiles/cmake.dir/Core/Src/main.c.obj
 .debug_macro   0x00014879       0x3c CMakeFiles/cmake.dir/Core/Src/main.c.obj
 .debug_macro   0x000148b5       0x57 CMakeFiles/cmake.dir/Core/Src/main.c.obj
 .debug_macro   0x0001490c       0x87 CMakeFiles/cmake.dir/Core/Src/main.c.obj
 .debug_macro   0x00014993      0x240 CMakeFiles/cmake.dir/Core/Src/main.c.obj
 .debug_macro   0x00014bd3      0x140 CMakeFiles/cmake.dir/Core/Src/main.c.obj
 .debug_macro   0x00014d13      0x217 CMakeFiles/cmake.dir/Core/Src/main.c.obj
 .debug_macro   0x00014f2a       0x83 CMakeFiles/cmake.dir/Core/Src/main.c.obj
 .debug_macro   0x00014fad       0x10 CMakeFiles/cmake.dir/Core/Src/main.c.obj
 .debug_macro   0x00014fbd      0x1a7 CMakeFiles/cmake.dir/Core/Src/stm32f1xx_it.c.obj
 .debug_macro   0x00015164      0x19d CMakeFiles/cmake.dir/Core/Src/stm32f1xx_hal_msp.c.obj
 .debug_macro   0x00015301      0x196 CMakeFiles/cmake.dir/Drivers/STM32F1xx_HAL_Driver/Src/stm32f1xx_hal_spi.c.obj
 .debug_macro   0x00015497      0x1b2 CMakeFiles/cmake.dir/Drivers/STM32F1xx_HAL_Driver/Src/stm32f1xx_hal.c.obj
 .debug_macro   0x00015649      0x1f9 CMakeFiles/cmake.dir/Drivers/STM32F1xx_HAL_Driver/Src/stm32f1xx_hal_gpio.c.obj
 .debug_macro   0x00015842      0x18e CMakeFiles/cmake.dir/Core/Src/system_stm32f1xx.c.obj

.debug_line     0x00000000     0x4805
 .debug_line    0x00000000      0x6a6 CMakeFiles/cmake.dir/Core/Src/main.c.obj
 .debug_line    0x000006a6      0x6ae CMakeFiles/cmake.dir/Core/Src/stm32f1xx_it.c.obj
 .debug_line    0x00000d54      0x63f CMakeFiles/cmake.dir/Core/Src/stm32f1xx_hal_msp.c.obj
 .debug_line    0x00001393     0x1b8a CMakeFiles/cmake.dir/Drivers/STM32F1xx_HAL_Driver/Src/stm32f1xx_hal_spi.c.obj
 .debug_line    0x00002f1d      0x897 CMakeFiles/cmake.dir/Drivers/STM32F1xx_HAL_Driver/Src/stm32f1xx_hal.c.obj
 .debug_line    0x000037b4      0x930 CMakeFiles/cmake.dir/Drivers/STM32F1xx_HAL_Driver/Src/stm32f1xx_hal_gpio.c.obj
 .debug_line    0x000040e4      0x66a CMakeFiles/cmake.dir/Core/Src/system_stm32f1xx.c.obj
 .debug_line    0x0000474e       0xb7 CMakeFiles/cmake.dir/startup_stm32f103xb.s.obj

.debug_str      0x00000000    0x7d4a4
 .debug_str     0x00000000    0x7c245 CMakeFiles/cmake.dir/Core/Src/main.c.obj
                              0x7c5c7 (size before relaxing)
 .debug_str     0x0007c245       0xfd CMakeFiles/cmake.dir/Core/Src/stm32f1xx_it.c.obj
                              0x7c0ba (size before relaxing)
 .debug_str     0x0007c342      0x104 CMakeFiles/cmake.dir/Core/Src/stm32f1xx_hal_msp.c.obj
                              0x7c4ee (size before relaxing)
 .debug_str     0x0007c446      0x5b5 CMakeFiles/cmake.dir/Drivers/STM32F1xx_HAL_Driver/Src/stm32f1xx_hal_spi.c.obj
                              0x7c99a (size before relaxing)
 .debug_str     0x0007c9fb      0x60d CMakeFiles/cmake.dir/Drivers/STM32F1xx_HAL_Driver/Src/stm32f1xx_hal.c.obj
                              0x7c794 (size before relaxing)
 .debug_str     0x0007d008      0x387 CMakeFiles/cmake.dir/Drivers/STM32F1xx_HAL_Driver/Src/stm32f1xx_hal_gpio.c.obj
                              0x7c436 (size before relaxing)
 .debug_str     0x0007d38f       0xae CMakeFiles/cmake.dir/Core/Src/system_stm32f1xx.c.obj
                              0x7c0b0 (size before relaxing)
 .debug_str     0x0007d43d       0x67 CMakeFiles/cmake.dir/startup_stm32f103xb.s.obj
                                 0xb0 (size before relaxing)

.comment        0x00000000       0x49
 .comment       0x00000000       0x49 CMakeFiles/cmake.dir/Core/Src/main.c.obj
                                 0x4a (size before relaxing)
 .comment       0x00000049       0x4a CMakeFiles/cmake.dir/Core/Src/stm32f1xx_it.c.obj
 .comment       0x00000049       0x4a CMakeFiles/cmake.dir/Core/Src/stm32f1xx_hal_msp.c.obj
 .comment       0x00000049       0x4a CMakeFiles/cmake.dir/Drivers/STM32F1xx_HAL_Driver/Src/stm32f1xx_hal_spi.c.obj
 .comment       0x00000049       0x4a CMakeFiles/cmake.dir/Drivers/STM32F1xx_HAL_Driver/Src/stm32f1xx_hal.c.obj
 .comment       0x00000049       0x4a CMakeFiles/cmake.dir/Drivers/STM32F1xx_HAL_Driver/Src/stm32f1xx_hal_gpio.c.obj
 .comment       0x00000049       0x4a CMakeFiles/cmake.dir/Core/Src/system_stm32f1xx.c.obj
